Archive member included to satisfy reference by file (symbol)

d:/st/stm32cubeide_1.7.0/stm32cubeide/plugins/com.st.stm32cube.ide.mcu.externaltools.gnu-tools-for-stm32.9-2020-q2-update.win32_2.0.0.202105311346/tools/bin/../lib/gcc/arm-none-eabi/9.3.1/../../../../arm-none-eabi/lib/thumb/v7e-m/nofp\libc_nano.a(lib_a-errno.o)
                              ./Application/User/Core/syscalls.o (__errno)
d:/st/stm32cubeide_1.7.0/stm32cubeide/plugins/com.st.stm32cube.ide.mcu.externaltools.gnu-tools-for-stm32.9-2020-q2-update.win32_2.0.0.202105311346/tools/bin/../lib/gcc/arm-none-eabi/9.3.1/../../../../arm-none-eabi/lib/thumb/v7e-m/nofp\libc_nano.a(lib_a-exit.o)
                              d:/st/stm32cubeide_1.7.0/stm32cubeide/plugins/com.st.stm32cube.ide.mcu.externaltools.gnu-tools-for-stm32.9-2020-q2-update.win32_2.0.0.202105311346/tools/bin/../lib/gcc/arm-none-eabi/9.3.1/../../../../arm-none-eabi/lib/thumb/v7e-m/nofp/crt0.o (exit)
d:/st/stm32cubeide_1.7.0/stm32cubeide/plugins/com.st.stm32cube.ide.mcu.externaltools.gnu-tools-for-stm32.9-2020-q2-update.win32_2.0.0.202105311346/tools/bin/../lib/gcc/arm-none-eabi/9.3.1/../../../../arm-none-eabi/lib/thumb/v7e-m/nofp\libc_nano.a(lib_a-impure.o)
                              d:/st/stm32cubeide_1.7.0/stm32cubeide/plugins/com.st.stm32cube.ide.mcu.externaltools.gnu-tools-for-stm32.9-2020-q2-update.win32_2.0.0.202105311346/tools/bin/../lib/gcc/arm-none-eabi/9.3.1/../../../../arm-none-eabi/lib/thumb/v7e-m/nofp\libc_nano.a(lib_a-exit.o) (_global_impure_ptr)
d:/st/stm32cubeide_1.7.0/stm32cubeide/plugins/com.st.stm32cube.ide.mcu.externaltools.gnu-tools-for-stm32.9-2020-q2-update.win32_2.0.0.202105311346/tools/bin/../lib/gcc/arm-none-eabi/9.3.1/../../../../arm-none-eabi/lib/thumb/v7e-m/nofp\libc_nano.a(lib_a-init.o)
                              d:/st/stm32cubeide_1.7.0/stm32cubeide/plugins/com.st.stm32cube.ide.mcu.externaltools.gnu-tools-for-stm32.9-2020-q2-update.win32_2.0.0.202105311346/tools/bin/../lib/gcc/arm-none-eabi/9.3.1/../../../../arm-none-eabi/lib/thumb/v7e-m/nofp/crt0.o (__libc_init_array)
d:/st/stm32cubeide_1.7.0/stm32cubeide/plugins/com.st.stm32cube.ide.mcu.externaltools.gnu-tools-for-stm32.9-2020-q2-update.win32_2.0.0.202105311346/tools/bin/../lib/gcc/arm-none-eabi/9.3.1/../../../../arm-none-eabi/lib/thumb/v7e-m/nofp\libc_nano.a(lib_a-memcpy-stub.o)
                              ./Application/User/SubGHz_Phy/App/subghz_phy_app.o (memcpy)
d:/st/stm32cubeide_1.7.0/stm32cubeide/plugins/com.st.stm32cube.ide.mcu.externaltools.gnu-tools-for-stm32.9-2020-q2-update.win32_2.0.0.202105311346/tools/bin/../lib/gcc/arm-none-eabi/9.3.1/../../../../arm-none-eabi/lib/thumb/v7e-m/nofp\libc_nano.a(lib_a-memset.o)
                              d:/st/stm32cubeide_1.7.0/stm32cubeide/plugins/com.st.stm32cube.ide.mcu.externaltools.gnu-tools-for-stm32.9-2020-q2-update.win32_2.0.0.202105311346/tools/bin/../lib/gcc/arm-none-eabi/9.3.1/../../../../arm-none-eabi/lib/thumb/v7e-m/nofp/crt0.o (memset)
d:/st/stm32cubeide_1.7.0/stm32cubeide/plugins/com.st.stm32cube.ide.mcu.externaltools.gnu-tools-for-stm32.9-2020-q2-update.win32_2.0.0.202105311346/tools/bin/../lib/gcc/arm-none-eabi/9.3.1/../../../../arm-none-eabi/lib/thumb/v7e-m/nofp\libc_nano.a(lib_a-strlen.o)
                              ./Application/User/Core/sys_app.o (strlen)
d:/st/stm32cubeide_1.7.0/stm32cubeide/plugins/com.st.stm32cube.ide.mcu.externaltools.gnu-tools-for-stm32.9-2020-q2-update.win32_2.0.0.202105311346/tools/bin/../lib/gcc/arm-none-eabi/9.3.1/../../../../arm-none-eabi/lib/thumb/v7e-m/nofp\libc_nano.a(lib_a-strncmp.o)
                              ./Application/User/SubGHz_Phy/App/subghz_phy_app.o (strncmp)
d:/st/stm32cubeide_1.7.0/stm32cubeide/plugins/com.st.stm32cube.ide.mcu.externaltools.gnu-tools-for-stm32.9-2020-q2-update.win32_2.0.0.202105311346/tools/bin/../lib/gcc/arm-none-eabi/9.3.1/thumb/v7e-m/nofp\libgcc.a(_aeabi_uldivmod.o)
                              ./Application/User/Core/timer_if.o (__aeabi_uldivmod)
d:/st/stm32cubeide_1.7.0/stm32cubeide/plugins/com.st.stm32cube.ide.mcu.externaltools.gnu-tools-for-stm32.9-2020-q2-update.win32_2.0.0.202105311346/tools/bin/../lib/gcc/arm-none-eabi/9.3.1/thumb/v7e-m/nofp\libgcc.a(_udivmoddi4.o)
                              d:/st/stm32cubeide_1.7.0/stm32cubeide/plugins/com.st.stm32cube.ide.mcu.externaltools.gnu-tools-for-stm32.9-2020-q2-update.win32_2.0.0.202105311346/tools/bin/../lib/gcc/arm-none-eabi/9.3.1/thumb/v7e-m/nofp\libgcc.a(_aeabi_uldivmod.o) (__udivmoddi4)
d:/st/stm32cubeide_1.7.0/stm32cubeide/plugins/com.st.stm32cube.ide.mcu.externaltools.gnu-tools-for-stm32.9-2020-q2-update.win32_2.0.0.202105311346/tools/bin/../lib/gcc/arm-none-eabi/9.3.1/thumb/v7e-m/nofp\libgcc.a(_dvmd_tls.o)
                              d:/st/stm32cubeide_1.7.0/stm32cubeide/plugins/com.st.stm32cube.ide.mcu.externaltools.gnu-tools-for-stm32.9-2020-q2-update.win32_2.0.0.202105311346/tools/bin/../lib/gcc/arm-none-eabi/9.3.1/thumb/v7e-m/nofp\libgcc.a(_aeabi_uldivmod.o) (__aeabi_ldiv0)

[...]
Memory Configuration

Name             Origin             Length             Attributes
RAM1             0x0000000020000000 0x0000000000008000 xrw
RAM2             0x0000000020008000 0x0000000000008000 xrw
FLASH            0x0000000008000000 0x0000000000040000 xr
*default*        0x0000000000000000 0xffffffffffffffff

Linker script and memory map

LOAD d:/st/stm32cubeide_1.7.0/stm32cubeide/plugins/com.st.stm32cube.ide.mcu.externaltools.gnu-tools-for-stm32.9-2020-q2-update.win32_2.0.0.202105311346/tools/bin/../lib/gcc/arm-none-eabi/9.3.1/thumb/v7e-m/nofp/crti.o
LOAD d:/st/stm32cubeide_1.7.0/stm32cubeide/plugins/com.st.stm32cube.ide.mcu.externaltools.gnu-tools-for-stm32.9-2020-q2-update.win32_2.0.0.202105311346/tools/bin/../lib/gcc/arm-none-eabi/9.3.1/thumb/v7e-m/nofp/crtbegin.o
LOAD d:/st/stm32cubeide_1.7.0/stm32cubeide/plugins/com.st.stm32cube.ide.mcu.externaltools.gnu-tools-for-stm32.9-2020-q2-update.win32_2.0.0.202105311346/tools/bin/../lib/gcc/arm-none-eabi/9.3.1/../../../../arm-none-eabi/lib/thumb/v7e-m/nofp/crt0.o
LOAD ./Application/User/Core/dma.o
LOAD ./Application/User/Core/main.o
LOAD ./Application/User/Core/rtc.o
LOAD ./Application/User/Core/stm32_lpm_if.o
LOAD ./Application/User/Core/stm32wlxx_hal_msp.o
LOAD ./Application/User/Core/stm32wlxx_it.o
LOAD ./Application/User/Core/subghz.o
LOAD ./Application/User/Core/sys_app.o
LOAD ./Application/User/Core/sys_debug.o
LOAD ./Application/User/Core/syscalls.o
LOAD ./Application/User/Core/sysmem.o
LOAD ./Application/User/Core/timer_if.o
LOAD ./Application/User/Core/usart.o
LOAD ./Application/User/Core/usart_if.o
LOAD ./Application/User/Startup/startup_stm32wl55jcix.o
LOAD ./Application/User/SubGHz_Phy/App/app_subghz_phy.o
LOAD ./Application/User/SubGHz_Phy/App/subghz_phy_app.o
LOAD ./Application/User/SubGHz_Phy/Target/radio_board_if.o
LOAD ./Drivers/BSP/STM32WLxx_Nucleo/stm32wlxx_nucleo.o
LOAD ./Drivers/BSP/STM32WLxx_Nucleo/stm32wlxx_nucleo_radio.o
LOAD ./Drivers/CMSIS/system_stm32wlxx.o
LOAD ./Drivers/STM32WLxx_HAL_Driver/stm32wlxx_hal.o
LOAD ./Drivers/STM32WLxx_HAL_Driver/stm32wlxx_hal_cortex.o
LOAD ./Drivers/STM32WLxx_HAL_Driver/stm32wlxx_hal_dma.o
LOAD ./Drivers/STM32WLxx_HAL_Driver/stm32wlxx_hal_dma_ex.o
LOAD ./Drivers/STM32WLxx_HAL_Driver/stm32wlxx_hal_exti.o
LOAD ./Drivers/STM32WLxx_HAL_Driver/stm32wlxx_hal_flash.o
LOAD ./Drivers/STM32WLxx_HAL_Driver/stm32wlxx_hal_flash_ex.o
LOAD ./Drivers/STM32WLxx_HAL_Driver/stm32wlxx_hal_gpio.o
LOAD ./Drivers/STM32WLxx_HAL_Driver/stm32wlxx_hal_pwr.o
LOAD ./Drivers/STM32WLxx_HAL_Driver/stm32wlxx_hal_pwr_ex.o
LOAD ./Drivers/STM32WLxx_HAL_Driver/stm32wlxx_hal_rcc.o
LOAD ./Drivers/STM32WLxx_HAL_Driver/stm32wlxx_hal_rcc_ex.o
LOAD ./Drivers/STM32WLxx_HAL_Driver/stm32wlxx_hal_rtc.o
LOAD ./Drivers/STM32WLxx_HAL_Driver/stm32wlxx_hal_rtc_ex.o
LOAD ./Drivers/STM32WLxx_HAL_Driver/stm32wlxx_hal_subghz.o
LOAD ./Drivers/STM32WLxx_HAL_Driver/stm32wlxx_hal_tim.o
LOAD ./Drivers/STM32WLxx_HAL_Driver/stm32wlxx_hal_tim_ex.o
LOAD ./Drivers/STM32WLxx_HAL_Driver/stm32wlxx_hal_uart.o
LOAD ./Drivers/STM32WLxx_HAL_Driver/stm32wlxx_hal_uart_ex.o
LOAD ./Middlewares/SubGHz_Phy/radio.o
LOAD ./Middlewares/SubGHz_Phy/radio_driver.o
LOAD ./Middlewares/SubGHz_Phy/radio_fw.o
LOAD ./Utilities/stm32_adv_trace.o
LOAD ./Utilities/stm32_lpm.o
LOAD ./Utilities/stm32_mem.o
LOAD ./Utilities/stm32_seq.o
LOAD ./Utilities/stm32_systime.o
LOAD ./Utilities/stm32_timer.o
LOAD ./Utilities/stm32_tiny_sscanf.o
LOAD ./Utilities/stm32_tiny_vsnprintf.o
START GROUP
LOAD d:/st/stm32cubeide_1.7.0/stm32cubeide/plugins/com.st.stm32cube.ide.mcu.externaltools.gnu-tools-for-stm32.9-2020-q2-update.win32_2.0.0.202105311346/tools/bin/../lib/gcc/arm-none-eabi/9.3.1/../../../../arm-none-eabi/lib/thumb/v7e-m/nofp\libc_nano.a
LOAD d:/st/stm32cubeide_1.7.0/stm32cubeide/plugins/com.st.stm32cube.ide.mcu.externaltools.gnu-tools-for-stm32.9-2020-q2-update.win32_2.0.0.202105311346/tools/bin/../lib/gcc/arm-none-eabi/9.3.1/../../../../arm-none-eabi/lib/thumb/v7e-m/nofp\libm.a
END GROUP
START GROUP
LOAD d:/st/stm32cubeide_1.7.0/stm32cubeide/plugins/com.st.stm32cube.ide.mcu.externaltools.gnu-tools-for-stm32.9-2020-q2-update.win32_2.0.0.202105311346/tools/bin/../lib/gcc/arm-none-eabi/9.3.1/thumb/v7e-m/nofp\libgcc.a
LOAD d:/st/stm32cubeide_1.7.0/stm32cubeide/plugins/com.st.stm32cube.ide.mcu.externaltools.gnu-tools-for-stm32.9-2020-q2-update.win32_2.0.0.202105311346/tools/bin/../lib/gcc/arm-none-eabi/9.3.1/../../../../arm-none-eabi/lib/thumb/v7e-m/nofp\libc_nano.a
END GROUP
START GROUP
LOAD d:/st/stm32cubeide_1.7.0/stm32cubeide/plugins/com.st.stm32cube.ide.mcu.externaltools.gnu-tools-for-stm32.9-2020-q2-update.win32_2.0.0.202105311346/tools/bin/../lib/gcc/arm-none-eabi/9.3.1/thumb/v7e-m/nofp\libgcc.a
LOAD d:/st/stm32cubeide_1.7.0/stm32cubeide/plugins/com.st.stm32cube.ide.mcu.externaltools.gnu-tools-for-stm32.9-2020-q2-update.win32_2.0.0.202105311346/tools/bin/../lib/gcc/arm-none-eabi/9.3.1/../../../../arm-none-eabi/lib/thumb/v7e-m/nofp\libc_nano.a
LOAD d:/st/stm32cubeide_1.7.0/stm32cubeide/plugins/com.st.stm32cube.ide.mcu.externaltools.gnu-tools-for-stm32.9-2020-q2-update.win32_2.0.0.202105311346/tools/bin/../lib/gcc/arm-none-eabi/9.3.1/../../../../arm-none-eabi/lib/thumb/v7e-m/nofp\libnosys.a
END GROUP
START GROUP
LOAD d:/st/stm32cubeide_1.7.0/stm32cubeide/plugins/com.st.stm32cube.ide.mcu.externaltools.gnu-tools-for-stm32.9-2020-q2-update.win32_2.0.0.202105311346/tools/bin/../lib/gcc/arm-none-eabi/9.3.1/thumb/v7e-m/nofp\libgcc.a
LOAD d:/st/stm32cubeide_1.7.0/stm32cubeide/plugins/com.st.stm32cube.ide.mcu.externaltools.gnu-tools-for-stm32.9-2020-q2-update.win32_2.0.0.202105311346/tools/bin/../lib/gcc/arm-none-eabi/9.3.1/../../../../arm-none-eabi/lib/thumb/v7e-m/nofp\libc_nano.a
LOAD d:/st/stm32cubeide_1.7.0/stm32cubeide/plugins/com.st.stm32cube.ide.mcu.externaltools.gnu-tools-for-stm32.9-2020-q2-update.win32_2.0.0.202105311346/tools/bin/../lib/gcc/arm-none-eabi/9.3.1/../../../../arm-none-eabi/lib/thumb/v7e-m/nofp\libnosys.a
END GROUP
LOAD d:/st/stm32cubeide_1.7.0/stm32cubeide/plugins/com.st.stm32cube.ide.mcu.externaltools.gnu-tools-for-stm32.9-2020-q2-update.win32_2.0.0.202105311346/tools/bin/../lib/gcc/arm-none-eabi/9.3.1/thumb/v7e-m/nofp/crtend.o
LOAD d:/st/stm32cubeide_1.7.0/stm32cubeide/plugins/com.st.stm32cube.ide.mcu.externaltools.gnu-tools-for-stm32.9-2020-q2-update.win32_2.0.0.202105311346/tools/bin/../lib/gcc/arm-none-eabi/9.3.1/thumb/v7e-m/nofp/crtn.o
                0x0000000020008000                _estack = (ORIGIN (RAM1) + LENGTH (RAM1))
                0x0000000000000200                _Min_Heap_Size = 0x200
                0x0000000000000800                _Min_Stack_Size = 0x800

.isr_vector     0x0000000008000000      0x138
                0x0000000008000000                . = ALIGN (0x4)
 *(.isr_vector)
 .isr_vector    0x0000000008000000      0x138 ./Application/User/Startup/startup_stm32wl55jcix.o
                0x0000000008000000                g_pfnVectors
                0x0000000008000138                . = ALIGN (0x4)

.text           0x0000000008000138     0x76f8
                0x0000000008000138                . = ALIGN (0x4)
 *(.text)
 .text          0x0000000008000138       0x40 d:/st/stm32cubeide_1.7.0/stm32cubeide/plugins/com.st.stm32cube.ide.mcu.externaltools.gnu-tools-for-stm32.9-2020-q2-update.win32_2.0.0.202105311346/tools/bin/../lib/gcc/arm-none-eabi/9.3.1/thumb/v7e-m/nofp/crtbegin.o
 .text          0x0000000008000178       0x10 d:/st/stm32cubeide_1.7.0/stm32cubeide/plugins/com.st.stm32cube.ide.mcu.externaltools.gnu-tools-for-stm32.9-2020-q2-update.win32_2.0.0.202105311346/tools/bin/../lib/gcc/arm-none-eabi/9.3.1/../../../../arm-none-eabi/lib/thumb/v7e-m/nofp\libc_nano.a(lib_a-strlen.o)
                0x0000000008000178                strlen
 .text          0x0000000008000188       0x30 d:/st/stm32cubeide_1.7.0/stm32cubeide/plugins/com.st.stm32cube.ide.mcu.externaltools.gnu-tools-for-stm32.9-2020-q2-update.win32_2.0.0.202105311346/tools/bin/../lib/gcc/arm-none-eabi/9.3.1/thumb/v7e-m/nofp\libgcc.a(_aeabi_uldivmod.o)
                0x0000000008000188                __aeabi_uldivmod
 .text          0x00000000080001b8      0x2c0 d:/st/stm32cubeide_1.7.0/stm32cubeide/plugins/com.st.stm32cube.ide.mcu.externaltools.gnu-tools-for-stm32.9-2020-q2-update.win32_2.0.0.202105311346/tools/bin/../lib/gcc/arm-none-eabi/9.3.1/thumb/v7e-m/nofp\libgcc.a(_udivmoddi4.o)
                0x00000000080001b8                __udivmoddi4
 .text          0x0000000008000478        0x4 d:/st/stm32cubeide_1.7.0/stm32cubeide/plugins/com.st.stm32cube.ide.mcu.externaltools.gnu-tools-for-stm32.9-2020-q2-update.win32_2.0.0.202105311346/tools/bin/../lib/gcc/arm-none-eabi/9.3.1/thumb/v7e-m/nofp\libgcc.a(_dvmd_tls.o)
                0x0000000008000478                __aeabi_idiv0
                0x0000000008000478                __aeabi_ldiv0
 *(.text*)
 .text.MX_DMA_Init
                0x000000000800047c       0x42 ./Application/User/Core/dma.o
                0x000000000800047c                MX_DMA_Init
 .text.Error_Handler
                0x00000000080004be        0x4 ./Application/User/Core/main.o
                0x00000000080004be                Error_Handler
 .text.SystemClock_Config
                0x00000000080004c2       0x8e ./Application/User/Core/main.o
                0x00000000080004c2                SystemClock_Config
 .text.main     0x0000000008000550       0x14 ./Application/User/Core/main.o
                0x0000000008000550                main
 .text.MX_RTC_Init
                0x0000000008000564       0x7c ./Application/User/Core/rtc.o
                0x0000000008000564                MX_RTC_Init
 .text.HAL_RTC_MspInit
                0x00000000080005e0       0x80 ./Application/User/Core/rtc.o
                0x00000000080005e0                HAL_RTC_MspInit
 .text.PWR_EnterOffMode
                0x0000000008000660        0x2 ./Application/User/Core/stm32_lpm_if.o
                0x0000000008000660                PWR_EnterOffMode
 .text.PWR_ExitOffMode
                0x0000000008000662        0x2 ./Application/User/Core/stm32_lpm_if.o
                0x0000000008000662                PWR_ExitOffMode
 .text.PWR_EnterStopMode
                0x0000000008000664       0x18 ./Application/User/Core/stm32_lpm_if.o
                0x0000000008000664                PWR_EnterStopMode
 .text.PWR_ExitSleepMode
                0x000000000800067c        0x8 ./Application/User/Core/stm32_lpm_if.o
                0x000000000800067c                PWR_ExitSleepMode
 .text.PWR_ExitStopMode
                0x0000000008000684        0xc ./Application/User/Core/stm32_lpm_if.o
                0x0000000008000684                PWR_ExitStopMode
 .text.PWR_EnterSleepMode
                0x0000000008000690       0x10 ./Application/User/Core/stm32_lpm_if.o
                0x0000000008000690                PWR_EnterSleepMode
 .text.HAL_MspInit
                0x00000000080006a0        0x2 ./Application/User/Core/stm32wlxx_hal_msp.o
                0x00000000080006a0                HAL_MspInit
 .text.NMI_Handler
                0x00000000080006a2        0x2 ./Application/User/Core/stm32wlxx_it.o
                0x00000000080006a2                NMI_Handler
 .text.HardFault_Handler
                0x00000000080006a4        0x2 ./Application/User/Core/stm32wlxx_it.o
                0x00000000080006a4                HardFault_Handler
 .text.MemManage_Handler
                0x00000000080006a6        0x2 ./Application/User/Core/stm32wlxx_it.o
                0x00000000080006a6                MemManage_Handler
 .text.BusFault_Handler
                0x00000000080006a8        0x2 ./Application/User/Core/stm32wlxx_it.o
                0x00000000080006a8                BusFault_Handler
 .text.UsageFault_Handler
                0x00000000080006aa        0x2 ./Application/User/Core/stm32wlxx_it.o
                0x00000000080006aa                UsageFault_Handler
 .text.SVC_Handler
                0x00000000080006ac        0x2 ./Application/User/Core/stm32wlxx_it.o
                0x00000000080006ac                SVC_Handler
 .text.DebugMon_Handler
                0x00000000080006ae        0x2 ./Application/User/Core/stm32wlxx_it.o
                0x00000000080006ae                DebugMon_Handler
 .text.PendSV_Handler
                0x00000000080006b0        0x2 ./Application/User/Core/stm32wlxx_it.o
                0x00000000080006b0                PendSV_Handler
 .text.SysTick_Handler
                0x00000000080006b2        0x2 ./Application/User/Core/stm32wlxx_it.o
                0x00000000080006b2                SysTick_Handler
 .text.TAMP_STAMP_LSECSS_SSRU_IRQHandler
                0x00000000080006b4       0x10 ./Application/User/Core/stm32wlxx_it.o
                0x00000000080006b4                TAMP_STAMP_LSECSS_SSRU_IRQHandler
 .text.DMA1_Channel5_IRQHandler
                0x00000000080006c4       0x10 ./Application/User/Core/stm32wlxx_it.o
                0x00000000080006c4                DMA1_Channel5_IRQHandler
 .text.USART2_IRQHandler
                0x00000000080006d4       0x10 ./Application/User/Core/stm32wlxx_it.o
                0x00000000080006d4                USART2_IRQHandler
 .text.RTC_Alarm_IRQHandler
                0x00000000080006e4       0x10 ./Application/User/Core/stm32wlxx_it.o
                0x00000000080006e4                RTC_Alarm_IRQHandler
 .text.SUBGHZ_Radio_IRQHandler
                0x00000000080006f4       0x10 ./Application/User/Core/stm32wlxx_it.o
                0x00000000080006f4                SUBGHZ_Radio_IRQHandler
 .text.MX_SUBGHZ_Init
                0x0000000008000704       0x1c ./Application/User/Core/subghz.o
                0x0000000008000704                MX_SUBGHZ_Init
 .text.HAL_SUBGHZ_MspInit
                0x0000000008000720       0x30 ./Application/User/Core/subghz.o
                0x0000000008000720                HAL_SUBGHZ_MspInit
 .text.tiny_snprintf_like
                0x0000000008000750       0x1c ./Application/User/Core/sys_app.o
 .text.TimestampNow
                0x000000000800076c       0x30 ./Application/User/Core/sys_app.o
 .text.SystemApp_Init
                0x000000000800079c       0x3c ./Application/User/Core/sys_app.o
                0x000000000800079c                SystemApp_Init
 .text.UTIL_SEQ_Idle
                0x00000000080007d8        0x8 ./Application/User/Core/sys_app.o
                0x00000000080007d8                UTIL_SEQ_Idle
 .text.UTIL_ADV_TRACE_PreSendHook
                0x00000000080007e0        0xc ./Application/User/Core/sys_app.o
                0x00000000080007e0                UTIL_ADV_TRACE_PreSendHook
 .text.UTIL_ADV_TRACE_PostSendHook
                0x00000000080007ec        0xc ./Application/User/Core/sys_app.o
                0x00000000080007ec                UTIL_ADV_TRACE_PostSendHook
 .text.HAL_InitTick
                0x00000000080007f8        0x4 ./Application/User/Core/sys_app.o
                0x00000000080007f8                HAL_InitTick
 .text.HAL_GetTick
                0x00000000080007fc        0x8 ./Application/User/Core/sys_app.o
                0x00000000080007fc                HAL_GetTick
 .text.HAL_Delay
                0x0000000008000804       0x12 ./Application/User/Core/sys_app.o
                0x0000000008000804                HAL_Delay
 .text.DBG_ConfigForLpm
                0x0000000008000816       0x10 ./Application/User/Core/sys_debug.o
                0x0000000008000816                DBG_ConfigForLpm
 .text.DBG_Disable
                0x0000000008000826       0x40 ./Application/User/Core/sys_debug.o
                0x0000000008000826                DBG_Disable
 .text.DBG_ProbesInit
                0x0000000008000866        0x2 ./Application/User/Core/sys_debug.o
                0x0000000008000866                DBG_ProbesInit
 .text.TIMER_IF_SetTimerContext
                0x0000000008000868       0x14 ./Application/User/Core/timer_if.o
                0x0000000008000868                TIMER_IF_SetTimerContext
 .text.TIMER_IF_GetTimerContext
                0x000000000800087c        0xc ./Application/User/Core/timer_if.o
                0x000000000800087c                TIMER_IF_GetTimerContext
 .text.TIMER_IF_GetTimerElapsedTime
                0x0000000008000888       0x18 ./Application/User/Core/timer_if.o
                0x0000000008000888                TIMER_IF_GetTimerElapsedTime
 .text.TIMER_IF_GetTimerValue
                0x00000000080008a0       0x1c ./Application/User/Core/timer_if.o
                0x00000000080008a0                TIMER_IF_GetTimerValue
 .text.TIMER_IF_GetMinimumTimeout
                0x00000000080008bc        0x4 ./Application/User/Core/timer_if.o
                0x00000000080008bc                TIMER_IF_GetMinimumTimeout
 .text.TIMER_IF_Convert_ms2Tick
                0x00000000080008c0       0x14 ./Application/User/Core/timer_if.o
                0x00000000080008c0                TIMER_IF_Convert_ms2Tick
 .text.TIMER_IF_Convert_Tick2ms
                0x00000000080008d4       0x2c ./Application/User/Core/timer_if.o
                0x00000000080008d4                TIMER_IF_Convert_Tick2ms
 .text.TIMER_IF_StopTimer
                0x0000000008000900       0x28 ./Application/User/Core/timer_if.o
                0x0000000008000900                TIMER_IF_StopTimer
 .text.TIMER_IF_BkUp_Write_MSBticks
                0x0000000008000928       0x14 ./Application/User/Core/timer_if.o
 .text.TIMER_IF_Init
                0x000000000800093c       0x48 ./Application/User/Core/timer_if.o
                0x000000000800093c                TIMER_IF_Init
 .text.TIMER_IF_BkUp_Write_Seconds
                0x0000000008000984       0x14 ./Application/User/Core/timer_if.o
                0x0000000008000984                TIMER_IF_BkUp_Write_Seconds
 .text.TIMER_IF_BkUp_Write_SubSeconds
                0x0000000008000998       0x14 ./Application/User/Core/timer_if.o
                0x0000000008000998                TIMER_IF_BkUp_Write_SubSeconds
 .text.TIMER_IF_StartTimer
                0x00000000080009ac       0x50 ./Application/User/Core/timer_if.o
                0x00000000080009ac                TIMER_IF_StartTimer
 .text.TIMER_IF_BkUp_Read_MSBticks
                0x00000000080009fc       0x10 ./Application/User/Core/timer_if.o
 .text.TIMER_IF_GetTime
                0x0000000008000a0c       0x30 ./Application/User/Core/timer_if.o
                0x0000000008000a0c                TIMER_IF_GetTime
 .text.TIMER_IF_BkUp_Read_Seconds
                0x0000000008000a3c       0x10 ./Application/User/Core/timer_if.o
                0x0000000008000a3c                TIMER_IF_BkUp_Read_Seconds
 .text.TIMER_IF_BkUp_Read_SubSeconds
                0x0000000008000a4c       0x10 ./Application/User/Core/timer_if.o
                0x0000000008000a4c                TIMER_IF_BkUp_Read_SubSeconds
 .text.TIMER_IF_DelayMs
                0x0000000008000a5c       0x24 ./Application/User/Core/timer_if.o
                0x0000000008000a5c                TIMER_IF_DelayMs
 .text.HAL_RTC_AlarmAEventCallback
                0x0000000008000a80        0x8 ./Application/User/Core/timer_if.o
                0x0000000008000a80                HAL_RTC_AlarmAEventCallback
 .text.HAL_RTCEx_SSRUEventCallback
                0x0000000008000a88        0xe ./Application/User/Core/timer_if.o
                0x0000000008000a88                HAL_RTCEx_SSRUEventCallback
 *fill*         0x0000000008000a96        0x2 
 .text.MX_USART2_UART_Init
                0x0000000008000a98       0x68 ./Application/User/Core/usart.o
                0x0000000008000a98                MX_USART2_UART_Init
 .text.HAL_UART_MspInit
                0x0000000008000b00       0xe4 ./Application/User/Core/usart.o
                0x0000000008000b00                HAL_UART_MspInit
 .text.HAL_UART_MspDeInit
                0x0000000008000be4       0x38 ./Application/User/Core/usart.o
                0x0000000008000be4                HAL_UART_MspDeInit
 .text.vcom_Init
                0x0000000008000c1c       0x28 ./Application/User/Core/usart_if.o
                0x0000000008000c1c                vcom_Init
 .text.vcom_DeInit
                0x0000000008000c44       0x2c ./Application/User/Core/usart_if.o
                0x0000000008000c44                vcom_DeInit
 .text.vcom_Trace_DMA
                0x0000000008000c70       0x14 ./Application/User/Core/usart_if.o
                0x0000000008000c70                vcom_Trace_DMA
 .text.vcom_ReceiveInit
                0x0000000008000c84       0x5c ./Application/User/Core/usart_if.o
                0x0000000008000c84                vcom_ReceiveInit
 .text.vcom_Resume
                0x0000000008000ce0       0x28 ./Application/User/Core/usart_if.o
                0x0000000008000ce0                vcom_Resume
 .text.HAL_UART_TxCpltCallback
                0x0000000008000d08       0x10 ./Application/User/Core/usart_if.o
                0x0000000008000d08                HAL_UART_TxCpltCallback
 .text.HAL_UART_RxCpltCallback
                0x0000000008000d18       0x2c ./Application/User/Core/usart_if.o
                0x0000000008000d18                HAL_UART_RxCpltCallback
 .text.Reset_Handler
                0x0000000008000d44       0x50 ./Application/User/Startup/startup_stm32wl55jcix.o
                0x0000000008000d44                Reset_Handler
 .text.Default_Handler
                0x0000000008000d94        0x2 ./Application/User/Startup/startup_stm32wl55jcix.o
                0x0000000008000d94                EXTI2_IRQHandler
                0x0000000008000d94                TIM1_CC_IRQHandler
                0x0000000008000d94                EXTI3_IRQHandler
                0x0000000008000d94                LPTIM2_IRQHandler
                0x0000000008000d94                I2C3_ER_IRQHandler
                0x0000000008000d94                LPTIM3_IRQHandler
                0x0000000008000d94                EXTI0_IRQHandler
                0x0000000008000d94                I2C2_EV_IRQHandler
                0x0000000008000d94                SPI1_IRQHandler
                0x0000000008000d94                DMA2_Channel2_IRQHandler
                0x0000000008000d94                DMA1_Channel4_IRQHandler
                0x0000000008000d94                PKA_IRQHandler
                0x0000000008000d94                TIM17_IRQHandler
                0x0000000008000d94                DMA1_Channel7_IRQHandler
                0x0000000008000d94                SUBGHZSPI_IRQHandler
                0x0000000008000d94                IPCC_C1_TX_IRQHandler
                0x0000000008000d94                DMA2_Channel1_IRQHandler
                0x0000000008000d94                I2C1_EV_IRQHandler
                0x0000000008000d94                DMAMUX1_OVR_IRQHandler
                0x0000000008000d94                DMA1_Channel6_IRQHandler
                0x0000000008000d94                TIM16_IRQHandler
                0x0000000008000d94                DMA2_Channel4_IRQHandler
                0x0000000008000d94                RCC_IRQHandler
                0x0000000008000d94                TIM1_TRG_COM_IRQHandler
                0x0000000008000d94                DMA1_Channel1_IRQHandler
                0x0000000008000d94                Default_Handler
                0x0000000008000d94                DMA2_Channel7_IRQHandler
                0x0000000008000d94                EXTI15_10_IRQHandler
                0x0000000008000d94                IPCC_C1_RX_IRQHandler
                0x0000000008000d94                ADC_IRQHandler
                0x0000000008000d94                C2SEV_PWR_C2H_IRQHandler
                0x0000000008000d94                I2C3_EV_IRQHandler
                0x0000000008000d94                EXTI9_5_IRQHandler
                0x0000000008000d94                RTC_WKUP_IRQHandler
                0x0000000008000d94                PVD_PVM_IRQHandler
                0x0000000008000d94                SPI2_IRQHandler
                0x0000000008000d94                DMA2_Channel5_IRQHandler
                0x0000000008000d94                EXTI4_IRQHandler
                0x0000000008000d94                RNG_IRQHandler
                0x0000000008000d94                DMA1_Channel3_IRQHandler
                0x0000000008000d94                COMP_IRQHandler
                0x0000000008000d94                HSEM_IRQHandler
                0x0000000008000d94                TIM1_UP_IRQHandler
                0x0000000008000d94                WWDG_IRQHandler
                0x0000000008000d94                LPUART1_IRQHandler
                0x0000000008000d94                DMA2_Channel6_IRQHandler
                0x0000000008000d94                TIM2_IRQHandler
                0x0000000008000d94                TIM1_BRK_IRQHandler
                0x0000000008000d94                DAC_IRQHandler
                0x0000000008000d94                EXTI1_IRQHandler
                0x0000000008000d94                AES_IRQHandler
                0x0000000008000d94                I2C2_ER_IRQHandler
                0x0000000008000d94                DMA1_Channel2_IRQHandler
                0x0000000008000d94                FLASH_IRQHandler
                0x0000000008000d94                USART1_IRQHandler
                0x0000000008000d94                I2C1_ER_IRQHandler
                0x0000000008000d94                LPTIM1_IRQHandler
                0x0000000008000d94                DMA2_Channel3_IRQHandler
 .text.MX_SubGHz_Phy_Init
                0x0000000008000d96        0xc ./Application/User/SubGHz_Phy/App/app_subghz_phy.o
                0x0000000008000d96                MX_SubGHz_Phy_Init
 .text.MX_SubGHz_Phy_Process
                0x0000000008000da2        0xc ./Application/User/SubGHz_Phy/App/app_subghz_phy.o
                0x0000000008000da2                MX_SubGHz_Phy_Process
 *fill*         0x0000000008000dae        0x2 
 .text.OnledEvent
                0x0000000008000db0       0x1c ./Application/User/SubGHz_Phy/App/subghz_phy_app.o
 .text.PingPong_Process
                0x0000000008000dcc      0x200 ./Application/User/SubGHz_Phy/App/subghz_phy_app.o
 .text.OnRxError
                0x0000000008000fcc       0x28 ./Application/User/SubGHz_Phy/App/subghz_phy_app.o
 .text.OnRxTimeout
                0x0000000008000ff4       0x24 ./Application/User/SubGHz_Phy/App/subghz_phy_app.o
 .text.OnTxTimeout
                0x0000000008001018       0x28 ./Application/User/SubGHz_Phy/App/subghz_phy_app.o
 .text.OnRxDone
                0x0000000008001040       0xdc ./Application/User/SubGHz_Phy/App/subghz_phy_app.o
 .text.OnTxDone
                0x000000000800111c       0x28 ./Application/User/SubGHz_Phy/App/subghz_phy_app.o
 .text.SubghzApp_Init
                0x0000000008001144      0x19c ./Application/User/SubGHz_Phy/App/subghz_phy_app.o
                0x0000000008001144                SubghzApp_Init
 .text.RBI_Init
                0x00000000080012e0        0x8 ./Application/User/SubGHz_Phy/Target/radio_board_if.o
                0x00000000080012e0                RBI_Init
 .text.RBI_ConfigRFSwitch
                0x00000000080012e8        0x8 ./Application/User/SubGHz_Phy/Target/radio_board_if.o
                0x00000000080012e8                RBI_ConfigRFSwitch
 .text.RBI_GetTxConfig
                0x00000000080012f0        0x8 ./Application/User/SubGHz_Phy/Target/radio_board_if.o
                0x00000000080012f0                RBI_GetTxConfig
 .text.RBI_IsTCXO
                0x00000000080012f8        0x8 ./Application/User/SubGHz_Phy/Target/radio_board_if.o
                0x00000000080012f8                RBI_IsTCXO
 .text.RBI_IsDCDC
                0x0000000008001300        0x8 ./Application/User/SubGHz_Phy/Target/radio_board_if.o
                0x0000000008001300                RBI_IsDCDC
 .text.BSP_LED_Init
                0x0000000008001308       0x58 ./Drivers/BSP/STM32WLxx_Nucleo/stm32wlxx_nucleo.o
                0x0000000008001308                BSP_LED_Init
 .text.BSP_LED_Off
                0x0000000008001360       0x20 ./Drivers/BSP/STM32WLxx_Nucleo/stm32wlxx_nucleo.o
                0x0000000008001360                BSP_LED_Off
 .text.BSP_LED_Toggle
                0x0000000008001380       0x20 ./Drivers/BSP/STM32WLxx_Nucleo/stm32wlxx_nucleo.o
                0x0000000008001380                BSP_LED_Toggle
 .text.BSP_RADIO_Init
                0x00000000080013a0       0x80 ./Drivers/BSP/STM32WLxx_Nucleo/stm32wlxx_nucleo_radio.o
                0x00000000080013a0                BSP_RADIO_Init
 .text.BSP_RADIO_ConfigRFSwitch
                0x0000000008001420       0x9c ./Drivers/BSP/STM32WLxx_Nucleo/stm32wlxx_nucleo_radio.o
                0x0000000008001420                BSP_RADIO_ConfigRFSwitch
 .text.BSP_RADIO_GetTxConfig
                0x00000000080014bc        0x4 ./Drivers/BSP/STM32WLxx_Nucleo/stm32wlxx_nucleo_radio.o
                0x00000000080014bc                BSP_RADIO_GetTxConfig
 .text.BSP_RADIO_IsTCXO
                0x00000000080014c0        0x4 ./Drivers/BSP/STM32WLxx_Nucleo/stm32wlxx_nucleo_radio.o
                0x00000000080014c0                BSP_RADIO_IsTCXO
 .text.BSP_RADIO_IsDCDC
                0x00000000080014c4        0x4 ./Drivers/BSP/STM32WLxx_Nucleo/stm32wlxx_nucleo_radio.o
                0x00000000080014c4                BSP_RADIO_IsDCDC
 .text.SystemInit
                0x00000000080014c8        0x2 ./Drivers/CMSIS/system_stm32wlxx.o
                0x00000000080014c8                SystemInit
 *fill*         0x00000000080014ca        0x2 
 .text.HAL_Init
                0x00000000080014cc       0x2c ./Drivers/STM32WLxx_HAL_Driver/stm32wlxx_hal.o
                0x00000000080014cc                HAL_Init
 .text.HAL_SuspendTick
                0x00000000080014f8       0x10 ./Drivers/STM32WLxx_HAL_Driver/stm32wlxx_hal.o
                0x00000000080014f8                HAL_SuspendTick
 .text.HAL_ResumeTick
                0x0000000008001508       0x10 ./Drivers/STM32WLxx_HAL_Driver/stm32wlxx_hal.o
                0x0000000008001508                HAL_ResumeTick
 .text.HAL_DBGMCU_DisableDBGSleepMode
                0x0000000008001518       0x10 ./Drivers/STM32WLxx_HAL_Driver/stm32wlxx_hal.o
                0x0000000008001518                HAL_DBGMCU_DisableDBGSleepMode
 .text.HAL_DBGMCU_DisableDBGStopMode
                0x0000000008001528       0x10 ./Drivers/STM32WLxx_HAL_Driver/stm32wlxx_hal.o
                0x0000000008001528                HAL_DBGMCU_DisableDBGStopMode
 .text.HAL_DBGMCU_DisableDBGStandbyMode
                0x0000000008001538       0x10 ./Drivers/STM32WLxx_HAL_Driver/stm32wlxx_hal.o
                0x0000000008001538                HAL_DBGMCU_DisableDBGStandbyMode
 .text.HAL_NVIC_SetPriorityGrouping
                0x0000000008001548       0x24 ./Drivers/STM32WLxx_HAL_Driver/stm32wlxx_hal_cortex.o
                0x0000000008001548                HAL_NVIC_SetPriorityGrouping
 .text.HAL_NVIC_SetPriority
                0x000000000800156c       0x68 ./Drivers/STM32WLxx_HAL_Driver/stm32wlxx_hal_cortex.o
                0x000000000800156c                HAL_NVIC_SetPriority
 .text.HAL_NVIC_EnableIRQ
                0x00000000080015d4       0x1c ./Drivers/STM32WLxx_HAL_Driver/stm32wlxx_hal_cortex.o
                0x00000000080015d4                HAL_NVIC_EnableIRQ
 .text.HAL_NVIC_DisableIRQ
                0x00000000080015f0       0x24 ./Drivers/STM32WLxx_HAL_Driver/stm32wlxx_hal_cortex.o
                0x00000000080015f0                HAL_NVIC_DisableIRQ
 .text.DMA_SetConfig
                0x0000000008001614       0x40 ./Drivers/STM32WLxx_HAL_Driver/stm32wlxx_hal_dma.o
 .text.DMA_CalcDMAMUXChannelBaseAndMask
                0x0000000008001654       0x64 ./Drivers/STM32WLxx_HAL_Driver/stm32wlxx_hal_dma.o
 .text.DMA_CalcDMAMUXRequestGenBaseAndMask
                0x00000000080016b8       0x2c ./Drivers/STM32WLxx_HAL_Driver/stm32wlxx_hal_dma.o
 .text.HAL_DMA_Init
                0x00000000080016e4       0xe4 ./Drivers/STM32WLxx_HAL_Driver/stm32wlxx_hal_dma.o
                0x00000000080016e4                HAL_DMA_Init
 .text.HAL_DMA_DeInit
                0x00000000080017c8       0xb8 ./Drivers/STM32WLxx_HAL_Driver/stm32wlxx_hal_dma.o
                0x00000000080017c8                HAL_DMA_DeInit
 .text.HAL_DMA_Start_IT
                0x0000000008001880       0x98 ./Drivers/STM32WLxx_HAL_Driver/stm32wlxx_hal_dma.o
                0x0000000008001880                HAL_DMA_Start_IT
 .text.HAL_DMA_Abort
                0x0000000008001918       0x74 ./Drivers/STM32WLxx_HAL_Driver/stm32wlxx_hal_dma.o
                0x0000000008001918                HAL_DMA_Abort
 .text.HAL_DMA_Abort_IT
                0x000000000800198c       0x72 ./Drivers/STM32WLxx_HAL_Driver/stm32wlxx_hal_dma.o
                0x000000000800198c                HAL_DMA_Abort_IT
 *fill*         0x00000000080019fe        0x2 
 .text.HAL_DMA_IRQHandler
                0x0000000008001a00       0xe8 ./Drivers/STM32WLxx_HAL_Driver/stm32wlxx_hal_dma.o
                0x0000000008001a00                HAL_DMA_IRQHandler
 .text.HAL_DMA_ConfigChannelAttributes
                0x0000000008001ae8       0x26 ./Drivers/STM32WLxx_HAL_Driver/stm32wlxx_hal_dma.o
                0x0000000008001ae8                HAL_DMA_ConfigChannelAttributes
 *fill*         0x0000000008001b0e        0x2 
 .text.HAL_GPIO_Init
                0x0000000008001b10      0x170 ./Drivers/STM32WLxx_HAL_Driver/stm32wlxx_hal_gpio.o
                0x0000000008001b10                HAL_GPIO_Init
 .text.HAL_GPIO_DeInit
                0x0000000008001c80       0xf8 ./Drivers/STM32WLxx_HAL_Driver/stm32wlxx_hal_gpio.o
                0x0000000008001c80                HAL_GPIO_DeInit
 .text.HAL_GPIO_WritePin
                0x0000000008001d78        0xa ./Drivers/STM32WLxx_HAL_Driver/stm32wlxx_hal_gpio.o
                0x0000000008001d78                HAL_GPIO_WritePin
 .text.HAL_GPIO_TogglePin
                0x0000000008001d82       0x12 ./Drivers/STM32WLxx_HAL_Driver/stm32wlxx_hal_gpio.o
                0x0000000008001d82                HAL_GPIO_TogglePin
 .text.HAL_PWR_EnableBkUpAccess
                0x0000000008001d94       0x10 ./Drivers/STM32WLxx_HAL_Driver/stm32wlxx_hal_pwr.o
                0x0000000008001d94                HAL_PWR_EnableBkUpAccess
 .text.HAL_PWR_EnterSLEEPMode
                0x0000000008001da4       0x4c ./Drivers/STM32WLxx_HAL_Driver/stm32wlxx_hal_pwr.o
                0x0000000008001da4                HAL_PWR_EnterSLEEPMode
 .text.HAL_PWREx_GetVoltageRange
                0x0000000008001df0       0x10 ./Drivers/STM32WLxx_HAL_Driver/stm32wlxx_hal_pwr_ex.o
                0x0000000008001df0                HAL_PWREx_GetVoltageRange
 .text.HAL_PWREx_EnableLowPowerRunMode
                0x0000000008001e00       0x10 ./Drivers/STM32WLxx_HAL_Driver/stm32wlxx_hal_pwr_ex.o
                0x0000000008001e00                HAL_PWREx_EnableLowPowerRunMode
 .text.HAL_PWREx_DisableLowPowerRunMode
                0x0000000008001e10       0x4c ./Drivers/STM32WLxx_HAL_Driver/stm32wlxx_hal_pwr_ex.o
                0x0000000008001e10                HAL_PWREx_DisableLowPowerRunMode
 .text.HAL_PWREx_EnterSTOP2Mode
                0x0000000008001e5c       0x3c ./Drivers/STM32WLxx_HAL_Driver/stm32wlxx_hal_pwr_ex.o
                0x0000000008001e5c                HAL_PWREx_EnterSTOP2Mode
 .text.RCC_SetFlashLatency
                0x0000000008001e98       0xb8 ./Drivers/STM32WLxx_HAL_Driver/stm32wlxx_hal_rcc.o
 .text.RCC_SetFlashLatencyFromMSIRange
                0x0000000008001f50       0x44 ./Drivers/STM32WLxx_HAL_Driver/stm32wlxx_hal_rcc.o
 .text.HAL_RCC_GetSysClockFreq
                0x0000000008001f94      0x110 ./Drivers/STM32WLxx_HAL_Driver/stm32wlxx_hal_rcc.o
                0x0000000008001f94                HAL_RCC_GetSysClockFreq
 .text.HAL_RCC_GetHCLKFreq
                0x00000000080020a4       0x20 ./Drivers/STM32WLxx_HAL_Driver/stm32wlxx_hal_rcc.o
                0x00000000080020a4                HAL_RCC_GetHCLKFreq
 .text.HAL_RCC_OscConfig
                0x00000000080020c4      0x678 ./Drivers/STM32WLxx_HAL_Driver/stm32wlxx_hal_rcc.o
                0x00000000080020c4                HAL_RCC_OscConfig
 .text.HAL_RCC_ClockConfig
                0x000000000800273c      0x268 ./Drivers/STM32WLxx_HAL_Driver/stm32wlxx_hal_rcc.o
                0x000000000800273c                HAL_RCC_ClockConfig
 .text.HAL_RCC_GetPCLK1Freq
                0x00000000080029a4       0x20 ./Drivers/STM32WLxx_HAL_Driver/stm32wlxx_hal_rcc.o
                0x00000000080029a4                HAL_RCC_GetPCLK1Freq
 .text.HAL_RCC_GetPCLK2Freq
                0x00000000080029c4       0x20 ./Drivers/STM32WLxx_HAL_Driver/stm32wlxx_hal_rcc.o
                0x00000000080029c4                HAL_RCC_GetPCLK2Freq
 .text.HAL_RCCEx_PeriphCLKConfig
                0x00000000080029e4      0x284 ./Drivers/STM32WLxx_HAL_Driver/stm32wlxx_hal_rcc_ex.o
                0x00000000080029e4                HAL_RCCEx_PeriphCLKConfig
 .text.HAL_RTC_DeactivateAlarm
                0x0000000008002c68       0x80 ./Drivers/STM32WLxx_HAL_Driver/stm32wlxx_hal_rtc.o
                0x0000000008002c68                HAL_RTC_DeactivateAlarm
 .text.HAL_RTC_AlarmIRQHandler
                0x0000000008002ce8       0x40 ./Drivers/STM32WLxx_HAL_Driver/stm32wlxx_hal_rtc.o
                0x0000000008002ce8                HAL_RTC_AlarmIRQHandler
 .text.HAL_RTC_WaitForSynchro
                0x0000000008002d28       0x34 ./Drivers/STM32WLxx_HAL_Driver/stm32wlxx_hal_rtc.o
                0x0000000008002d28                HAL_RTC_WaitForSynchro
 .text.RTC_EnterInitMode
                0x0000000008002d5c       0x4c ./Drivers/STM32WLxx_HAL_Driver/stm32wlxx_hal_rtc.o
                0x0000000008002d5c                RTC_EnterInitMode
 .text.RTC_ExitInitMode
                0x0000000008002da8       0x4c ./Drivers/STM32WLxx_HAL_Driver/stm32wlxx_hal_rtc.o
                0x0000000008002da8                RTC_ExitInitMode
 .text.HAL_RTC_Init
                0x0000000008002df4       0xa4 ./Drivers/STM32WLxx_HAL_Driver/stm32wlxx_hal_rtc.o
                0x0000000008002df4                HAL_RTC_Init
 .text.RTC_ByteToBcd2
                0x0000000008002e98       0x16 ./Drivers/STM32WLxx_HAL_Driver/stm32wlxx_hal_rtc.o
                0x0000000008002e98                RTC_ByteToBcd2
 *fill*         0x0000000008002eae        0x2 
 .text.HAL_RTC_SetAlarm_IT
                0x0000000008002eb0      0x178 ./Drivers/STM32WLxx_HAL_Driver/stm32wlxx_hal_rtc.o
                0x0000000008002eb0                HAL_RTC_SetAlarm_IT
 .text.HAL_RTCEx_EnableBypassShadow
                0x0000000008003028       0x40 ./Drivers/STM32WLxx_HAL_Driver/stm32wlxx_hal_rtc_ex.o
                0x0000000008003028                HAL_RTCEx_EnableBypassShadow
 .text.HAL_RTCEx_SetSSRU_IT
                0x0000000008003068       0x58 ./Drivers/STM32WLxx_HAL_Driver/stm32wlxx_hal_rtc_ex.o
                0x0000000008003068                HAL_RTCEx_SetSSRU_IT
 .text.HAL_RTCEx_SSRUIRQHandler
                0x00000000080030c0       0x28 ./Drivers/STM32WLxx_HAL_Driver/stm32wlxx_hal_rtc_ex.o
                0x00000000080030c0                HAL_RTCEx_SSRUIRQHandler
 .text.HAL_RTCEx_AlarmBEventCallback
                0x00000000080030e8        0x2 ./Drivers/STM32WLxx_HAL_Driver/stm32wlxx_hal_rtc_ex.o
                0x00000000080030e8                HAL_RTCEx_AlarmBEventCallback
 .text.HAL_RTCEx_BKUPWrite
                0x00000000080030ea        0xe ./Drivers/STM32WLxx_HAL_Driver/stm32wlxx_hal_rtc_ex.o
                0x00000000080030ea                HAL_RTCEx_BKUPWrite
 .text.HAL_RTCEx_BKUPRead
                0x00000000080030f8        0xe ./Drivers/STM32WLxx_HAL_Driver/stm32wlxx_hal_rtc_ex.o
                0x00000000080030f8                HAL_RTCEx_BKUPRead
 *fill*         0x0000000008003106        0x2 
 .text.SUBGHZSPI_Init
                0x0000000008003108       0x24 ./Drivers/STM32WLxx_HAL_Driver/stm32wlxx_hal_subghz.o
                0x0000000008003108                SUBGHZSPI_Init
 .text.HAL_SUBGHZ_Init
                0x000000000800312c       0xb8 ./Drivers/STM32WLxx_HAL_Driver/stm32wlxx_hal_subghz.o
                0x000000000800312c                HAL_SUBGHZ_Init
 .text.SUBGHZSPI_Transmit
                0x00000000080031e4       0x7c ./Drivers/STM32WLxx_HAL_Driver/stm32wlxx_hal_subghz.o
                0x00000000080031e4                SUBGHZSPI_Transmit
 .text.SUBGHZSPI_Receive
                0x0000000008003260       0x84 ./Drivers/STM32WLxx_HAL_Driver/stm32wlxx_hal_subghz.o
                0x0000000008003260                SUBGHZSPI_Receive
 .text.SUBGHZ_WaitOnBusy
                0x00000000080032e4       0x58 ./Drivers/STM32WLxx_HAL_Driver/stm32wlxx_hal_subghz.o
                0x00000000080032e4                SUBGHZ_WaitOnBusy
 .text.SUBGHZ_CheckDeviceReady
                0x000000000800333c       0x54 ./Drivers/STM32WLxx_HAL_Driver/stm32wlxx_hal_subghz.o
                0x000000000800333c                SUBGHZ_CheckDeviceReady
 .text.HAL_SUBGHZ_WriteRegisters
                0x0000000008003390       0xa0 ./Drivers/STM32WLxx_HAL_Driver/stm32wlxx_hal_subghz.o
                0x0000000008003390                HAL_SUBGHZ_WriteRegisters
 .text.HAL_SUBGHZ_ReadRegisters
                0x0000000008003430       0xa8 ./Drivers/STM32WLxx_HAL_Driver/stm32wlxx_hal_subghz.o
                0x0000000008003430                HAL_SUBGHZ_ReadRegisters
 .text.HAL_SUBGHZ_ExecSetCmd
                0x00000000080034d8       0xac ./Drivers/STM32WLxx_HAL_Driver/stm32wlxx_hal_subghz.o
                0x00000000080034d8                HAL_SUBGHZ_ExecSetCmd
 .text.HAL_SUBGHZ_ExecGetCmd
                0x0000000008003584       0x98 ./Drivers/STM32WLxx_HAL_Driver/stm32wlxx_hal_subghz.o
                0x0000000008003584                HAL_SUBGHZ_ExecGetCmd
 .text.HAL_SUBGHZ_IRQHandler
                0x000000000800361c       0xc0 ./Drivers/STM32WLxx_HAL_Driver/stm32wlxx_hal_subghz.o
                0x000000000800361c                HAL_SUBGHZ_IRQHandler
 .text.HAL_SUBGHZ_WriteBuffer
                0x00000000080036dc       0x94 ./Drivers/STM32WLxx_HAL_Driver/stm32wlxx_hal_subghz.o
                0x00000000080036dc                HAL_SUBGHZ_WriteBuffer
 .text.HAL_SUBGHZ_ReadBuffer
                0x0000000008003770       0xa0 ./Drivers/STM32WLxx_HAL_Driver/stm32wlxx_hal_subghz.o
                0x0000000008003770                HAL_SUBGHZ_ReadBuffer
 .text.UART_EndTxTransfer
                0x0000000008003810       0x32 ./Drivers/STM32WLxx_HAL_Driver/stm32wlxx_hal_uart.o
 .text.UART_EndRxTransfer
                0x0000000008003842       0x56 ./Drivers/STM32WLxx_HAL_Driver/stm32wlxx_hal_uart.o
 .text.HAL_UART_Transmit_DMA
                0x0000000008003898       0xc0 ./Drivers/STM32WLxx_HAL_Driver/stm32wlxx_hal_uart.o
                0x0000000008003898                HAL_UART_Transmit_DMA
 .text.UART_DMATransmitCplt
                0x0000000008003958       0x48 ./Drivers/STM32WLxx_HAL_Driver/stm32wlxx_hal_uart.o
 .text.UART_EndTransmit_IT
                0x00000000080039a0       0x24 ./Drivers/STM32WLxx_HAL_Driver/stm32wlxx_hal_uart.o
 .text.HAL_UART_TxHalfCpltCallback
                0x00000000080039c4        0x2 ./Drivers/STM32WLxx_HAL_Driver/stm32wlxx_hal_uart.o
                0x00000000080039c4                HAL_UART_TxHalfCpltCallback
 .text.UART_DMATxHalfCplt
                0x00000000080039c6        0xa ./Drivers/STM32WLxx_HAL_Driver/stm32wlxx_hal_uart.o
 .text.HAL_UART_ErrorCallback
                0x00000000080039d0        0x2 ./Drivers/STM32WLxx_HAL_Driver/stm32wlxx_hal_uart.o
                0x00000000080039d0                HAL_UART_ErrorCallback
 .text.UART_DMAError
                0x00000000080039d2       0x58 ./Drivers/STM32WLxx_HAL_Driver/stm32wlxx_hal_uart.o
 .text.UART_DMAAbortOnError
                0x0000000008003a2a       0x14 ./Drivers/STM32WLxx_HAL_Driver/stm32wlxx_hal_uart.o
 .text.HAL_UARTEx_RxEventCallback
                0x0000000008003a3e        0x2 ./Drivers/STM32WLxx_HAL_Driver/stm32wlxx_hal_uart.o
                0x0000000008003a3e                HAL_UARTEx_RxEventCallback
 .text.HAL_UART_IRQHandler
                0x0000000008003a40      0x334 ./Drivers/STM32WLxx_HAL_Driver/stm32wlxx_hal_uart.o
                0x0000000008003a40                HAL_UART_IRQHandler
 .text.UART_RxISR_8BIT
                0x0000000008003d74       0xb2 ./Drivers/STM32WLxx_HAL_Driver/stm32wlxx_hal_uart.o
 .text.UART_RxISR_16BIT
                0x0000000008003e26       0xb0 ./Drivers/STM32WLxx_HAL_Driver/stm32wlxx_hal_uart.o
 *fill*         0x0000000008003ed6        0x2 
 .text.UART_RxISR_8BIT_FIFOEN
                0x0000000008003ed8      0x1a0 ./Drivers/STM32WLxx_HAL_Driver/stm32wlxx_hal_uart.o
 .text.UART_RxISR_16BIT_FIFOEN
                0x0000000008004078      0x1a0 ./Drivers/STM32WLxx_HAL_Driver/stm32wlxx_hal_uart.o
 .text.UART_SetConfig
                0x0000000008004218      0x2d4 ./Drivers/STM32WLxx_HAL_Driver/stm32wlxx_hal_uart.o
                0x0000000008004218                UART_SetConfig
 .text.UART_AdvFeatureConfig
                0x00000000080044ec       0xca ./Drivers/STM32WLxx_HAL_Driver/stm32wlxx_hal_uart.o
                0x00000000080044ec                UART_AdvFeatureConfig
 .text.UART_WaitOnFlagUntilTimeout
                0x00000000080045b6       0xd8 ./Drivers/STM32WLxx_HAL_Driver/stm32wlxx_hal_uart.o
                0x00000000080045b6                UART_WaitOnFlagUntilTimeout
 .text.UART_CheckIdleState
                0x000000000800468e       0x74 ./Drivers/STM32WLxx_HAL_Driver/stm32wlxx_hal_uart.o
                0x000000000800468e                UART_CheckIdleState
 .text.HAL_UART_Init
                0x0000000008004702       0x66 ./Drivers/STM32WLxx_HAL_Driver/stm32wlxx_hal_uart.o
                0x0000000008004702                HAL_UART_Init
 .text.UART_Start_Receive_IT
                0x0000000008004768      0x128 ./Drivers/STM32WLxx_HAL_Driver/stm32wlxx_hal_uart.o
                0x0000000008004768                UART_Start_Receive_IT
 .text.HAL_UART_Receive_IT
                0x0000000008004890       0x5c ./Drivers/STM32WLxx_HAL_Driver/stm32wlxx_hal_uart.o
                0x0000000008004890                HAL_UART_Receive_IT
 .text.UARTEx_Wakeup_AddressConfig
                0x00000000080048ec       0x2e ./Drivers/STM32WLxx_HAL_Driver/stm32wlxx_hal_uart_ex.o
 *fill*         0x000000000800491a        0x2 
 .text.UARTEx_SetNbDataToProcess
                0x000000000800491c       0x4c ./Drivers/STM32WLxx_HAL_Driver/stm32wlxx_hal_uart_ex.o
 .text.HAL_UARTEx_WakeupCallback
                0x0000000008004968        0x2 ./Drivers/STM32WLxx_HAL_Driver/stm32wlxx_hal_uart_ex.o
                0x0000000008004968                HAL_UARTEx_WakeupCallback
 .text.HAL_UARTEx_RxFifoFullCallback
                0x000000000800496a        0x2 ./Drivers/STM32WLxx_HAL_Driver/stm32wlxx_hal_uart_ex.o
                0x000000000800496a                HAL_UARTEx_RxFifoFullCallback
 .text.HAL_UARTEx_TxFifoEmptyCallback
                0x000000000800496c        0x2 ./Drivers/STM32WLxx_HAL_Driver/stm32wlxx_hal_uart_ex.o
                0x000000000800496c                HAL_UARTEx_TxFifoEmptyCallback
 .text.HAL_UARTEx_StopModeWakeUpSourceConfig
                0x000000000800496e       0x82 ./Drivers/STM32WLxx_HAL_Driver/stm32wlxx_hal_uart_ex.o
                0x000000000800496e                HAL_UARTEx_StopModeWakeUpSourceConfig
 .text.HAL_UARTEx_EnableStopMode
                0x00000000080049f0       0x2e ./Drivers/STM32WLxx_HAL_Driver/stm32wlxx_hal_uart_ex.o
                0x00000000080049f0                HAL_UARTEx_EnableStopMode
 .text.HAL_UARTEx_EnableFifoMode
                0x0000000008004a1e       0x48 ./Drivers/STM32WLxx_HAL_Driver/stm32wlxx_hal_uart_ex.o
                0x0000000008004a1e                HAL_UARTEx_EnableFifoMode
 .text.HAL_UARTEx_SetTxFifoThreshold
                0x0000000008004a66       0x4a ./Drivers/STM32WLxx_HAL_Driver/stm32wlxx_hal_uart_ex.o
                0x0000000008004a66                HAL_UARTEx_SetTxFifoThreshold
 .text.HAL_UARTEx_SetRxFifoThreshold
                0x0000000008004ab0       0x4a ./Drivers/STM32WLxx_HAL_Driver/stm32wlxx_hal_uart_ex.o
                0x0000000008004ab0                HAL_UARTEx_SetRxFifoThreshold
 .text.RadioCheckRfFrequency
                0x0000000008004afa        0x4 ./Middlewares/SubGHz_Phy/radio.o
 *fill*         0x0000000008004afe        0x2 
 .text.RadioGetLoRaBandwidthInHz
                0x0000000008004b00       0x5c ./Middlewares/SubGHz_Phy/radio.o
 .text.RadioGetGfskTimeOnAirNumerator
                0x0000000008004b5c       0x26 ./Middlewares/SubGHz_Phy/radio.o
 .text.RadioGetLoRaTimeOnAirNumerator
                0x0000000008004b82       0x92 ./Middlewares/SubGHz_Phy/radio.o
 .text.RadioTimeOnAir
                0x0000000008004c14       0x74 ./Middlewares/SubGHz_Phy/radio.o
 .text.RadioOnTxTimeoutProcess
                0x0000000008004c88       0x14 ./Middlewares/SubGHz_Phy/radio.o
 .text.RadioOnTxTimeoutIrq
                0x0000000008004c9c        0x8 ./Middlewares/SubGHz_Phy/radio.o
 .text.RadioOnRxTimeoutProcess
                0x0000000008004ca4       0x14 ./Middlewares/SubGHz_Phy/radio.o
 .text.RadioOnRxTimeoutIrq
                0x0000000008004cb8        0x8 ./Middlewares/SubGHz_Phy/radio.o
 .text.payload_integration
                0x0000000008004cc0       0xaa ./Middlewares/SubGHz_Phy/radio.o
 *fill*         0x0000000008004d6a        0x2 
 .text.RadioSetMaxPayloadLength
                0x0000000008004d6c       0x38 ./Middlewares/SubGHz_Phy/radio.o
 .text.RadioRead
                0x0000000008004da4        0x8 ./Middlewares/SubGHz_Phy/radio.o
 .text.RadioWrite
                0x0000000008004dac        0x8 ./Middlewares/SubGHz_Phy/radio.o
 .text.RadioTxCw
                0x0000000008004db4       0x12 ./Middlewares/SubGHz_Phy/radio.o
 *fill*         0x0000000008004dc6        0x2 
 .text.RadioTxPrbs
                0x0000000008004dc8       0x2c ./Middlewares/SubGHz_Phy/radio.o
 .text.RadioSetRxDutyCycle
                0x0000000008004df4       0x20 ./Middlewares/SubGHz_Phy/radio.o
 .text.RadioRxBoosted
                0x0000000008004e14       0x64 ./Middlewares/SubGHz_Phy/radio.o
 .text.RadioStandby
                0x0000000008004e78        0xa ./Middlewares/SubGHz_Phy/radio.o
 .text.RadioGetStatus
                0x0000000008004e82       0x22 ./Middlewares/SubGHz_Phy/radio.o
 .text.RadioIrqProcess
                0x0000000008004ea4      0x2b4 ./Middlewares/SubGHz_Phy/radio.o
 .text.RadioOnDioIrq
                0x0000000008005158       0x14 ./Middlewares/SubGHz_Phy/radio.o
 .text.RadioGetWakeupTime
                0x000000000800516c        0xa ./Middlewares/SubGHz_Phy/radio.o
 .text.RadioReadRegisters
                0x0000000008005176        0x8 ./Middlewares/SubGHz_Phy/radio.o
 .text.RadioWriteRegisters
                0x000000000800517e        0x8 ./Middlewares/SubGHz_Phy/radio.o
 .text.RadioRssi
                0x0000000008005186        0xa ./Middlewares/SubGHz_Phy/radio.o
 .text.RadioSetTxContinuousWave
                0x0000000008005190       0x38 ./Middlewares/SubGHz_Phy/radio.o
 .text.RadioSetChannel
                0x00000000080051c8        0x8 ./Middlewares/SubGHz_Phy/radio.o
 .text.RadioStartCad
                0x00000000080051d0       0x28 ./Middlewares/SubGHz_Phy/radio.o
 .text.RadioRx  0x00000000080051f8       0x64 ./Middlewares/SubGHz_Phy/radio.o
 .text.RadioSleep
                0x000000000800525c       0x12 ./Middlewares/SubGHz_Phy/radio.o
 *fill*         0x000000000800526e        0x2 
 .text.RadioSend
                0x0000000008005270      0x190 ./Middlewares/SubGHz_Phy/radio.o
 .text.RadioSetModem
                0x0000000008005400       0x70 ./Middlewares/SubGHz_Phy/radio.o
 .text.RadioSetTxGenericConfig
                0x0000000008005470      0x250 ./Middlewares/SubGHz_Phy/radio.o
 .text.RadioSetRxGenericConfig
                0x00000000080056c0      0x284 ./Middlewares/SubGHz_Phy/radio.o
 .text.RadioSetPublicNetwork
                0x0000000008005944       0x44 ./Middlewares/SubGHz_Phy/radio.o
 .text.RadioSetTxConfig
                0x0000000008005988      0x1b0 ./Middlewares/SubGHz_Phy/radio.o
 .text.RadioSetRxConfig
                0x0000000008005b38      0x2f4 ./Middlewares/SubGHz_Phy/radio.o
 .text.RadioRandom
                0x0000000008005e2c       0x1a ./Middlewares/SubGHz_Phy/radio.o
 .text.RadioIsChannelFree
                0x0000000008005e46       0x7c ./Middlewares/SubGHz_Phy/radio.o
 *fill*         0x0000000008005ec2        0x2 
 .text.RadioInit
                0x0000000008005ec4       0x98 ./Middlewares/SubGHz_Phy/radio.o
 .text.SUBGRF_WriteCommand
                0x0000000008005f5c       0x20 ./Middlewares/SubGHz_Phy/radio_driver.o
 .text.SUBGRF_ReadCommand
                0x0000000008005f7c       0x20 ./Middlewares/SubGHz_Phy/radio_driver.o
 .text.SUBGRF_GetOperatingMode
                0x0000000008005f9c        0xc ./Middlewares/SubGHz_Phy/radio_driver.o
                0x0000000008005f9c                SUBGRF_GetOperatingMode
 .text.SUBGRF_SetStandby
                0x0000000008005fa8       0x34 ./Middlewares/SubGHz_Phy/radio_driver.o
                0x0000000008005fa8                SUBGRF_SetStandby
 .text.SUBGRF_SetTx
                0x0000000008005fdc       0x34 ./Middlewares/SubGHz_Phy/radio_driver.o
                0x0000000008005fdc                SUBGRF_SetTx
 .text.SUBGRF_SetRx
                0x0000000008006010       0x34 ./Middlewares/SubGHz_Phy/radio_driver.o
                0x0000000008006010                SUBGRF_SetRx
 .text.SUBGRF_SetRxDutyCycle
                0x0000000008006044       0x48 ./Middlewares/SubGHz_Phy/radio_driver.o
                0x0000000008006044                SUBGRF_SetRxDutyCycle
 .text.SUBGRF_SetCad
                0x000000000800608c       0x18 ./Middlewares/SubGHz_Phy/radio_driver.o
                0x000000000800608c                SUBGRF_SetCad
 .text.SUBGRF_SetTxContinuousWave
                0x00000000080060a4        0xe ./Middlewares/SubGHz_Phy/radio_driver.o
                0x00000000080060a4                SUBGRF_SetTxContinuousWave
 .text.SUBGRF_SetTxInfinitePreamble
                0x00000000080060b2        0xe ./Middlewares/SubGHz_Phy/radio_driver.o
                0x00000000080060b2                SUBGRF_SetTxInfinitePreamble
 .text.SUBGRF_SetStopRxTimerOnPreambleDetect
                0x00000000080060c0       0x1a ./Middlewares/SubGHz_Phy/radio_driver.o
                0x00000000080060c0                SUBGRF_SetStopRxTimerOnPreambleDetect
 .text.SUBGRF_SetRegulatorMode
                0x00000000080060da       0x2c ./Middlewares/SubGHz_Phy/radio_driver.o
                0x00000000080060da                SUBGRF_SetRegulatorMode
 .text.SUBGRF_Calibrate
                0x0000000008006106       0x4e ./Middlewares/SubGHz_Phy/radio_driver.o
                0x0000000008006106                SUBGRF_Calibrate
 .text.SUBGRF_CalibrateImage
                0x0000000008006154       0x8c ./Middlewares/SubGHz_Phy/radio_driver.o
                0x0000000008006154                SUBGRF_CalibrateImage
 .text.SUBGRF_SetPaConfig
                0x00000000080061e0       0x26 ./Middlewares/SubGHz_Phy/radio_driver.o
                0x00000000080061e0                SUBGRF_SetPaConfig
 .text.SUBGRF_SetDioIrqParams
                0x0000000008006206       0x3a ./Middlewares/SubGHz_Phy/radio_driver.o
                0x0000000008006206                SUBGRF_SetDioIrqParams
 .text.SUBGRF_SetTcxoMode
                0x0000000008006240       0x32 ./Middlewares/SubGHz_Phy/radio_driver.o
                0x0000000008006240                SUBGRF_SetTcxoMode
 *fill*         0x0000000008006272        0x2 
 .text.SUBGRF_SetRfFrequency
                0x0000000008006274       0x58 ./Middlewares/SubGHz_Phy/radio_driver.o
                0x0000000008006274                SUBGRF_SetRfFrequency
 .text.SUBGRF_GetPacketType
                0x00000000080062cc        0xc ./Middlewares/SubGHz_Phy/radio_driver.o
                0x00000000080062cc                SUBGRF_GetPacketType
 .text.SUBGRF_SetBufferBaseAddress
                0x00000000080062d8       0x1c ./Middlewares/SubGHz_Phy/radio_driver.o
                0x00000000080062d8                SUBGRF_SetBufferBaseAddress
 .text.SUBGRF_GetRssiInst
                0x00000000080062f4       0x1c ./Middlewares/SubGHz_Phy/radio_driver.o
                0x00000000080062f4                SUBGRF_GetRssiInst
 .text.SUBGRF_GetPacketStatus
                0x0000000008006310       0x78 ./Middlewares/SubGHz_Phy/radio_driver.o
                0x0000000008006310                SUBGRF_GetPacketStatus
 .text.SUBGRF_WriteRegister
                0x0000000008006388       0x20 ./Middlewares/SubGHz_Phy/radio_driver.o
                0x0000000008006388                SUBGRF_WriteRegister
 .text.SUBGRF_SetRxBoosted
                0x00000000080063a8       0x3c ./Middlewares/SubGHz_Phy/radio_driver.o
                0x00000000080063a8                SUBGRF_SetRxBoosted
 .text.SUBGRF_SetLoRaSymbNumTimeout
                0x00000000080063e4       0x42 ./Middlewares/SubGHz_Phy/radio_driver.o
                0x00000000080063e4                SUBGRF_SetLoRaSymbNumTimeout
 *fill*         0x0000000008006426        0x2 
 .text.SUBGRF_SetPacketType
                0x0000000008006428       0x30 ./Middlewares/SubGHz_Phy/radio_driver.o
                0x0000000008006428                SUBGRF_SetPacketType
 .text.SUBGRF_SetModulationParams
                0x0000000008006458      0x110 ./Middlewares/SubGHz_Phy/radio_driver.o
                0x0000000008006458                SUBGRF_SetModulationParams
 .text.SUBGRF_ReadRegister
                0x0000000008006568       0x20 ./Middlewares/SubGHz_Phy/radio_driver.o
                0x0000000008006568                SUBGRF_ReadRegister
 .text.Radio_SMPS_Set
                0x0000000008006588       0x26 ./Middlewares/SubGHz_Phy/radio_driver.o
 *fill*         0x00000000080065ae        0x2 
 .text.SUBGRF_Init
                0x00000000080065b0       0x6c ./Middlewares/SubGHz_Phy/radio_driver.o
                0x00000000080065b0                SUBGRF_Init
 .text.SUBGRF_SetSleep
                0x000000000800661c       0x44 ./Middlewares/SubGHz_Phy/radio_driver.o
                0x000000000800661c                SUBGRF_SetSleep
 .text.SUBGRF_SetWhiteningSeed
                0x0000000008006660       0x32 ./Middlewares/SubGHz_Phy/radio_driver.o
                0x0000000008006660                SUBGRF_SetWhiteningSeed
 .text.SUBGRF_SetTxParams
                0x0000000008006692       0x9c ./Middlewares/SubGHz_Phy/radio_driver.o
                0x0000000008006692                SUBGRF_SetTxParams
 *fill*         0x000000000800672e        0x2 
 .text.SUBGRF_GetRxBufferStatus
                0x0000000008006730       0x44 ./Middlewares/SubGHz_Phy/radio_driver.o
                0x0000000008006730                SUBGRF_GetRxBufferStatus
 .text.SUBGRF_WriteRegisters
                0x0000000008006774       0x20 ./Middlewares/SubGHz_Phy/radio_driver.o
                0x0000000008006774                SUBGRF_WriteRegisters
 .text.SUBGRF_SetSyncWord
                0x0000000008006794       0x12 ./Middlewares/SubGHz_Phy/radio_driver.o
                0x0000000008006794                SUBGRF_SetSyncWord
 .text.SUBGRF_SetCrcSeed
                0x00000000080067a6       0x28 ./Middlewares/SubGHz_Phy/radio_driver.o
                0x00000000080067a6                SUBGRF_SetCrcSeed
 .text.SUBGRF_SetCrcPolynomial
                0x00000000080067ce       0x28 ./Middlewares/SubGHz_Phy/radio_driver.o
                0x00000000080067ce                SUBGRF_SetCrcPolynomial
 *fill*         0x00000000080067f6        0x2 
 .text.SUBGRF_SetPacketParams
                0x00000000080067f8       0xe4 ./Middlewares/SubGHz_Phy/radio_driver.o
                0x00000000080067f8                SUBGRF_SetPacketParams
 .text.SUBGRF_ReadRegisters
                0x00000000080068dc       0x20 ./Middlewares/SubGHz_Phy/radio_driver.o
                0x00000000080068dc                SUBGRF_ReadRegisters
 .text.SUBGRF_GetRandom
                0x00000000080068fc       0x6a ./Middlewares/SubGHz_Phy/radio_driver.o
                0x00000000080068fc                SUBGRF_GetRandom
 *fill*         0x0000000008006966        0x2 
 .text.SUBGRF_WriteBuffer
                0x0000000008006968       0x20 ./Middlewares/SubGHz_Phy/radio_driver.o
                0x0000000008006968                SUBGRF_WriteBuffer
 .text.SUBGRF_SetPayload
                0x0000000008006988        0xe ./Middlewares/SubGHz_Phy/radio_driver.o
                0x0000000008006988                SUBGRF_SetPayload
 .text.SUBGRF_SendPayload
                0x0000000008006996       0x10 ./Middlewares/SubGHz_Phy/radio_driver.o
                0x0000000008006996                SUBGRF_SendPayload
 *fill*         0x00000000080069a6        0x2 
 .text.SUBGRF_ReadBuffer
                0x00000000080069a8       0x20 ./Middlewares/SubGHz_Phy/radio_driver.o
                0x00000000080069a8                SUBGRF_ReadBuffer
 .text.SUBGRF_GetPayload
                0x00000000080069c8       0x34 ./Middlewares/SubGHz_Phy/radio_driver.o
                0x00000000080069c8                SUBGRF_GetPayload
 .text.SUBGRF_SetSwitch
                0x00000000080069fc       0x28 ./Middlewares/SubGHz_Phy/radio_driver.o
                0x00000000080069fc                SUBGRF_SetSwitch
 .text.SUBGRF_SetRfTxPower
                0x0000000008006a24       0x2e ./Middlewares/SubGHz_Phy/radio_driver.o
                0x0000000008006a24                SUBGRF_SetRfTxPower
 .text.SUBGRF_GetRadioWakeUpTime
                0x0000000008006a52        0x4 ./Middlewares/SubGHz_Phy/radio_driver.o
                0x0000000008006a52                SUBGRF_GetRadioWakeUpTime
 *fill*         0x0000000008006a56        0x2 
 .text.HAL_SUBGHZ_TxCpltCallback
                0x0000000008006a58       0x10 ./Middlewares/SubGHz_Phy/radio_driver.o
                0x0000000008006a58                HAL_SUBGHZ_TxCpltCallback
 .text.HAL_SUBGHZ_RxCpltCallback
                0x0000000008006a68       0x10 ./Middlewares/SubGHz_Phy/radio_driver.o
                0x0000000008006a68                HAL_SUBGHZ_RxCpltCallback
 .text.HAL_SUBGHZ_CRCErrorCallback
                0x0000000008006a78       0x10 ./Middlewares/SubGHz_Phy/radio_driver.o
                0x0000000008006a78                HAL_SUBGHZ_CRCErrorCallback
 .text.HAL_SUBGHZ_CADStatusCallback
                0x0000000008006a88       0x24 ./Middlewares/SubGHz_Phy/radio_driver.o
                0x0000000008006a88                HAL_SUBGHZ_CADStatusCallback
 .text.HAL_SUBGHZ_RxTxTimeoutCallback
                0x0000000008006aac       0x14 ./Middlewares/SubGHz_Phy/radio_driver.o
                0x0000000008006aac                HAL_SUBGHZ_RxTxTimeoutCallback
 .text.HAL_SUBGHZ_HeaderErrorCallback
                0x0000000008006ac0       0x10 ./Middlewares/SubGHz_Phy/radio_driver.o
                0x0000000008006ac0                HAL_SUBGHZ_HeaderErrorCallback
 .text.HAL_SUBGHZ_PreambleDetectedCallback
                0x0000000008006ad0       0x10 ./Middlewares/SubGHz_Phy/radio_driver.o
                0x0000000008006ad0                HAL_SUBGHZ_PreambleDetectedCallback
 .text.HAL_SUBGHZ_SyncWordValidCallback
                0x0000000008006ae0       0x10 ./Middlewares/SubGHz_Phy/radio_driver.o
                0x0000000008006ae0                HAL_SUBGHZ_SyncWordValidCallback
 .text.HAL_SUBGHZ_HeaderValidCallback
                0x0000000008006af0       0x10 ./Middlewares/SubGHz_Phy/radio_driver.o
                0x0000000008006af0                HAL_SUBGHZ_HeaderValidCallback
 .text.SUBGRF_GetFskBandwidthRegValue
                0x0000000008006b00       0x34 ./Middlewares/SubGHz_Phy/radio_driver.o
                0x0000000008006b00                SUBGRF_GetFskBandwidthRegValue
 .text.SUBGRF_GetCFO
                0x0000000008006b34       0x88 ./Middlewares/SubGHz_Phy/radio_driver.o
                0x0000000008006b34                SUBGRF_GetCFO
 .text.RFW_TransmitLongPacket
                0x0000000008006bbc        0x6 ./Middlewares/SubGHz_Phy/radio_fw.o
                0x0000000008006bbc                RFW_TransmitLongPacket
 .text.RFW_ReceiveLongPacket
                0x0000000008006bc2        0x6 ./Middlewares/SubGHz_Phy/radio_fw.o
                0x0000000008006bc2                RFW_ReceiveLongPacket
 .text.RFW_Init
                0x0000000008006bc8        0x6 ./Middlewares/SubGHz_Phy/radio_fw.o
                0x0000000008006bc8                RFW_Init
 .text.RFW_DeInit
                0x0000000008006bce        0x2 ./Middlewares/SubGHz_Phy/radio_fw.o
                0x0000000008006bce                RFW_DeInit
 .text.RFW_Is_Init
                0x0000000008006bd0        0x4 ./Middlewares/SubGHz_Phy/radio_fw.o
                0x0000000008006bd0                RFW_Is_Init
 .text.RFW_Is_LongPacketModeEnabled
                0x0000000008006bd4        0x4 ./Middlewares/SubGHz_Phy/radio_fw.o
                0x0000000008006bd4                RFW_Is_LongPacketModeEnabled
 .text.RFW_SetAntSwitch
                0x0000000008006bd8        0x2 ./Middlewares/SubGHz_Phy/radio_fw.o
                0x0000000008006bd8                RFW_SetAntSwitch
 .text.RFW_TransmitInit
                0x0000000008006bda        0x6 ./Middlewares/SubGHz_Phy/radio_fw.o
                0x0000000008006bda                RFW_TransmitInit
 .text.RFW_ReceiveInit
                0x0000000008006be0        0x6 ./Middlewares/SubGHz_Phy/radio_fw.o
                0x0000000008006be0                RFW_ReceiveInit
 .text.RFW_DeInit_TxLongPacket
                0x0000000008006be6        0x2 ./Middlewares/SubGHz_Phy/radio_fw.o
                0x0000000008006be6                RFW_DeInit_TxLongPacket
 .text.RFW_ReceivePayload
                0x0000000008006be8        0x2 ./Middlewares/SubGHz_Phy/radio_fw.o
                0x0000000008006be8                RFW_ReceivePayload
 .text.RFW_SetRadioModem
                0x0000000008006bea        0x2 ./Middlewares/SubGHz_Phy/radio_fw.o
                0x0000000008006bea                RFW_SetRadioModem
 .text.TRACE_AllocateBufer
                0x0000000008006bec       0x7c ./Utilities/stm32_adv_trace.o
 .text.TRACE_Lock
                0x0000000008006c68       0x18 ./Utilities/stm32_adv_trace.o
 .text.TRACE_UnLock
                0x0000000008006c80       0x18 ./Utilities/stm32_adv_trace.o
 .text.TRACE_IsLocked
                0x0000000008006c98       0x10 ./Utilities/stm32_adv_trace.o
 .text.UTIL_ADV_TRACE_Init
                0x0000000008006ca8       0x34 ./Utilities/stm32_adv_trace.o
                0x0000000008006ca8                UTIL_ADV_TRACE_Init
 .text.UTIL_ADV_TRACE_RegisterTimeStampFunction
                0x0000000008006cdc        0xc ./Utilities/stm32_adv_trace.o
                0x0000000008006cdc                UTIL_ADV_TRACE_RegisterTimeStampFunction
 .text.UTIL_ADV_TRACE_SetVerboseLevel
                0x0000000008006ce8        0xc ./Utilities/stm32_adv_trace.o
                0x0000000008006ce8                UTIL_ADV_TRACE_SetVerboseLevel
 .text.TRACE_Send
                0x0000000008006cf4       0x9c ./Utilities/stm32_adv_trace.o
 .text.UTIL_ADV_TRACE_COND_FSend
                0x0000000008006d90       0xc8 ./Utilities/stm32_adv_trace.o
                0x0000000008006d90                UTIL_ADV_TRACE_COND_FSend
 .text.TRACE_TxCpltCallback
                0x0000000008006e58       0xac ./Utilities/stm32_adv_trace.o
 .text.UTIL_LPM_Init
                0x0000000008006f04       0x14 ./Utilities/stm32_lpm.o
                0x0000000008006f04                UTIL_LPM_Init
 .text.UTIL_LPM_SetStopMode
                0x0000000008006f18       0x2c ./Utilities/stm32_lpm.o
                0x0000000008006f18                UTIL_LPM_SetStopMode
 .text.UTIL_LPM_SetOffMode
                0x0000000008006f44       0x2c ./Utilities/stm32_lpm.o
                0x0000000008006f44                UTIL_LPM_SetOffMode
 .text.UTIL_LPM_EnterLowPower
                0x0000000008006f70       0x48 ./Utilities/stm32_lpm.o
                0x0000000008006f70                UTIL_LPM_EnterLowPower
 .text.UTIL_MEM_set_8
                0x0000000008006fb8       0x10 ./Utilities/stm32_mem.o
                0x0000000008006fb8                UTIL_MEM_set_8
 .text.UTIL_SEQ_SetTask
                0x0000000008006fc8       0x2c ./Utilities/stm32_seq.o
                0x0000000008006fc8                UTIL_SEQ_SetTask
 .text.UTIL_SEQ_PreIdle
                0x0000000008006ff4        0x2 ./Utilities/stm32_seq.o
                0x0000000008006ff4                UTIL_SEQ_PreIdle
 .text.UTIL_SEQ_PostIdle
                0x0000000008006ff6        0x2 ./Utilities/stm32_seq.o
                0x0000000008006ff6                UTIL_SEQ_PostIdle
 .text.SEQ_BitPosition
                0x0000000008006ff8       0x3c ./Utilities/stm32_seq.o
                0x0000000008006ff8                SEQ_BitPosition
 .text.UTIL_SEQ_Run
                0x0000000008007034      0x110 ./Utilities/stm32_seq.o
                0x0000000008007034                UTIL_SEQ_Run
 .text.UTIL_SEQ_RegTask
                0x0000000008007144       0x20 ./Utilities/stm32_seq.o
                0x0000000008007144                UTIL_SEQ_RegTask
 .text.SysTimeAdd
                0x0000000008007164       0x3a ./Utilities/stm32_systime.o
                0x0000000008007164                SysTimeAdd
 *fill*         0x000000000800719e        0x2 
 .text.SysTimeGet
                0x00000000080071a0       0x40 ./Utilities/stm32_systime.o
                0x00000000080071a0                SysTimeGet
 .text.UTIL_TIMER_Init
                0x00000000080071e0       0x18 ./Utilities/stm32_timer.o
                0x00000000080071e0                UTIL_TIMER_Init
 .text.UTIL_TIMER_Create
                0x00000000080071f8       0x3c ./Utilities/stm32_timer.o
                0x00000000080071f8                UTIL_TIMER_Create
 .text.UTIL_TIMER_GetCurrentTime
                0x0000000008007234       0x14 ./Utilities/stm32_timer.o
                0x0000000008007234                UTIL_TIMER_GetCurrentTime
 .text.UTIL_TIMER_GetElapsedTime
                0x0000000008007248       0x20 ./Utilities/stm32_timer.o
                0x0000000008007248                UTIL_TIMER_GetElapsedTime
 .text.TimerExists
                0x0000000008007268       0x1c ./Utilities/stm32_timer.o
                0x0000000008007268                TimerExists
 .text.TimerSetTimeout
                0x0000000008007284       0x30 ./Utilities/stm32_timer.o
                0x0000000008007284                TimerSetTimeout
 .text.UTIL_TIMER_Stop
                0x00000000080072b4       0x6c ./Utilities/stm32_timer.o
                0x00000000080072b4                UTIL_TIMER_Stop
 .text.TimerInsertTimer
                0x0000000008007320       0x3c ./Utilities/stm32_timer.o
                0x0000000008007320                TimerInsertTimer
 .text.TimerInsertNewHeadTimer
                0x000000000800735c       0x1c ./Utilities/stm32_timer.o
                0x000000000800735c                TimerInsertNewHeadTimer
 .text.UTIL_TIMER_Start
                0x0000000008007378       0x8c ./Utilities/stm32_timer.o
                0x0000000008007378                UTIL_TIMER_Start
 .text.UTIL_TIMER_SetPeriod
                0x0000000008007404       0x34 ./Utilities/stm32_timer.o
                0x0000000008007404                UTIL_TIMER_SetPeriod
 .text.UTIL_TIMER_IRQ_Handler
                0x0000000008007438       0x8c ./Utilities/stm32_timer.o
                0x0000000008007438                UTIL_TIMER_IRQ_Handler
 .text.ee_skip_atoi
                0x00000000080074c4       0x24 ./Utilities/stm32_tiny_vsnprintf.o
 .text.ee_number
                0x00000000080074e8      0x10c ./Utilities/stm32_tiny_vsnprintf.o
 .text.tiny_vsnprintf_like
                0x00000000080075f4      0x18c ./Utilities/stm32_tiny_vsnprintf.o
                0x00000000080075f4                tiny_vsnprintf_like
 .text.__libc_init_array
                0x0000000008007780       0x48 d:/st/stm32cubeide_1.7.0/stm32cubeide/plugins/com.st.stm32cube.ide.mcu.externaltools.gnu-tools-for-stm32.9-2020-q2-update.win32_2.0.0.202105311346/tools/bin/../lib/gcc/arm-none-eabi/9.3.1/../../../../arm-none-eabi/lib/thumb/v7e-m/nofp\libc_nano.a(lib_a-init.o)
                0x0000000008007780                __libc_init_array
 .text.memcpy   0x00000000080077c8       0x1c d:/st/stm32cubeide_1.7.0/stm32cubeide/plugins/com.st.stm32cube.ide.mcu.externaltools.gnu-tools-for-stm32.9-2020-q2-update.win32_2.0.0.202105311346/tools/bin/../lib/gcc/arm-none-eabi/9.3.1/../../../../arm-none-eabi/lib/thumb/v7e-m/nofp\libc_nano.a(lib_a-memcpy-stub.o)
                0x00000000080077c8                memcpy
 .text.memset   0x00000000080077e4       0x10 d:/st/stm32cubeide_1.7.0/stm32cubeide/plugins/com.st.stm32cube.ide.mcu.externaltools.gnu-tools-for-stm32.9-2020-q2-update.win32_2.0.0.202105311346/tools/bin/../lib/gcc/arm-none-eabi/9.3.1/../../../../arm-none-eabi/lib/thumb/v7e-m/nofp\libc_nano.a(lib_a-memset.o)
                0x00000000080077e4                memset
 .text.strncmp  0x00000000080077f4       0x24 d:/st/stm32cubeide_1.7.0/stm32cubeide/plugins/com.st.stm32cube.ide.mcu.externaltools.gnu-tools-for-stm32.9-2020-q2-update.win32_2.0.0.202105311346/tools/bin/../lib/gcc/arm-none-eabi/9.3.1/../../../../arm-none-eabi/lib/thumb/v7e-m/nofp\libc_nano.a(lib_a-strncmp.o)
                0x00000000080077f4                strncmp
 *(.glue_7)
 .glue_7        0x0000000008007818        0x0 linker stubs
 *(.glue_7t)
 .glue_7t       0x0000000008007818        0x0 linker stubs
 *(.eh_frame)
 .eh_frame      0x0000000008007818        0x0 d:/st/stm32cubeide_1.7.0/stm32cubeide/plugins/com.st.stm32cube.ide.mcu.externaltools.gnu-tools-for-stm32.9-2020-q2-update.win32_2.0.0.202105311346/tools/bin/../lib/gcc/arm-none-eabi/9.3.1/thumb/v7e-m/nofp/crtbegin.o
 *(.init)
 .init          0x0000000008007818        0x4 d:/st/stm32cubeide_1.7.0/stm32cubeide/plugins/com.st.stm32cube.ide.mcu.externaltools.gnu-tools-for-stm32.9-2020-q2-update.win32_2.0.0.202105311346/tools/bin/../lib/gcc/arm-none-eabi/9.3.1/thumb/v7e-m/nofp/crti.o
                0x0000000008007818                _init
 .init          0x000000000800781c        0x8 d:/st/stm32cubeide_1.7.0/stm32cubeide/plugins/com.st.stm32cube.ide.mcu.externaltools.gnu-tools-for-stm32.9-2020-q2-update.win32_2.0.0.202105311346/tools/bin/../lib/gcc/arm-none-eabi/9.3.1/thumb/v7e-m/nofp/crtn.o
 *(.fini)
 .fini          0x0000000008007824        0x4 d:/st/stm32cubeide_1.7.0/stm32cubeide/plugins/com.st.stm32cube.ide.mcu.externaltools.gnu-tools-for-stm32.9-2020-q2-update.win32_2.0.0.202105311346/tools/bin/../lib/gcc/arm-none-eabi/9.3.1/thumb/v7e-m/nofp/crti.o
                0x0000000008007824                _fini
 .fini          0x0000000008007828        0x8 d:/st/stm32cubeide_1.7.0/stm32cubeide/plugins/com.st.stm32cube.ide.mcu.externaltools.gnu-tools-for-stm32.9-2020-q2-update.win32_2.0.0.202105311346/tools/bin/../lib/gcc/arm-none-eabi/9.3.1/thumb/v7e-m/nofp/crtn.o
                0x0000000008007830                . = ALIGN (0x4)
                0x0000000008007830                _etext = .

.vfp11_veneer   0x0000000008007830        0x0
 .vfp11_veneer  0x0000000008007830        0x0 linker stubs

.v4_bx          0x0000000008007830        0x0
 .v4_bx         0x0000000008007830        0x0 linker stubs

.iplt           0x0000000008007830        0x0
 .iplt          0x0000000008007830        0x0 d:/st/stm32cubeide_1.7.0/stm32cubeide/plugins/com.st.stm32cube.ide.mcu.externaltools.gnu-tools-for-stm32.9-2020-q2-update.win32_2.0.0.202105311346/tools/bin/../lib/gcc/arm-none-eabi/9.3.1/thumb/v7e-m/nofp/crtbegin.o

.rodata         0x0000000008007830      0x528
                0x0000000008007830                . = ALIGN (0x4)
 *(.rodata)
 .rodata        0x0000000008007830       0x1c ./Drivers/STM32WLxx_HAL_Driver/stm32wlxx_hal_rcc.o
 .rodata        0x000000000800784c       0x10 ./Middlewares/SubGHz_Phy/radio.o
 .rodata        0x000000000800785c       0x11 ./Middlewares/SubGHz_Phy/radio_driver.o
 *(.rodata*)
 *fill*         0x000000000800786d        0x3 
 .rodata.UTIL_PowerDriver
                0x0000000008007870       0x18 ./Application/User/Core/stm32_lpm_if.o
                0x0000000008007870                UTIL_PowerDriver
 .rodata.TimestampNow.str1.4
                0x0000000008007888        0x9 ./Application/User/Core/sys_app.o
 *fill*         0x0000000008007891        0x3 
 .rodata.UTIL_SYSTIMDriver
                0x0000000008007894       0x14 ./Application/User/Core/timer_if.o
                0x0000000008007894                UTIL_SYSTIMDriver
 .rodata.UTIL_TimerDriver
                0x00000000080078a8       0x2c ./Application/User/Core/timer_if.o
                0x00000000080078a8                UTIL_TimerDriver
 .rodata.UTIL_TraceDriver
                0x00000000080078d4       0x10 ./Application/User/Core/usart_if.o
                0x00000000080078d4                UTIL_TraceDriver
 .rodata.PingPong_Process.str1.4
                0x00000000080078e4       0x83 ./Application/User/SubGHz_Phy/App/subghz_phy_app.o
 *fill*         0x0000000008007967        0x1 
 .rodata.OnRxError.str1.4
                0x0000000008007968        0xc ./Application/User/SubGHz_Phy/App/subghz_phy_app.o
 .rodata.OnRxTimeout.str1.4
                0x0000000008007974        0xe ./Application/User/SubGHz_Phy/App/subghz_phy_app.o
 *fill*         0x0000000008007982        0x2 
 .rodata.OnTxTimeout.str1.4
                0x0000000008007984        0xe ./Application/User/SubGHz_Phy/App/subghz_phy_app.o
 *fill*         0x0000000008007992        0x2 
 .rodata.OnRxDone.str1.4
                0x0000000008007994       0x49 ./Application/User/SubGHz_Phy/App/subghz_phy_app.o
                                         0x4f (size before relaxing)
 *fill*         0x00000000080079dd        0x3 
 .rodata.OnTxDone.str1.4
                0x00000000080079e0        0xb ./Application/User/SubGHz_Phy/App/subghz_phy_app.o
 *fill*         0x00000000080079eb        0x1 
 .rodata.SubghzApp_Init.str1.4
                0x00000000080079ec       0x82 ./Application/User/SubGHz_Phy/App/subghz_phy_app.o
 *fill*         0x0000000008007a6e        0x2 
 .rodata.LED_PIN
                0x0000000008007a70        0x6 ./Drivers/BSP/STM32WLxx_Nucleo/stm32wlxx_nucleo.o
 *fill*         0x0000000008007a76        0x2 
 .rodata.LED_PORT
                0x0000000008007a78        0xc ./Drivers/BSP/STM32WLxx_Nucleo/stm32wlxx_nucleo.o
 .rodata.AHBPrescTable
                0x0000000008007a84       0x40 ./Drivers/CMSIS/system_stm32wlxx.o
                0x0000000008007a84                AHBPrescTable
 .rodata.APBPrescTable
                0x0000000008007ac4       0x20 ./Drivers/CMSIS/system_stm32wlxx.o
                0x0000000008007ac4                APBPrescTable
 .rodata.MSIRangeTable
                0x0000000008007ae4       0x40 ./Drivers/CMSIS/system_stm32wlxx.o
                0x0000000008007ae4                MSIRangeTable
 .rodata.UARTPrescTable
                0x0000000008007b24       0x18 ./Drivers/STM32WLxx_HAL_Driver/stm32wlxx_hal_uart.o
                0x0000000008007b24                UARTPrescTable
 .rodata.denominator.9801
                0x0000000008007b3c        0x8 ./Drivers/STM32WLxx_HAL_Driver/stm32wlxx_hal_uart_ex.o
 .rodata.numerator.9800
                0x0000000008007b44        0x8 ./Drivers/STM32WLxx_HAL_Driver/stm32wlxx_hal_uart_ex.o
 .rodata.RadioIrqProcess.str1.4
                0x0000000008007b4c       0x54 ./Middlewares/SubGHz_Phy/radio.o
 .rodata.RadioSend.str1.4
                0x0000000008007ba0       0x15 ./Middlewares/SubGHz_Phy/radio.o
 *fill*         0x0000000008007bb5        0x3 
 .rodata.Bandwidths
                0x0000000008007bb8        0x3 ./Middlewares/SubGHz_Phy/radio.o
                0x0000000008007bb8                Bandwidths
 *fill*         0x0000000008007bbb        0x1 
 .rodata.Radio  0x0000000008007bbc       0x84 ./Middlewares/SubGHz_Phy/radio.o
                0x0000000008007bbc                Radio
 .rodata.FskBandwidths
                0x0000000008007c40       0xb0 ./Middlewares/SubGHz_Phy/radio_driver.o
 .rodata.SEQ_clz_table_4bit
                0x0000000008007cf0       0x10 ./Utilities/stm32_seq.o
 .rodata.ee_number.str1.4
                0x0000000008007d00       0x4d ./Utilities/stm32_tiny_vsnprintf.o
 *fill*         0x0000000008007d4d        0x3 
 .rodata.tiny_vsnprintf_like.str1.4
                0x0000000008007d50        0x7 ./Utilities/stm32_tiny_vsnprintf.o
                0x0000000008007d58                . = ALIGN (0x4)
 *fill*         0x0000000008007d57        0x1 

.ARM.extab      0x0000000008007d58        0x0
                0x0000000008007d58                . = ALIGN (0x4)
 *(.ARM.extab* .gnu.linkonce.armextab.*)
                0x0000000008007d58                . = ALIGN (0x4)

.ARM            0x0000000008007d58        0x8
                0x0000000008007d58                . = ALIGN (0x4)
                0x0000000008007d58                __exidx_start = .
 *(.ARM.exidx*)
 .ARM.exidx     0x0000000008007d58        0x8 d:/st/stm32cubeide_1.7.0/stm32cubeide/plugins/com.st.stm32cube.ide.mcu.externaltools.gnu-tools-for-stm32.9-2020-q2-update.win32_2.0.0.202105311346/tools/bin/../lib/gcc/arm-none-eabi/9.3.1/thumb/v7e-m/nofp\libgcc.a(_udivmoddi4.o)
                0x0000000008007d60                __exidx_end = .
                0x0000000008007d60                . = ALIGN (0x4)

.rel.dyn        0x0000000008007d60        0x0
 .rel.iplt      0x0000000008007d60        0x0 d:/st/stm32cubeide_1.7.0/stm32cubeide/plugins/com.st.stm32cube.ide.mcu.externaltools.gnu-tools-for-stm32.9-2020-q2-update.win32_2.0.0.202105311346/tools/bin/../lib/gcc/arm-none-eabi/9.3.1/thumb/v7e-m/nofp/crtbegin.o

.preinit_array  0x0000000008007d60        0x0
                0x0000000008007d60                . = ALIGN (0x4)
                0x0000000008007d60                PROVIDE (__preinit_array_start = .)
 *(.preinit_array*)
                0x0000000008007d60                PROVIDE (__preinit_array_end = .)
                0x0000000008007d60                . = ALIGN (0x4)

.init_array     0x0000000008007d60        0x4
                0x0000000008007d60                . = ALIGN (0x4)
                0x0000000008007d60                PROVIDE (__init_array_start = .)
 *(SORT_BY_NAME(.init_array.*))
 *(.init_array*)
 .init_array    0x0000000008007d60        0x4 d:/st/stm32cubeide_1.7.0/stm32cubeide/plugins/com.st.stm32cube.ide.mcu.externaltools.gnu-tools-for-stm32.9-2020-q2-update.win32_2.0.0.202105311346/tools/bin/../lib/gcc/arm-none-eabi/9.3.1/thumb/v7e-m/nofp/crtbegin.o
                0x0000000008007d64                PROVIDE (__init_array_end = .)
                0x0000000008007d64                . = ALIGN (0x4)

.fini_array     0x0000000008007d64        0x4
                0x0000000008007d64                . = ALIGN (0x4)
                [!provide]                        PROVIDE (__fini_array_start = .)
 *(SORT_BY_NAME(.fini_array.*))
 *(.fini_array*)
 .fini_array    0x0000000008007d64        0x4 d:/st/stm32cubeide_1.7.0/stm32cubeide/plugins/com.st.stm32cube.ide.mcu.externaltools.gnu-tools-for-stm32.9-2020-q2-update.win32_2.0.0.202105311346/tools/bin/../lib/gcc/arm-none-eabi/9.3.1/thumb/v7e-m/nofp/crtbegin.o
                [!provide]                        PROVIDE (__fini_array_end = .)
                0x0000000008007d68                . = ALIGN (0x4)
                0x0000000008007d68                _sidata = LOADADDR (.data)

.data           0x0000000020000000       0x18 load address 0x0000000008007d68
                0x0000000020000000                . = ALIGN (0x4)
                0x0000000020000000                _sdata = .
 *(.data)
 *(.data*)
 .data.isMaster
                0x0000000020000000        0x1 ./Application/User/SubGHz_Phy/App/subghz_phy_app.o
                0x0000000020000000                isMaster
 *fill*         0x0000000020000001        0x3 
 .data.SystemCoreClock
                0x0000000020000004        0x4 ./Drivers/CMSIS/system_stm32wlxx.o
                0x0000000020000004                SystemCoreClock
 .data.uwTickPrio
                0x0000000020000008        0x4 ./Drivers/STM32WLxx_HAL_Driver/stm32wlxx_hal.o
                0x0000000020000008                uwTickPrio
 .data.MaxPayloadLength
                0x000000002000000c        0x1 ./Middlewares/SubGHz_Phy/radio.o
 *fill*         0x000000002000000d        0x3 
 .data.SuperMask
                0x0000000020000010        0x4 ./Utilities/stm32_seq.o
 .data.TaskMask
                0x0000000020000014        0x4 ./Utilities/stm32_seq.o
 *(.RamFunc)
 *(.RamFunc*)
                0x0000000020000018                . = ALIGN (0x4)
                0x0000000020000018                _edata = .

.igot.plt       0x0000000020000018        0x0 load address 0x0000000008007d80
 .igot.plt      0x0000000020000018        0x0 d:/st/stm32cubeide_1.7.0/stm32cubeide/plugins/com.st.stm32cube.ide.mcu.externaltools.gnu-tools-for-stm32.9-2020-q2-update.win32_2.0.0.202105311346/tools/bin/../lib/gcc/arm-none-eabi/9.3.1/thumb/v7e-m/nofp/crtbegin.o
                0x0000000020000018                . = ALIGN (0x4)

.bss            0x0000000020000018      0x900 load address 0x0000000008007d80
                0x0000000020000018                _sbss = .
                0x0000000020000018                __bss_start__ = _sbss
 *(.bss)
 .bss           0x0000000020000018       0x1c d:/st/stm32cubeide_1.7.0/stm32cubeide/plugins/com.st.stm32cube.ide.mcu.externaltools.gnu-tools-for-stm32.9-2020-q2-update.win32_2.0.0.202105311346/tools/bin/../lib/gcc/arm-none-eabi/9.3.1/thumb/v7e-m/nofp/crtbegin.o
 *(.bss*)
 .bss.RTC_Initialized
                0x0000000020000034        0x1 ./Application/User/Core/timer_if.o
 *fill*         0x0000000020000035        0x3 
 .bss.RtcTimerContext
                0x0000000020000038        0x4 ./Application/User/Core/timer_if.o
 .bss.RxCpltCallback
                0x000000002000003c        0x4 ./Application/User/Core/usart_if.o
 .bss.TxCpltCallback
                0x0000000020000040        0x4 ./Application/User/Core/usart_if.o
 .bss.BufferRx  0x0000000020000044       0xff ./Application/User/SubGHz_Phy/App/subghz_phy_app.o
 *fill*         0x0000000020000143        0x1 
 .bss.BufferTx  0x0000000020000144       0xff ./Application/User/SubGHz_Phy/App/subghz_phy_app.o
 *fill*         0x0000000020000243        0x1 
 .bss.RadioEvents
                0x0000000020000244       0x1c ./Application/User/SubGHz_Phy/App/subghz_phy_app.o
 .bss.RssiValue
                0x0000000020000260        0x1 ./Application/User/SubGHz_Phy/App/subghz_phy_app.o
                0x0000000020000260                RssiValue
 *fill*         0x0000000020000261        0x1 
 .bss.RxBufferSize
                0x0000000020000262        0x2 ./Application/User/SubGHz_Phy/App/subghz_phy_app.o
                0x0000000020000262                RxBufferSize
 .bss.SnrValue  0x0000000020000264        0x1 ./Application/User/SubGHz_Phy/App/subghz_phy_app.o
                0x0000000020000264                SnrValue
 .bss.State     0x0000000020000265        0x1 ./Application/User/SubGHz_Phy/App/subghz_phy_app.o
 *fill*         0x0000000020000266        0x2 
 .bss.random_delay
                0x0000000020000268        0x4 ./Application/User/SubGHz_Phy/App/subghz_phy_app.o
 .bss.timerLed  0x000000002000026c       0x18 ./Application/User/SubGHz_Phy/App/subghz_phy_app.o
 .bss.RadioBuffer
                0x0000000020000284       0xff ./Middlewares/SubGHz_Phy/radio.o
 *fill*         0x0000000020000383        0x1 
 .bss.RadioEvents
                0x0000000020000384        0x4 ./Middlewares/SubGHz_Phy/radio.o
 .bss.FrequencyError
                0x0000000020000388        0x4 ./Middlewares/SubGHz_Phy/radio_driver.o
                0x0000000020000388                FrequencyError
 .bss.ImageCalibrated
                0x000000002000038c        0x1 ./Middlewares/SubGHz_Phy/radio_driver.o
 .bss.LoRaHeaderType
                0x000000002000038d        0x1 ./Middlewares/SubGHz_Phy/radio_driver.o
 .bss.OperatingMode
                0x000000002000038e        0x1 ./Middlewares/SubGHz_Phy/radio_driver.o
 .bss.PacketType
                0x000000002000038f        0x1 ./Middlewares/SubGHz_Phy/radio_driver.o
 .bss.RadioOnDioIrqCb
                0x0000000020000390        0x4 ./Middlewares/SubGHz_Phy/radio_driver.o
 .bss.ADV_TRACE_Buffer
                0x0000000020000394      0x200 ./Utilities/stm32_adv_trace.o
 .bss.ADV_TRACE_Ctx
                0x0000000020000594       0x18 ./Utilities/stm32_adv_trace.o
 .bss.sztmp     0x00000000200005ac      0x100 ./Utilities/stm32_adv_trace.o
 .bss.OffModeDisable
                0x00000000200006ac        0x4 ./Utilities/stm32_lpm.o
 .bss.StopModeDisable
                0x00000000200006b0        0x4 ./Utilities/stm32_lpm.o
 .bss.CurrentTaskIdx
                0x00000000200006b4        0x4 ./Utilities/stm32_seq.o
 .bss.EvtSet    0x00000000200006b8        0x4 ./Utilities/stm32_seq.o
 .bss.EvtWaited
                0x00000000200006bc        0x4 ./Utilities/stm32_seq.o
 .bss.TaskCb    0x00000000200006c0       0x80 ./Utilities/stm32_seq.o
 .bss.TaskPrio  0x0000000020000740       0x10 ./Utilities/stm32_seq.o
 .bss.TaskSet   0x0000000020000750        0x4 ./Utilities/stm32_seq.o
 .bss.TimerListHead
                0x0000000020000754        0x4 ./Utilities/stm32_timer.o
 *(COMMON)
 COMMON         0x0000000020000758       0x38 ./Application/User/Core/rtc.o
                0x0000000020000758                hrtc
 COMMON         0x0000000020000790        0xc ./Application/User/Core/subghz.o
                0x0000000020000790                hsubghz
 COMMON         0x000000002000079c       0xf0 ./Application/User/Core/usart.o
                0x000000002000079c                hdma_usart2_tx
                0x00000000200007fc                huart2
 COMMON         0x000000002000088c        0x1 ./Application/User/Core/usart_if.o
                0x000000002000088c                charRx
 *fill*         0x000000002000088d        0x3 
 COMMON         0x0000000020000890       0x88 ./Middlewares/SubGHz_Phy/radio.o
                0x0000000020000890                SubgRf
                0x00000000200008e8                TxTimeoutTimer
                0x0000000020000900                RxTimeoutTimer
                0x0000000020000918                . = ALIGN (0x4)
                0x0000000020000918                _ebss = .
                0x0000000020000918                __bss_end__ = _ebss
                0x0000000020000918                . = ALIGN (0x4)

RAM1_region     0x0000000020000918        0x0 load address 0x0000000008007d80
                0x0000000020000918                _sRAM1_region = .
 *(.RAM1_region)
                0x0000000020000918                . = ALIGN (0x4)
                0x0000000020000918                _eRAM1_region = .
                0x0000000020000918                . = ALIGN (0x4)

RAM2_region     0x0000000020008000        0x0
                0x0000000020008000                _sRAM2_region = .
 *(.RAM2_region)
                0x0000000020008000                . = ALIGN (0x4)
                0x0000000020008000                _eRAM2_region = .

._user_heap_stack
                0x0000000020000918      0xa00
                0x0000000020000918                . = ALIGN (0x8)
                [!provide]                        PROVIDE (end = .)
                0x0000000020000918                PROVIDE (_end = .)
                0x0000000020000b18                . = (. + _Min_Heap_Size)
 *fill*         0x0000000020000918      0x200 
                0x0000000020001318                . = (. + _Min_Stack_Size)
 *fill*         0x0000000020000b18      0x800 
                0x0000000020001318                . = ALIGN (0x8)

/DISCARD/
 libc.a(*)
 libm.a(*)
 libgcc.a(*)

.ARM.attributes
                0x0000000000000000       0x2a
 *(.ARM.attributes)
 .ARM.attributes
                0x0000000000000000       0x1e d:/st/stm32cubeide_1.7.0/stm32cubeide/plugins/com.st.stm32cube.ide.mcu.externaltools.gnu-tools-for-stm32.9-2020-q2-update.win32_2.0.0.202105311346/tools/bin/../lib/gcc/arm-none-eabi/9.3.1/thumb/v7e-m/nofp/crti.o
 .ARM.attributes
                0x000000000000001e       0x2e d:/st/stm32cubeide_1.7.0/stm32cubeide/plugins/com.st.stm32cube.ide.mcu.externaltools.gnu-tools-for-stm32.9-2020-q2-update.win32_2.0.0.202105311346/tools/bin/../lib/gcc/arm-none-eabi/9.3.1/thumb/v7e-m/nofp/crtbegin.o
 .ARM.attributes
                0x000000000000004c       0x2e ./Application/User/Core/dma.o
 .ARM.attributes
                0x000000000000007a       0x2e ./Application/User/Core/main.o
 .ARM.attributes
                0x00000000000000a8       0x2e ./Application/User/Core/rtc.o
 .ARM.attributes
                0x00000000000000d6       0x2e ./Application/User/Core/stm32_lpm_if.o
 .ARM.attributes
                0x0000000000000104       0x2e ./Application/User/Core/stm32wlxx_hal_msp.o
 .ARM.attributes
                0x0000000000000132       0x2e ./Application/User/Core/stm32wlxx_it.o
 .ARM.attributes
                0x0000000000000160       0x2e ./Application/User/Core/subghz.o
 .ARM.attributes
                0x000000000000018e       0x2e ./Application/User/Core/sys_app.o
 .ARM.attributes
                0x00000000000001bc       0x2e ./Application/User/Core/sys_debug.o
 .ARM.attributes
                0x00000000000001ea       0x2e ./Application/User/Core/timer_if.o
 .ARM.attributes
                0x0000000000000218       0x2e ./Application/User/Core/usart.o
 .ARM.attributes
                0x0000000000000246       0x2e ./Application/User/Core/usart_if.o
 .ARM.attributes
                0x0000000000000274       0x21 ./Application/User/Startup/startup_stm32wl55jcix.o
 .ARM.attributes
                0x0000000000000295       0x2e ./Application/User/SubGHz_Phy/App/app_subghz_phy.o
 .ARM.attributes
                0x00000000000002c3       0x2e ./Application/User/SubGHz_Phy/App/subghz_phy_app.o
 .ARM.attributes
                0x00000000000002f1       0x2e ./Application/User/SubGHz_Phy/Target/radio_board_if.o
 .ARM.attributes
                0x000000000000031f       0x2e ./Drivers/BSP/STM32WLxx_Nucleo/stm32wlxx_nucleo.o
 .ARM.attributes
                0x000000000000034d       0x2e ./Drivers/BSP/STM32WLxx_Nucleo/stm32wlxx_nucleo_radio.o
 .ARM.attributes
                0x000000000000037b       0x2e ./Drivers/CMSIS/system_stm32wlxx.o
 .ARM.attributes
                0x00000000000003a9       0x2e ./Drivers/STM32WLxx_HAL_Driver/stm32wlxx_hal.o
 .ARM.attributes
                0x00000000000003d7       0x2e ./Drivers/STM32WLxx_HAL_Driver/stm32wlxx_hal_cortex.o
 .ARM.attributes
                0x0000000000000405       0x2e ./Drivers/STM32WLxx_HAL_Driver/stm32wlxx_hal_dma.o
 .ARM.attributes