bsp_ext_sensors.c:58:13:I2Cx_MspInit	48	static
bsp_ext_sensors.c:119:13:I2Cx_Init	16	static
bsp_ext_sensors.c:220:13:I2Cx_Error	8	static
bsp_ext_sensors.c:100:13:I2Cx_MspDeInit	8	static
bsp_ext_sensors.c:144:13:I2Cx_DeInit	8	static
bsp_ext_sensors.c:186:26:I2Cx_WriteMultiple	32	static
bsp_ext_sensors.c:160:26:I2Cx_ReadMultiple	32	static
bsp_ext_sensors.c:209:26:I2Cx_IsDeviceReady	8	static
bsp_ext_sensors.c:242:6:SENSOR_IO_Init	8	static
bsp_ext_sensors.c:251:6:SENSOR_IO_DeInit	8	static
bsp_ext_sensors.c:263:6:SENSOR_IO_Write	24	static
bsp_ext_sensors.c:274:9:SENSOR_IO_Read	24	static
bsp_ext_sensors.c:292:10:SENSOR_IO_ReadMultiple	16	static
bsp_ext_sensors.c:306:6:SENSOR_IO_WriteMultiple	16	static
bsp_ext_sensors.c:318:19:SENSOR_IO_IsDeviceReady	8	static
bsp_ext_sensors.c:328:6:SENSOR_IO_Delay	8	static
