vl53l0x_tof.c:40:5:_I2CWrite	16	static
vl53l0x_tof.c:49:5:_I2CRead	16	static
vl53l0x_tof.c:58:15:VL53L0X_RdByte	24	static
vl53l0x_tof.c:82:15:VL53L0X_WriteMulti	24	static
vl53l0x_tof.c:103:15:VL53L0X_ReadMulti	24	static
vl53l0x_tof.c:124:15:VL53L0X_RdWord	24	static
vl53l0x_tof.c:147:15:VL53L0X_RdDWord	24	static
vl53l0x_tof.c:171:15:VL53L0X_WrByte	8	static
vl53l0x_tof.c:187:15:VL53L0X_WrWord	8	static
vl53l0x_tof.c:204:15:VL53L0X_UpdateByte	32	static
vl53l0x_tof.c:220:15:VL53L0X_WrDWord	8	static
vl53l0x_tof.c:237:15:VL53L0X_PollingDelay	8	static
vl53l0x_tof.c:248:6:SetupSingleShot	24	static
