Archive member included to satisfy reference by file (symbol)

d:/st/stm32cubeide_1.7.0/stm32cubeide/plugins/com.st.stm32cube.ide.mcu.externaltools.gnu-tools-for-stm32.9-2020-q2-update.win32_2.0.0.202105311346/tools/bin/../lib/gcc/arm-none-eabi/9.3.1/../../../../arm-none-eabi/lib/thumb/v7e-m/nofp\libc_nano.a(lib_a-errno.o)
                              ./Application/User/Core/syscalls.o (__errno)
d:/st/stm32cubeide_1.7.0/stm32cubeide/plugins/com.st.stm32cube.ide.mcu.externaltools.gnu-tools-for-stm32.9-2020-q2-update.win32_2.0.0.202105311346/tools/bin/../lib/gcc/arm-none-eabi/9.3.1/../../../../arm-none-eabi/lib/thumb/v7e-m/nofp\libc_nano.a(lib_a-exit.o)
                              d:/st/stm32cubeide_1.7.0/stm32cubeide/plugins/com.st.stm32cube.ide.mcu.externaltools.gnu-tools-for-stm32.9-2020-q2-update.win32_2.0.0.202105311346/tools/bin/../lib/gcc/arm-none-eabi/9.3.1/../../../../arm-none-eabi/lib/thumb/v7e-m/nofp/crt0.o (exit)
d:/st/stm32cubeide_1.7.0/stm32cubeide/plugins/com.st.stm32cube.ide.mcu.externaltools.gnu-tools-for-stm32.9-2020-q2-update.win32_2.0.0.202105311346/tools/bin/../lib/gcc/arm-none-eabi/9.3.1/../../../../arm-none-eabi/lib/thumb/v7e-m/nofp\libc_nano.a(lib_a-impure.o)
                              d:/st/stm32cubeide_1.7.0/stm32cubeide/plugins/com.st.stm32cube.ide.mcu.externaltools.gnu-tools-for-stm32.9-2020-q2-update.win32_2.0.0.202105311346/tools/bin/../lib/gcc/arm-none-eabi/9.3.1/../../../../arm-none-eabi/lib/thumb/v7e-m/nofp\libc_nano.a(lib_a-exit.o) (_global_impure_ptr)
d:/st/stm32cubeide_1.7.0/stm32cubeide/plugins/com.st.stm32cube.ide.mcu.externaltools.gnu-tools-for-stm32.9-2020-q2-update.win32_2.0.0.202105311346/tools/bin/../lib/gcc/arm-none-eabi/9.3.1/../../../../arm-none-eabi/lib/thumb/v7e-m/nofp\libc_nano.a(lib_a-init.o)
                              d:/st/stm32cubeide_1.7.0/stm32cubeide/plugins/com.st.stm32cube.ide.mcu.externaltools.gnu-tools-for-stm32.9-2020-q2-update.win32_2.0.0.202105311346/tools/bin/../lib/gcc/arm-none-eabi/9.3.1/../../../../arm-none-eabi/lib/thumb/v7e-m/nofp/crt0.o (__libc_init_array)
d:/st/stm32cubeide_1.7.0/stm32cubeide/plugins/com.st.stm32cube.ide.mcu.externaltools.gnu-tools-for-stm32.9-2020-q2-update.win32_2.0.0.202105311346/tools/bin/../lib/gcc/arm-none-eabi/9.3.1/../../../../arm-none-eabi/lib/thumb/v7e-m/nofp\libc_nano.a(lib_a-memset.o)
                              d:/st/stm32cubeide_1.7.0/stm32cubeide/plugins/com.st.stm32cube.ide.mcu.externaltools.gnu-tools-for-stm32.9-2020-q2-update.win32_2.0.0.202105311346/tools/bin/../lib/gcc/arm-none-eabi/9.3.1/../../../../arm-none-eabi/lib/thumb/v7e-m/nofp/crt0.o (memset)
d:/st/stm32cubeide_1.7.0/stm32cubeide/plugins/com.st.stm32cube.ide.mcu.externaltools.gnu-tools-for-stm32.9-2020-q2-update.win32_2.0.0.202105311346/tools/bin/../lib/gcc/arm-none-eabi/9.3.1/../../../../arm-none-eabi/lib/thumb/v7e-m/nofp\libc_nano.a(lib_a-strlen.o)
                              ./Application/User/Core/sys_app.o (strlen)
d:/st/stm32cubeide_1.7.0/stm32cubeide/plugins/com.st.stm32cube.ide.mcu.externaltools.gnu-tools-for-stm32.9-2020-q2-update.win32_2.0.0.202105311346/tools/bin/../lib/gcc/arm-none-eabi/9.3.1/thumb/v7e-m/nofp\libgcc.a(_arm_mulsf3.o)
                              ./Application/User/LoRaWAN/App/lora_app.o (__aeabi_fmul)
d:/st/stm32cubeide_1.7.0/stm32cubeide/plugins/com.st.stm32cube.ide.mcu.externaltools.gnu-tools-for-stm32.9-2020-q2-update.win32_2.0.0.202105311346/tools/bin/../lib/gcc/arm-none-eabi/9.3.1/thumb/v7e-m/nofp\libgcc.a(_arm_muldivsf3.o)
                              ./Application/User/LoRaWAN/App/lora_app.o (__aeabi_fdiv)
d:/st/stm32cubeide_1.7.0/stm32cubeide/plugins/com.st.stm32cube.ide.mcu.externaltools.gnu-tools-for-stm32.9-2020-q2-update.win32_2.0.0.202105311346/tools/bin/../lib/gcc/arm-none-eabi/9.3.1/thumb/v7e-m/nofp\libgcc.a(_arm_fixunssfsi.o)
                              ./Application/User/LoRaWAN/App/lora_app.o (__aeabi_f2uiz)
d:/st/stm32cubeide_1.7.0/stm32cubeide/plugins/com.st.stm32cube.ide.mcu.externaltools.gnu-tools-for-stm32.9-2020-q2-update.win32_2.0.0.202105311346/tools/bin/../lib/gcc/arm-none-eabi/9.3.1/thumb/v7e-m/nofp\libgcc.a(_aeabi_uldivmod.o)
                              ./Application/User/Core/timer_if.o (__aeabi_uldivmod)
d:/st/stm32cubeide_1.7.0/stm32cubeide/plugins/com.st.stm32cube.ide.mcu.externaltools.gnu-tools-for-stm32.9-2020-q2-update.win32_2.0.0.202105311346/tools/bin/../lib/gcc/arm-none-eabi/9.3.1/thumb/v7e-m/nofp\libgcc.a(_udivmoddi4.o)
                              d:/st/stm32cubeide_1.7.0/stm32cubeide/plugins/com.st.stm32cube.ide.mcu.externaltools.gnu-tools-for-stm32.9-2020-q2-update.win32_2.0.0.202105311346/tools/bin/../lib/gcc/arm-none-eabi/9.3.1/thumb/v7e-m/nofp\libgcc.a(_aeabi_uldivmod.o) (__udivmoddi4)
d:/st/stm32cubeide_1.7.0/stm32cubeide/plugins/com.st.stm32cube.ide.mcu.externaltools.gnu-tools-for-stm32.9-2020-q2-update.win32_2.0.0.202105311346/tools/bin/../lib/gcc/arm-none-eabi/9.3.1/thumb/v7e-m/nofp\libgcc.a(_dvmd_tls.o)
[...]
Memory Configuration

Name             Origin             Length             Attributes
RAM              0x0000000020000000 0x0000000000008000 xrw
FLASH            0x0000000008000000 0x0000000000020000 xr
RAM_SHARED       0x0000000020008000 0x0000000000001000 rw
*default*        0x0000000000000000 0xffffffffffffffff

Linker script and memory map

LOAD d:/st/stm32cubeide_1.7.0/stm32cubeide/plugins/com.st.stm32cube.ide.mcu.externaltools.gnu-tools-for-stm32.9-2020-q2-update.win32_2.0.0.202105311346/tools/bin/../lib/gcc/arm-none-eabi/9.3.1/thumb/v7e-m/nofp/crti.o
LOAD d:/st/stm32cubeide_1.7.0/stm32cubeide/plugins/com.st.stm32cube.ide.mcu.externaltools.gnu-tools-for-stm32.9-2020-q2-update.win32_2.0.0.202105311346/tools/bin/../lib/gcc/arm-none-eabi/9.3.1/thumb/v7e-m/nofp/crtbegin.o
LOAD d:/st/stm32cubeide_1.7.0/stm32cubeide/plugins/com.st.stm32cube.ide.mcu.externaltools.gnu-tools-for-stm32.9-2020-q2-update.win32_2.0.0.202105311346/tools/bin/../lib/gcc/arm-none-eabi/9.3.1/../../../../arm-none-eabi/lib/thumb/v7e-m/nofp/crt0.o
LOAD ./Application/User/Common/System/sys_debug.o
LOAD ./Application/User/Core/adc.o
LOAD ./Application/User/Core/adc_if.o
LOAD ./Application/User/Core/dma.o
LOAD ./Application/User/Core/ipcc.o
LOAD ./Application/User/Core/ipcc_if.o
LOAD ./Application/User/Core/main.o
LOAD ./Application/User/Core/stm32_lpm_if.o
LOAD ./Application/User/Core/stm32wlxx_hal_msp.o
LOAD ./Application/User/Core/stm32wlxx_it.o
LOAD ./Application/User/Core/sys_app.o
LOAD ./Application/User/Core/sys_sensors.o
LOAD ./Application/User/Core/syscalls.o
LOAD ./Application/User/Core/sysmem.o
LOAD ./Application/User/Core/timer_if.o
LOAD ./Application/User/Core/usart.o
LOAD ./Application/User/Core/usart_if.o
LOAD ./Application/User/LoRaWAN/App/CayenneLpp.o
LOAD ./Application/User/LoRaWAN/App/app_lorawan.o
LOAD ./Application/User/LoRaWAN/App/lora_app.o
LOAD ./Application/User/MbMux/LmHandler_mbwrapper.o
LOAD ./Application/User/MbMux/mbmux.o
LOAD ./Application/User/MbMux/mbmuxif_lora.o
LOAD ./Application/User/MbMux/mbmuxif_radio.o
LOAD ./Application/User/MbMux/mbmuxif_sys.o
LOAD ./Application/User/MbMux/mbmuxif_trace.o
LOAD ./Application/User/MbMux/radio_mbwrapper.o
LOAD ./Application/User/Startup/startup_stm32wl55jcix.o
LOAD ./Drivers/BSP/STM32WLxx_Nucleo/stm32wlxx_nucleo.o
LOAD ./Drivers/BSP/STM32WLxx_Nucleo/stm32wlxx_nucleo_radio.o
LOAD ./Drivers/CMSIS/system_stm32wlxx.o
LOAD ./Drivers/STM32WLxx_HAL_Driver/stm32wlxx_hal.o
LOAD ./Drivers/STM32WLxx_HAL_Driver/stm32wlxx_hal_adc.o
LOAD ./Drivers/STM32WLxx_HAL_Driver/stm32wlxx_hal_adc_ex.o
LOAD ./Drivers/STM32WLxx_HAL_Driver/stm32wlxx_hal_cortex.o
LOAD ./Drivers/STM32WLxx_HAL_Driver/stm32wlxx_hal_dma.o
LOAD ./Drivers/STM32WLxx_HAL_Driver/stm32wlxx_hal_dma_ex.o
LOAD ./Drivers/STM32WLxx_HAL_Driver/stm32wlxx_hal_exti.o
LOAD ./Drivers/STM32WLxx_HAL_Driver/stm32wlxx_hal_flash.o
LOAD ./Drivers/STM32WLxx_HAL_Driver/stm32wlxx_hal_flash_ex.o
LOAD ./Drivers/STM32WLxx_HAL_Driver/stm32wlxx_hal_gpio.o
LOAD ./Drivers/STM32WLxx_HAL_Driver/stm32wlxx_hal_ipcc.o
LOAD ./Drivers/STM32WLxx_HAL_Driver/stm32wlxx_hal_pwr.o
LOAD ./Drivers/STM32WLxx_HAL_Driver/stm32wlxx_hal_pwr_ex.o
LOAD ./Drivers/STM32WLxx_HAL_Driver/stm32wlxx_hal_rcc.o
LOAD ./Drivers/STM32WLxx_HAL_Driver/stm32wlxx_hal_rcc_ex.o
LOAD ./Drivers/STM32WLxx_HAL_Driver/stm32wlxx_hal_rtc.o
LOAD ./Drivers/STM32WLxx_HAL_Driver/stm32wlxx_hal_rtc_ex.o
LOAD ./Drivers/STM32WLxx_HAL_Driver/stm32wlxx_hal_tim.o
LOAD ./Drivers/STM32WLxx_HAL_Driver/stm32wlxx_hal_tim_ex.o
LOAD ./Drivers/STM32WLxx_HAL_Driver/stm32wlxx_hal_uart.o
LOAD ./Drivers/STM32WLxx_HAL_Driver/stm32wlxx_hal_uart_ex.o
LOAD ./Drivers/STM32WLxx_HAL_Driver/stm32wlxx_ll_adc.o
LOAD ./Utilities/stm32_adv_trace.o
LOAD ./Utilities/stm32_lpm.o
LOAD ./Utilities/stm32_mem.o
LOAD ./Utilities/stm32_seq.o
LOAD ./Utilities/stm32_systime.o
LOAD ./Utilities/stm32_timer.o
LOAD ./Utilities/stm32_tiny_sscanf.o
LOAD ./Utilities/stm32_tiny_vsnprintf.o
START GROUP
LOAD d:/st/stm32cubeide_1.7.0/stm32cubeide/plugins/com.st.stm32cube.ide.mcu.externaltools.gnu-tools-for-stm32.9-2020-q2-update.win32_2.0.0.202105311346/tools/bin/../lib/gcc/arm-none-eabi/9.3.1/../../../../arm-none-eabi/lib/thumb/v7e-m/nofp\libc_nano.a
LOAD d:/st/stm32cubeide_1.7.0/stm32cubeide/plugins/com.st.stm32cube.ide.mcu.externaltools.gnu-tools-for-stm32.9-2020-q2-update.win32_2.0.0.202105311346/tools/bin/../lib/gcc/arm-none-eabi/9.3.1/../../../../arm-none-eabi/lib/thumb/v7e-m/nofp\libm.a
END GROUP
START GROUP
LOAD d:/st/stm32cubeide_1.7.0/stm32cubeide/plugins/com.st.stm32cube.ide.mcu.externaltools.gnu-tools-for-stm32.9-2020-q2-update.win32_2.0.0.202105311346/tools/bin/../lib/gcc/arm-none-eabi/9.3.1/thumb/v7e-m/nofp\libgcc.a
LOAD d:/st/stm32cubeide_1.7.0/stm32cubeide/plugins/com.st.stm32cube.ide.mcu.externaltools.gnu-tools-for-stm32.9-2020-q2-update.win32_2.0.0.202105311346/tools/bin/../lib/gcc/arm-none-eabi/9.3.1/../../../../arm-none-eabi/lib/thumb/v7e-m/nofp\libc_nano.a
END GROUP
START GROUP
LOAD d:/st/stm32cubeide_1.7.0/stm32cubeide/plugins/com.st.stm32cube.ide.mcu.externaltools.gnu-tools-for-stm32.9-2020-q2-update.win32_2.0.0.202105311346/tools/bin/../lib/gcc/arm-none-eabi/9.3.1/thumb/v7e-m/nofp\libgcc.a
LOAD d:/st/stm32cubeide_1.7.0/stm32cubeide/plugins/com.st.stm32cube.ide.mcu.externaltools.gnu-tools-for-stm32.9-2020-q2-update.win32_2.0.0.202105311346/tools/bin/../lib/gcc/arm-none-eabi/9.3.1/../../../../arm-none-eabi/lib/thumb/v7e-m/nofp\libc_nano.a
LOAD d:/st/stm32cubeide_1.7.0/stm32cubeide/plugins/com.st.stm32cube.ide.mcu.externaltools.gnu-tools-for-stm32.9-2020-q2-update.win32_2.0.0.202105311346/tools/bin/../lib/gcc/arm-none-eabi/9.3.1/../../../../arm-none-eabi/lib/thumb/v7e-m/nofp\libnosys.a
END GROUP
START GROUP
LOAD d:/st/stm32cubeide_1.7.0/stm32cubeide/plugins/com.st.stm32cube.ide.mcu.externaltools.gnu-tools-for-stm32.9-2020-q2-update.win32_2.0.0.202105311346/tools/bin/../lib/gcc/arm-none-eabi/9.3.1/thumb/v7e-m/nofp\libgcc.a
LOAD d:/st/stm32cubeide_1.7.0/stm32cubeide/plugins/com.st.stm32cube.ide.mcu.externaltools.gnu-tools-for-stm32.9-2020-q2-update.win32_2.0.0.202105311346/tools/bin/../lib/gcc/arm-none-eabi/9.3.1/../../../../arm-none-eabi/lib/thumb/v7e-m/nofp\libc_nano.a
LOAD d:/st/stm32cubeide_1.7.0/stm32cubeide/plugins/com.st.stm32cube.ide.mcu.externaltools.gnu-tools-for-stm32.9-2020-q2-update.win32_2.0.0.202105311346/tools/bin/../lib/gcc/arm-none-eabi/9.3.1/../../../../arm-none-eabi/lib/thumb/v7e-m/nofp\libnosys.a
END GROUP
LOAD d:/st/stm32cubeide_1.7.0/stm32cubeide/plugins/com.st.stm32cube.ide.mcu.externaltools.gnu-tools-for-stm32.9-2020-q2-update.win32_2.0.0.202105311346/tools/bin/../lib/gcc/arm-none-eabi/9.3.1/thumb/v7e-m/nofp/crtend.o
LOAD d:/st/stm32cubeide_1.7.0/stm32cubeide/plugins/com.st.stm32cube.ide.mcu.externaltools.gnu-tools-for-stm32.9-2020-q2-update.win32_2.0.0.202105311346/tools/bin/../lib/gcc/arm-none-eabi/9.3.1/thumb/v7e-m/nofp/crtn.o
                0x0000000020008000                _estack = (ORIGIN (RAM) + LENGTH (RAM))
                0x0000000000000200                _Min_Heap_Size = 0x200
                0x0000000000000800                _Min_Stack_Size = 0x800

.isr_vector     0x0000000008000000      0x138
                0x0000000008000000                . = ALIGN (0x4)
 *(.isr_vector)
 .isr_vector    0x0000000008000000      0x138 ./Application/User/Startup/startup_stm32wl55jcix.o
                0x0000000008000000                g_pfnVectors
                0x0000000008000138                . = ALIGN (0x4)

.text           0x0000000008000138     0x6fd0
                0x0000000008000138                . = ALIGN (0x4)
 *(.text)
 .text          0x0000000008000138       0x40 d:/st/stm32cubeide_1.7.0/stm32cubeide/plugins/com.st.stm32cube.ide.mcu.externaltools.gnu-tools-for-stm32.9-2020-q2-update.win32_2.0.0.202105311346/tools/bin/../lib/gcc/arm-none-eabi/9.3.1/thumb/v7e-m/nofp/crtbegin.o
 .text          0x0000000008000178       0x10 d:/st/stm32cubeide_1.7.0/stm32cubeide/plugins/com.st.stm32cube.ide.mcu.externaltools.gnu-tools-for-stm32.9-2020-q2-update.win32_2.0.0.202105311346/tools/bin/../lib/gcc/arm-none-eabi/9.3.1/../../../../arm-none-eabi/lib/thumb/v7e-m/nofp\libc_nano.a(lib_a-strlen.o)
                0x0000000008000178                strlen
 .text          0x0000000008000188      0x2a0 d:/st/stm32cubeide_1.7.0/stm32cubeide/plugins/com.st.stm32cube.ide.mcu.externaltools.gnu-tools-for-stm32.9-2020-q2-update.win32_2.0.0.202105311346/tools/bin/../lib/gcc/arm-none-eabi/9.3.1/thumb/v7e-m/nofp\libgcc.a(_arm_muldivsf3.o)
                0x0000000008000188                __mulsf3
                0x0000000008000188                __aeabi_fmul
                0x00000000080002f0                __aeabi_fdiv
                0x00000000080002f0                __divsf3
 .text          0x0000000008000428       0x40 d:/st/stm32cubeide_1.7.0/stm32cubeide/plugins/com.st.stm32cube.ide.mcu.externaltools.gnu-tools-for-stm32.9-2020-q2-update.win32_2.0.0.202105311346/tools/bin/../lib/gcc/arm-none-eabi/9.3.1/thumb/v7e-m/nofp\libgcc.a(_arm_fixunssfsi.o)
                0x0000000008000428                __fixunssfsi
                0x0000000008000428                __aeabi_f2uiz
 .text          0x0000000008000468       0x30 d:/st/stm32cubeide_1.7.0/stm32cubeide/plugins/com.st.stm32cube.ide.mcu.externaltools.gnu-tools-for-stm32.9-2020-q2-update.win32_2.0.0.202105311346/tools/bin/../lib/gcc/arm-none-eabi/9.3.1/thumb/v7e-m/nofp\libgcc.a(_aeabi_uldivmod.o)
                0x0000000008000468                __aeabi_uldivmod
 .text          0x0000000008000498      0x2c0 d:/st/stm32cubeide_1.7.0/stm32cubeide/plugins/com.st.stm32cube.ide.mcu.externaltools.gnu-tools-for-stm32.9-2020-q2-update.win32_2.0.0.202105311346/tools/bin/../lib/gcc/arm-none-eabi/9.3.1/thumb/v7e-m/nofp\libgcc.a(_udivmoddi4.o)
                0x0000000008000498                __udivmoddi4
 .text          0x0000000008000758        0x4 d:/st/stm32cubeide_1.7.0/stm32cubeide/plugins/com.st.stm32cube.ide.mcu.externaltools.gnu-tools-for-stm32.9-2020-q2-update.win32_2.0.0.202105311346/tools/bin/../lib/gcc/arm-none-eabi/9.3.1/thumb/v7e-m/nofp\libgcc.a(_dvmd_tls.o)
                0x0000000008000758                __aeabi_idiv0
                0x0000000008000758                __aeabi_ldiv0
 *(.text*)
 .text.DBG_ConfigForLpm
                0x000000000800075c       0x10 ./Application/User/Common/System/sys_debug.o
                0x000000000800075c                DBG_ConfigForLpm
 .text.DBG_Disable
                0x000000000800076c       0x40 ./Application/User/Common/System/sys_debug.o
                0x000000000800076c                DBG_Disable
 .text.DBG_ProbesInit
                0x00000000080007ac        0x2 ./Application/User/Common/System/sys_debug.o
                0x00000000080007ac                DBG_ProbesInit
 *fill*         0x00000000080007ae        0x2 
 .text.MX_ADC_Init
                0x00000000080007b0       0x58 ./Application/User/Core/adc.o
                0x00000000080007b0                MX_ADC_Init
 .text.HAL_ADC_MspInit
                0x0000000008000808       0x2c ./Application/User/Core/adc.o
                0x0000000008000808                HAL_ADC_MspInit
 .text.HAL_ADC_MspDeInit
                0x0000000008000834       0x1c ./Application/User/Core/adc.o
                0x0000000008000834                HAL_ADC_MspDeInit
 .text.ADC_ReadChannels
                0x0000000008000850       0x70 ./Application/User/Core/adc_if.o
 .text.SYS_InitMeasurement
                0x00000000080008c0       0x10 ./Application/User/Core/adc_if.o
                0x00000000080008c0                SYS_InitMeasurement
 .text.SYS_GetBatteryLevel
                0x00000000080008d0       0x44 ./Application/User/Core/adc_if.o
                0x00000000080008d0                SYS_GetBatteryLevel
 .text.SYS_GetTemperatureLevel
                0x0000000008000914       0xa4 ./Application/User/Core/adc_if.o
                0x0000000008000914                SYS_GetTemperatureLevel
 .text.MX_DMA_Init
                0x00000000080009b8       0x42 ./Application/User/Core/dma.o
                0x00000000080009b8                MX_DMA_Init
 *fill*         0x00000000080009fa        0x2 
 .text.MX_IPCC_Init
                0x00000000080009fc       0x20 ./Application/User/Core/ipcc.o
                0x00000000080009fc                MX_IPCC_Init
 .text.HAL_IPCC_MspInit
                0x0000000008000a1c       0x50 ./Application/User/Core/ipcc.o
                0x0000000008000a1c                HAL_IPCC_MspInit
 .text.IpccIfIsrTxCb
                0x0000000008000a6c       0x10 ./Application/User/Core/ipcc_if.o
 .text.IpccIfIsrRxCb
                0x0000000008000a7c       0x10 ./Application/User/Core/ipcc_if.o
 .text.IPCC_IF_Init
                0x0000000008000a8c       0x68 ./Application/User/Core/ipcc_if.o
                0x0000000008000a8c                IPCC_IF_Init
 .text.IPCC_IF_CommandSnd
                0x0000000008000af4       0x1c ./Application/User/Core/ipcc_if.o
                0x0000000008000af4                IPCC_IF_CommandSnd
 .text.IPCC_IF_AcknowledgeSnd
                0x0000000008000b10       0x1c ./Application/User/Core/ipcc_if.o
                0x0000000008000b10                IPCC_IF_AcknowledgeSnd
 .text.Error_Handler
                0x0000000008000b2c        0x4 ./Application/User/Core/main.o
                0x0000000008000b2c                Error_Handler
 .text.SystemClock_Config
                0x0000000008000b30       0x90 ./Application/User/Core/main.o
                0x0000000008000b30                SystemClock_Config
 .text.main     0x0000000008000bc0       0x14 ./Application/User/Core/main.o
                0x0000000008000bc0                main
 .text.PWR_EnterOffMode
                0x0000000008000bd4        0x2 ./Application/User/Core/stm32_lpm_if.o
                0x0000000008000bd4                PWR_EnterOffMode
 .text.PWR_ExitOffMode
                0x0000000008000bd6        0x2 ./Application/User/Core/stm32_lpm_if.o
                0x0000000008000bd6                PWR_ExitOffMode
 .text.PWR_EnterStopMode
                0x0000000008000bd8       0x18 ./Application/User/Core/stm32_lpm_if.o
                0x0000000008000bd8                PWR_EnterStopMode
 .text.PWR_ExitSleepMode
                0x0000000008000bf0        0x8 ./Application/User/Core/stm32_lpm_if.o
                0x0000000008000bf0                PWR_ExitSleepMode
 .text.PWR_ExitStopMode
                0x0000000008000bf8        0xc ./Application/User/Core/stm32_lpm_if.o
                0x0000000008000bf8                PWR_ExitStopMode
 .text.PWR_EnterSleepMode
                0x0000000008000c04       0x10 ./Application/User/Core/stm32_lpm_if.o
                0x0000000008000c04                PWR_EnterSleepMode
 .text.HAL_MspInit
                0x0000000008000c14        0x2 ./Application/User/Core/stm32wlxx_hal_msp.o
                0x0000000008000c14                HAL_MspInit
 .text.NMI_Handler
                0x0000000008000c16        0x2 ./Application/User/Core/stm32wlxx_it.o
                0x0000000008000c16                NMI_Handler
 .text.HardFault_Handler
                0x0000000008000c18        0x2 ./Application/User/Core/stm32wlxx_it.o
                0x0000000008000c18                HardFault_Handler
 .text.MemManage_Handler
                0x0000000008000c1a        0x2 ./Application/User/Core/stm32wlxx_it.o
                0x0000000008000c1a                MemManage_Handler
 .text.BusFault_Handler
                0x0000000008000c1c        0x2 ./Application/User/Core/stm32wlxx_it.o
                0x0000000008000c1c                BusFault_Handler
 .text.UsageFault_Handler
                0x0000000008000c1e        0x2 ./Application/User/Core/stm32wlxx_it.o
                0x0000000008000c1e                UsageFault_Handler
 .text.SVC_Handler
                0x0000000008000c20        0x2 ./Application/User/Core/stm32wlxx_it.o
                0x0000000008000c20                SVC_Handler
 .text.DebugMon_Handler
                0x0000000008000c22        0x2 ./Application/User/Core/stm32wlxx_it.o
                0x0000000008000c22                DebugMon_Handler
 .text.PendSV_Handler
                0x0000000008000c24        0x2 ./Application/User/Core/stm32wlxx_it.o
                0x0000000008000c24                PendSV_Handler
 .text.SysTick_Handler
                0x0000000008000c26        0x2 ./Application/User/Core/stm32wlxx_it.o
                0x0000000008000c26                SysTick_Handler
 .text.EXTI0_IRQHandler
                0x0000000008000c28        0xa ./Application/User/Core/stm32wlxx_it.o
                0x0000000008000c28                EXTI0_IRQHandler
 .text.EXTI1_IRQHandler
                0x0000000008000c32        0xa ./Application/User/Core/stm32wlxx_it.o
                0x0000000008000c32                EXTI1_IRQHandler
 .text.DMA1_Channel5_IRQHandler
                0x0000000008000c3c       0x10 ./Application/User/Core/stm32wlxx_it.o
                0x0000000008000c3c                DMA1_Channel5_IRQHandler
 .text.USART2_IRQHandler
                0x0000000008000c4c       0x10 ./Application/User/Core/stm32wlxx_it.o
                0x0000000008000c4c                USART2_IRQHandler
 .text.IPCC_C1_RX_IRQHandler
                0x0000000008000c5c       0x10 ./Application/User/Core/stm32wlxx_it.o
                0x0000000008000c5c                IPCC_C1_RX_IRQHandler
 .text.IPCC_C1_TX_IRQHandler
                0x0000000008000c6c       0x10 ./Application/User/Core/stm32wlxx_it.o
                0x0000000008000c6c                IPCC_C1_TX_IRQHandler
 .text.tiny_snprintf_like
                0x0000000008000c7c       0x1c ./Application/User/Core/sys_app.o
 .text.TimestampNow
                0x0000000008000c98       0x30 ./Application/User/Core/sys_app.o
 .text.MBMUXIF_Init
                0x0000000008000cc8       0xd0 ./Application/User/Core/sys_app.o
 .text.SystemApp_Init
                0x0000000008000d98       0x48 ./Application/User/Core/sys_app.o
                0x0000000008000d98                SystemApp_Init
 .text.Process_Sys_Notif
                0x0000000008000de0       0x3c ./Application/User/Core/sys_app.o
                0x0000000008000de0                Process_Sys_Notif
 .text.UTIL_SEQ_EvtIdle
                0x0000000008000e1c        0xa ./Application/User/Core/sys_app.o
                0x0000000008000e1c                UTIL_SEQ_EvtIdle
 .text.UTIL_SEQ_Idle
                0x0000000008000e26        0x8 ./Application/User/Core/sys_app.o
                0x0000000008000e26                UTIL_SEQ_Idle
 *fill*         0x0000000008000e2e        0x2 
 .text.GetBatteryLevel
                0x0000000008000e30       0x50 ./Application/User/Core/sys_app.o
                0x0000000008000e30                GetBatteryLevel
 .text.GetTemperatureLevel
                0x0000000008000e80       0x18 ./Application/User/Core/sys_app.o
                0x0000000008000e80                GetTemperatureLevel
 .text.UTIL_ADV_TRACE_PreSendHook
                0x0000000008000e98        0xc ./Application/User/Core/sys_app.o
                0x0000000008000e98                UTIL_ADV_TRACE_PreSendHook
 .text.UTIL_ADV_TRACE_PostSendHook
                0x0000000008000ea4        0xc ./Application/User/Core/sys_app.o
                0x0000000008000ea4                UTIL_ADV_TRACE_PostSendHook
 .text.HAL_InitTick
                0x0000000008000eb0        0x4 ./Application/User/Core/sys_app.o
                0x0000000008000eb0                HAL_InitTick
 .text.HAL_GetTick
                0x0000000008000eb4        0x8 ./Application/User/Core/sys_app.o
                0x0000000008000eb4                HAL_GetTick
 .text.EnvSensors_Read
                0x0000000008000ebc       0x2c ./Application/User/Core/sys_sensors.o
                0x0000000008000ebc                EnvSensors_Read
 .text.EnvSensors_Init
                0x0000000008000ee8        0x4 ./Application/User/Core/sys_sensors.o
                0x0000000008000ee8                EnvSensors_Init
 .text.TIMER_IF_SetTimerContext
                0x0000000008000eec       0x14 ./Application/User/Core/timer_if.o
                0x0000000008000eec                TIMER_IF_SetTimerContext
 .text.TIMER_IF_GetTimerContext
                0x0000000008000f00        0xc ./Application/User/Core/timer_if.o
                0x0000000008000f00                TIMER_IF_GetTimerContext
 .text.TIMER_IF_GetTimerElapsedTime
                0x0000000008000f0c       0x18 ./Application/User/Core/timer_if.o
                0x0000000008000f0c                TIMER_IF_GetTimerElapsedTime
 .text.TIMER_IF_GetTimerValue
                0x0000000008000f24       0x1c ./Application/User/Core/timer_if.o
                0x0000000008000f24                TIMER_IF_GetTimerValue
 .text.TIMER_IF_GetMinimumTimeout
                0x0000000008000f40        0x4 ./Application/User/Core/timer_if.o
                0x0000000008000f40                TIMER_IF_GetMinimumTimeout
 .text.TIMER_IF_Convert_ms2Tick
                0x0000000008000f44       0x14 ./Application/User/Core/timer_if.o
                0x0000000008000f44                TIMER_IF_Convert_ms2Tick
 .text.TIMER_IF_Convert_Tick2ms
                0x0000000008000f58       0x2c ./Application/User/Core/timer_if.o
                0x0000000008000f58                TIMER_IF_Convert_Tick2ms
 .text.TIMER_IF_Init
                0x0000000008000f84       0x2c ./Application/User/Core/timer_if.o
                0x0000000008000f84                TIMER_IF_Init
 .text.TIMER_IF_StopTimer
                0x0000000008000fb0       0x20 ./Application/User/Core/timer_if.o
                0x0000000008000fb0                TIMER_IF_StopTimer
 .text.TIMER_IF_StartTimer
                0x0000000008000fd0       0x50 ./Application/User/Core/timer_if.o
                0x0000000008000fd0                TIMER_IF_StartTimer
 .text.TIMER_IF_BkUp_Read_MSBticks
                0x0000000008001020       0x10 ./Application/User/Core/timer_if.o
 .text.TIMER_IF_GetTime
                0x0000000008001030       0x30 ./Application/User/Core/timer_if.o
                0x0000000008001030                TIMER_IF_GetTime
 .text.TIMER_IF_BkUp_Read_Seconds
                0x0000000008001060       0x10 ./Application/User/Core/timer_if.o
                0x0000000008001060                TIMER_IF_BkUp_Read_Seconds
 .text.TIMER_IF_BkUp_Read_SubSeconds
                0x0000000008001070       0x10 ./Application/User/Core/timer_if.o
                0x0000000008001070                TIMER_IF_BkUp_Read_SubSeconds
 .text.TIMER_IF_BkUp_Write_Seconds
                0x0000000008001080       0x14 ./Application/User/Core/timer_if.o
                0x0000000008001080                TIMER_IF_BkUp_Write_Seconds
 .text.TIMER_IF_BkUp_Write_SubSeconds
                0x0000000008001094       0x14 ./Application/User/Core/timer_if.o
                0x0000000008001094                TIMER_IF_BkUp_Write_SubSeconds
 .text.MX_USART2_UART_Init
                0x00000000080010a8       0x68 ./Application/User/Core/usart.o
                0x00000000080010a8                MX_USART2_UART_Init
 .text.HAL_UART_MspInit
                0x0000000008001110       0xe4 ./Application/User/Core/usart.o
                0x0000000008001110                HAL_UART_MspInit
 .text.HAL_UART_MspDeInit
                0x00000000080011f4       0x38 ./Application/User/Core/usart.o
                0x00000000080011f4                HAL_UART_MspDeInit
 .text.vcom_Init
                0x000000000800122c       0x28 ./Application/User/Core/usart_if.o
                0x000000000800122c                vcom_Init
 .text.vcom_DeInit
                0x0000000008001254       0x2c ./Application/User/Core/usart_if.o
                0x0000000008001254                vcom_DeInit
 .text.vcom_Trace_DMA
                0x0000000008001280       0x14 ./Application/User/Core/usart_if.o
                0x0000000008001280                vcom_Trace_DMA
 .text.vcom_ReceiveInit
                0x0000000008001294       0x5c ./Application/User/Core/usart_if.o
                0x0000000008001294                vcom_ReceiveInit
 .text.vcom_Resume
                0x00000000080012f0       0x28 ./Application/User/Core/usart_if.o
                0x00000000080012f0                vcom_Resume
 .text.HAL_UART_TxCpltCallback
                0x0000000008001318       0x10 ./Application/User/Core/usart_if.o
                0x0000000008001318                HAL_UART_TxCpltCallback
 .text.HAL_UART_RxCpltCallback
                0x0000000008001328       0x2c ./Application/User/Core/usart_if.o
                0x0000000008001328                HAL_UART_RxCpltCallback
 .text.MX_LoRaWAN_Init
                0x0000000008001354        0xc ./Application/User/LoRaWAN/App/app_lorawan.o
                0x0000000008001354                MX_LoRaWAN_Init
 .text.MX_LoRaWAN_Process
                0x0000000008001360        0xc ./Application/User/LoRaWAN/App/app_lorawan.o
                0x0000000008001360                MX_LoRaWAN_Process
 .text.OnMacProcessNotify
                0x000000000800136c        0x2 ./Application/User/LoRaWAN/App/lora_app.o
 *fill*         0x000000000800136e        0x2 
 .text.OnTxTimerEvent
                0x0000000008001370       0x18 ./Application/User/LoRaWAN/App/lora_app.o
 .text.OnTxData
                0x0000000008001388       0xa8 ./Application/User/LoRaWAN/App/lora_app.o
 .text.OnRxData
                0x0000000008001430       0xf0 ./Application/User/LoRaWAN/App/lora_app.o
 .text.OnRxTimerLedEvent
                0x0000000008001520        0xa ./Application/User/LoRaWAN/App/lora_app.o
 .text.OnTxTimerLedEvent
                0x000000000800152a        0xa ./Application/User/LoRaWAN/App/lora_app.o
 .text.OnJoinRequest
                0x0000000008001534       0x6c ./Application/User/LoRaWAN/App/lora_app.o
 .text.SendTxData
                0x00000000080015a0      0x118 ./Application/User/LoRaWAN/App/lora_app.o
 .text.OnJoinTimerLedEvent
                0x00000000080016b8        0xa ./Application/User/LoRaWAN/App/lora_app.o
 *fill*         0x00000000080016c2        0x2 
 .text.LoRaWAN_Init
                0x00000000080016c4      0x180 ./Application/User/LoRaWAN/App/lora_app.o
                0x00000000080016c4                LoRaWAN_Init
 .text.HAL_GPIO_EXTI_Callback
                0x0000000008001844       0x12 ./Application/User/LoRaWAN/App/lora_app.o
                0x0000000008001844                HAL_GPIO_EXTI_Callback
 *fill*         0x0000000008001856        0x2 
 .text.LmHandlerInit
                0x0000000008001858       0x5c ./Application/User/MbMux/LmHandler_mbwrapper.o
                0x0000000008001858                LmHandlerInit
 .text.LmHandlerConfigure
                0x00000000080018b4       0x34 ./Application/User/MbMux/LmHandler_mbwrapper.o
                0x00000000080018b4                LmHandlerConfigure
 .text.LmHandlerJoin
                0x00000000080018e8       0x1a ./Application/User/MbMux/LmHandler_mbwrapper.o
                0x00000000080018e8                LmHandlerJoin
 *fill*         0x0000000008001902        0x2 
 .text.LmHandlerSend
                0x0000000008001904       0x98 ./Application/User/MbMux/LmHandler_mbwrapper.o
                0x0000000008001904                LmHandlerSend
 .text.LmHandlerRequestClass
                0x000000000800199c       0x20 ./Application/User/MbMux/LmHandler_mbwrapper.o
                0x000000000800199c                LmHandlerRequestClass
 .text.Process_Lora_Notif
                0x00000000080019bc      0x108 ./Application/User/MbMux/LmHandler_mbwrapper.o
                0x00000000080019bc                Process_Lora_Notif
 .text.MBMUX_CheckIfFeatureSupportedByCm0plus
                0x0000000008001ac4       0x48 ./Application/User/MbMux/mbmux.o
 .text.MBMUX_IsrResponseRcvCb
                0x0000000008001b0c       0x1c ./Application/User/MbMux/mbmux.o
 .text.MBMUX_IsrNotificationRcvCb
                0x0000000008001b28       0x24 ./Application/User/MbMux/mbmux.o
 .text.MBMUX_FindChStillUnregistered
                0x0000000008001b4c       0x80 ./Application/User/MbMux/mbmux.o
 .text.MBMUX_GetFeatureChIdx
                0x0000000008001bcc       0x14 ./Application/User/MbMux/mbmux.o
 .text.MBMUX_IsrNotRegistered
                0x0000000008001be0        0x8 ./Application/User/MbMux/mbmux.o
 .text.MBMUX_Init
                0x0000000008001be8       0x7c ./Application/User/MbMux/mbmux.o
                0x0000000008001be8                MBMUX_Init
 .text.MBMUX_SetCm0plusFeatureListPtr
                0x0000000008001c64        0xc ./Application/User/MbMux/mbmux.o
                0x0000000008001c64                MBMUX_SetCm0plusFeatureListPtr
 .text.MBMUX_RegisterFeature
                0x0000000008001c70       0xa8 ./Application/User/MbMux/mbmux.o
                0x0000000008001c70                MBMUX_RegisterFeature
 .text.MBMUX_GetFeatureComPtr
                0x0000000008001d18       0x34 ./Application/User/MbMux/mbmux.o
                0x0000000008001d18                MBMUX_GetFeatureComPtr
 .text.MBMUX_CommandSnd
                0x0000000008001d4c       0x30 ./Application/User/MbMux/mbmux.o
                0x0000000008001d4c                MBMUX_CommandSnd
 .text.MBMUX_AcknowledgeSnd
                0x0000000008001d7c        0xe ./Application/User/MbMux/mbmux.o
                0x0000000008001d7c                MBMUX_AcknowledgeSnd
 *fill*         0x0000000008001d8a        0x2 
 .text.MBMUXIF_TaskLoraNotifRcv
                0x0000000008001d8c       0x10 ./Application/User/MbMux/mbmuxif_lora.o
 .text.MBMUXIF_IsrLoraNotifRcvCb
                0x0000000008001d9c       0x14 ./Application/User/MbMux/mbmuxif_lora.o
 .text.MBMUXIF_IsrLoraRespRcvCb
                0x0000000008001db0        0xa ./Application/User/MbMux/mbmuxif_lora.o
 *fill*         0x0000000008001dba        0x2 
 .text.MBMUXIF_LoraInit
                0x0000000008001dbc       0x84 ./Application/User/MbMux/mbmuxif_lora.o
                0x0000000008001dbc                MBMUXIF_LoraInit
 .text.MBMUXIF_GetLoraFeatureCmdComPtr
                0x0000000008001e40       0x18 ./Application/User/MbMux/mbmuxif_lora.o
                0x0000000008001e40                MBMUXIF_GetLoraFeatureCmdComPtr
 .text.MBMUXIF_LoraSendCmd
                0x0000000008001e58       0x18 ./Application/User/MbMux/mbmuxif_lora.o
                0x0000000008001e58                MBMUXIF_LoraSendCmd
 .text.MBMUXIF_IsrSystemPrioARespRcvCb
                0x0000000008001e70        0x2 ./Application/User/MbMux/mbmuxif_sys.o
 .text.MBMUXIF_IsrSystemPrioBRespRcvCb
                0x0000000008001e72        0x2 ./Application/User/MbMux/mbmuxif_sys.o
 .text.MBMUXIF_IsrSystemPrioBNotifRcvCb
                0x0000000008001e74        0x2 ./Application/User/MbMux/mbmuxif_sys.o
 *fill*         0x0000000008001e76        0x2 
 .text.MBMUXIF_TaskSystemNotifRcv
                0x0000000008001e78       0x10 ./Application/User/MbMux/mbmuxif_sys.o
 .text.MBMUXIF_IsrSystemNotifRcvCb
                0x0000000008001e88       0x14 ./Application/User/MbMux/mbmuxif_sys.o
 .text.MBMUXIF_IsrSystemRespRcvCb
                0x0000000008001e9c       0x20 ./Application/User/MbMux/mbmuxif_sys.o
 .text.MBMUXIF_SetCpusSynchroFlag
                0x0000000008001ebc       0x10 ./Application/User/MbMux/mbmuxif_sys.o
                0x0000000008001ebc                MBMUXIF_SetCpusSynchroFlag
 .text.MBMUXIF_SystemInit
                0x0000000008001ecc      0x16c ./Application/User/MbMux/mbmuxif_sys.o
                0x0000000008001ecc                MBMUXIF_SystemInit
 .text.MBMUXIF_WaitCm0MbmuxIsInitialized
                0x0000000008002038       0x18 ./Application/User/MbMux/mbmuxif_sys.o
                0x0000000008002038                MBMUXIF_WaitCm0MbmuxIsInitialized
 .text.MBMUXIF_GetSystemFeatureCmdComPtr
                0x0000000008002050       0x16 ./Application/User/MbMux/mbmuxif_sys.o
                0x0000000008002050                MBMUXIF_GetSystemFeatureCmdComPtr
 *fill*         0x0000000008002066        0x2 
 .text.MBMUXIF_SystemSendCmd
                0x0000000008002068       0x38 ./Application/User/MbMux/mbmuxif_sys.o
                0x0000000008002068                MBMUXIF_SystemSendCmd
 .text.MBMUXIF_SystemSendAck
                0x00000000080020a0       0x10 ./Application/User/MbMux/mbmuxif_sys.o
                0x00000000080020a0                MBMUXIF_SystemSendAck
 .text.MBMUXIF_IsrSystemPrioANotifRcvCb
                0x00000000080020b0        0xe ./Application/User/MbMux/mbmuxif_sys.o
 .text.MBMUXIF_SystemSendCm0plusInfoListReq
                0x00000000080020be       0x1e ./Application/User/MbMux/mbmuxif_sys.o
                0x00000000080020be                MBMUXIF_SystemSendCm0plusInfoListReq
 .text.MBMUXIF_SystemGetFeatCapabInfoPtr
                0x00000000080020dc       0x3e ./Application/User/MbMux/mbmuxif_sys.o
                0x00000000080020dc                MBMUXIF_SystemGetFeatCapabInfoPtr
 .text.MBMUXIF_SystemSendCm0plusRegistrationCmd
                0x000000000800211a       0x28 ./Application/User/MbMux/mbmuxif_sys.o
                0x000000000800211a                MBMUXIF_SystemSendCm0plusRegistrationCmd
 *fill*         0x0000000008002142        0x2 
 .text.MBMUXIF_SystemPrio_Add
                0x0000000008002144       0x8c ./Application/User/MbMux/mbmuxif_sys.o
                0x0000000008002144                MBMUXIF_SystemPrio_Add
 .text.MBMUXIF_TraceInit
                0x00000000080021d0       0x38 ./Application/User/MbMux/mbmuxif_trace.o
                0x00000000080021d0                MBMUXIF_TraceInit
 .text.MBMUXIF_TraceSendAck
                0x0000000008002208       0x12 ./Application/User/MbMux/mbmuxif_trace.o
                0x0000000008002208                MBMUXIF_TraceSendAck
 .text.MBMUXIF_IsrTraceNotifRcvCb
                0x000000000800221a       0x20 ./Application/User/MbMux/mbmuxif_trace.o
 .text.data_initializers
                0x000000000800223a       0x18 ./Application/User/Startup/startup_stm32wl55jcix.o
 *fill*         0x0000000008002252        0x2 
 .text.Reset_Handler
                0x0000000008002254       0x64 ./Application/User/Startup/startup_stm32wl55jcix.o
                0x0000000008002254                Reset_Handler
 .text.Default_Handler
                0x00000000080022b8        0x2 ./Application/User/Startup/startup_stm32wl55jcix.o
                0x00000000080022b8                RTC_Alarm_IRQHandler
                0x00000000080022b8                EXTI2_IRQHandler
                0x00000000080022b8                TIM1_CC_IRQHandler
                0x00000000080022b8                EXTI3_IRQHandler
                0x00000000080022b8                LPTIM2_IRQHandler
                0x00000000080022b8                I2C3_ER_IRQHandler
                0x00000000080022b8                LPTIM3_IRQHandler
                0x00000000080022b8                I2C2_EV_IRQHandler
                0x00000000080022b8                TAMP_STAMP_LSECSS_SSRU_IRQHandler
                0x00000000080022b8                SPI1_IRQHandler
                0x00000000080022b8                DMA2_Channel2_IRQHandler
                0x00000000080022b8                DMA1_Channel4_IRQHandler
                0x00000000080022b8                PKA_IRQHandler
                0x00000000080022b8                TIM17_IRQHandler
                0x00000000080022b8                DMA1_Channel7_IRQHandler
                0x00000000080022b8                SUBGHZSPI_IRQHandler
                0x00000000080022b8                DMA2_Channel1_IRQHandler
                0x00000000080022b8                I2C1_EV_IRQHandler
                0x00000000080022b8                SUBGHZ_Radio_IRQHandler
                0x00000000080022b8                DMAMUX1_OVR_IRQHandler
                0x00000000080022b8                DMA1_Channel6_IRQHandler
                0x00000000080022b8                TIM16_IRQHandler
                0x00000000080022b8                DMA2_Channel4_IRQHandler
                0x00000000080022b8                RCC_IRQHandler
                0x00000000080022b8                TIM1_TRG_COM_IRQHandler
                0x00000000080022b8                DMA1_Channel1_IRQHandler
                0x00000000080022b8                Default_Handler
                0x00000000080022b8                DMA2_Channel7_IRQHandler
                0x00000000080022b8                EXTI15_10_IRQHandler
                0x00000000080022b8                ADC_IRQHandler
                0x00000000080022b8                C2SEV_PWR_C2H_IRQHandler
                0x00000000080022b8                I2C3_EV_IRQHandler
                0x00000000080022b8                EXTI9_5_IRQHandler
                0x00000000080022b8                RTC_WKUP_IRQHandler
                0x00000000080022b8                PVD_PVM_IRQHandler
                0x00000000080022b8                SPI2_IRQHandler
                0x00000000080022b8                DMA2_Channel5_IRQHandler
                0x00000000080022b8                EXTI4_IRQHandler
                0x00000000080022b8                RNG_IRQHandler
                0x00000000080022b8                DMA1_Channel3_IRQHandler
                0x00000000080022b8                COMP_IRQHandler
                0x00000000080022b8                HSEM_IRQHandler
                0x00000000080022b8                TIM1_UP_IRQHandler
                0x00000000080022b8                WWDG_IRQHandler
                0x00000000080022b8                LPUART1_IRQHandler
                0x00000000080022b8                DMA2_Channel6_IRQHandler
                0x00000000080022b8                TIM2_IRQHandler
                0x00000000080022b8                TIM1_BRK_IRQHandler
                0x00000000080022b8                DAC_IRQHandler
                0x00000000080022b8                AES_IRQHandler
                0x00000000080022b8                I2C2_ER_IRQHandler
                0x00000000080022b8                DMA1_Channel2_IRQHandler
                0x00000000080022b8                FLASH_IRQHandler
                0x00000000080022b8                USART1_IRQHandler
                0x00000000080022b8                I2C1_ER_IRQHandler
                0x00000000080022b8                LPTIM1_IRQHandler
                0x00000000080022b8                DMA2_Channel3_IRQHandler
 *fill*         0x00000000080022ba        0x2 
 .text.BSP_LED_Init
                0x00000000080022bc       0x58 ./Drivers/BSP/STM32WLxx_Nucleo/stm32wlxx_nucleo.o
                0x00000000080022bc                BSP_LED_Init
 .text.BSP_LED_On
                0x0000000008002314       0x20 ./Drivers/BSP/STM32WLxx_Nucleo/stm32wlxx_nucleo.o
                0x0000000008002314                BSP_LED_On
 .text.BSP_LED_Off
                0x0000000008002334       0x20 ./Drivers/BSP/STM32WLxx_Nucleo/stm32wlxx_nucleo.o
                0x0000000008002334                BSP_LED_Off
 .text.BSP_LED_Toggle
                0x0000000008002354       0x20 ./Drivers/BSP/STM32WLxx_Nucleo/stm32wlxx_nucleo.o
                0x0000000008002354                BSP_LED_Toggle
 .text.BSP_PB_Init
                0x0000000008002374       0xf4 ./Drivers/BSP/STM32WLxx_Nucleo/stm32wlxx_nucleo.o
                0x0000000008002374                BSP_PB_Init
 .text.BSP_PB_Callback
                0x0000000008002468        0x2 ./Drivers/BSP/STM32WLxx_Nucleo/stm32wlxx_nucleo.o
                0x0000000008002468                BSP_PB_Callback
 .text.BUTTON_SW3_EXTI_Callback
                0x000000000800246a        0xa ./Drivers/BSP/STM32WLxx_Nucleo/stm32wlxx_nucleo.o
 .text.BUTTON_SW2_EXTI_Callback
                0x0000000008002474        0xa ./Drivers/BSP/STM32WLxx_Nucleo/stm32wlxx_nucleo.o
 .text.BUTTON_SW1_EXTI_Callback
                0x000000000800247e        0xa ./Drivers/BSP/STM32WLxx_Nucleo/stm32wlxx_nucleo.o
 .text.SystemInit
                0x0000000008002488        0x2 ./Drivers/CMSIS/system_stm32wlxx.o
                0x0000000008002488                SystemInit
 *fill*         0x000000000800248a        0x2 
 .text.HAL_Init
                0x000000000800248c       0x2c ./Drivers/STM32WLxx_HAL_Driver/stm32wlxx_hal.o
                0x000000000800248c                HAL_Init
 .text.HAL_SuspendTick
                0x00000000080024b8       0x10 ./Drivers/STM32WLxx_HAL_Driver/stm32wlxx_hal.o
                0x00000000080024b8                HAL_SuspendTick
 .text.HAL_ResumeTick
                0x00000000080024c8       0x10 ./Drivers/STM32WLxx_HAL_Driver/stm32wlxx_hal.o
                0x00000000080024c8                HAL_ResumeTick
 .text.HAL_DBGMCU_DisableDBGSleepMode
                0x00000000080024d8       0x10 ./Drivers/STM32WLxx_HAL_Driver/stm32wlxx_hal.o
                0x00000000080024d8                HAL_DBGMCU_DisableDBGSleepMode
 .text.HAL_DBGMCU_DisableDBGStopMode
                0x00000000080024e8       0x10 ./Drivers/STM32WLxx_HAL_Driver/stm32wlxx_hal.o
                0x00000000080024e8                HAL_DBGMCU_DisableDBGStopMode
 .text.HAL_DBGMCU_DisableDBGStandbyMode
                0x00000000080024f8       0x10 ./Drivers/STM32WLxx_HAL_Driver/stm32wlxx_hal.o
                0x00000000080024f8                HAL_DBGMCU_DisableDBGStandbyMode
 .text.HAL_ADC_Init
                0x0000000008002508      0x26c ./Drivers/STM32WLxx_HAL_Driver/stm32wlxx_hal_adc.o
                0x0000000008002508                HAL_ADC_Init
 .text.HAL_ADC_PollForConversion
                0x0000000008002774       0xbe ./Drivers/STM32WLxx_HAL_Driver/stm32wlxx_hal_adc.o
                0x0000000008002774                HAL_ADC_PollForConversion
 .text.HAL_ADC_GetValue
                0x0000000008002832        0x6 ./Drivers/STM32WLxx_HAL_Driver/stm32wlxx_hal_adc.o
                0x0000000008002832                HAL_ADC_GetValue
 .text.HAL_ADC_ConfigChannel
                0x0000000008002838      0x210 ./Drivers/STM32WLxx_HAL_Driver/stm32wlxx_hal_adc.o
                0x0000000008002838                HAL_ADC_ConfigChannel
 .text.ADC_ConversionStop
                0x0000000008002a48       0x66 ./Drivers/STM32WLxx_HAL_Driver/stm32wlxx_hal_adc.o
                0x0000000008002a48                ADC_ConversionStop
 *fill*         0x0000000008002aae        0x2 
 .text.ADC_Enable
                0x0000000008002ab0       0xdc ./Drivers/STM32WLxx_HAL_Driver/stm32wlxx_hal_adc.o
                0x0000000008002ab0                ADC_Enable
 .text.HAL_ADC_Start
                0x0000000008002b8c       0x64 ./Drivers/STM32WLxx_HAL_Driver/stm32wlxx_hal_adc.o
                0x0000000008002b8c                HAL_ADC_Start
 .text.ADC_Disable
                0x0000000008002bf0       0x94 ./Drivers/STM32WLxx_HAL_Driver/stm32wlxx_hal_adc.o
                0x0000000008002bf0                ADC_Disable
 .text.HAL_ADC_DeInit
                0x0000000008002c84       0xa8 ./Drivers/STM32WLxx_HAL_Driver/stm32wlxx_hal_adc.o
                0x0000000008002c84                HAL_ADC_DeInit
 .text.HAL_ADC_Stop
                0x0000000008002d2c       0x40 ./Drivers/STM32WLxx_HAL_Driver/stm32wlxx_hal_adc.o
                0x0000000008002d2c                HAL_ADC_Stop
 .text.HAL_ADCEx_Calibration_Start
                0x0000000008002d6c       0xa0 ./Drivers/STM32WLxx_HAL_Driver/stm32wlxx_hal_adc_ex.o
                0x0000000008002d6c                HAL_ADCEx_Calibration_Start
 .text.HAL_NVIC_SetPriorityGrouping
                0x0000000008002e0c       0x24 ./Drivers/STM32WLxx_HAL_Driver/stm32wlxx_hal_cortex.o
                0x0000000008002e0c                HAL_NVIC_SetPriorityGrouping
 .text.HAL_NVIC_SetPriority
                0x0000000008002e30       0x68 ./Drivers/STM32WLxx_HAL_Driver/stm32wlxx_hal_cortex.o
                0x0000000008002e30                HAL_NVIC_SetPriority
 .text.HAL_NVIC_EnableIRQ
                0x0000000008002e98       0x1c ./Drivers/STM32WLxx_HAL_Driver/stm32wlxx_hal_cortex.o
                0x0000000008002e98                HAL_NVIC_EnableIRQ
 .text.HAL_NVIC_DisableIRQ
                0x0000000008002eb4       0x24 ./Drivers/STM32WLxx_HAL_Driver/stm32wlxx_hal_cortex.o
                0x0000000008002eb4                HAL_NVIC_DisableIRQ
 .text.DMA_SetConfig
                0x0000000008002ed8       0x40 ./Drivers/STM32WLxx_HAL_Driver/stm32wlxx_hal_dma.o
 .text.DMA_CalcDMAMUXChannelBaseAndMask
                0x0000000008002f18       0x64 ./Drivers/STM32WLxx_HAL_Driver/stm32wlxx_hal_dma.o
 .text.DMA_CalcDMAMUXRequestGenBaseAndMask
                0x0000000008002f7c       0x2c ./Drivers/STM32WLxx_HAL_Driver/stm32wlxx_hal_dma.o
 .text.HAL_DMA_Init
                0x0000000008002fa8       0xe4 ./Drivers/STM32WLxx_HAL_Driver/stm32wlxx_hal_dma.o
                0x0000000008002fa8                HAL_DMA_Init
 .text.HAL_DMA_DeInit
                0x000000000800308c       0xb8 ./Drivers/STM32WLxx_HAL_Driver/stm32wlxx_hal_dma.o
                0x000000000800308c                HAL_DMA_DeInit
 .text.HAL_DMA_Start_IT
                0x0000000008003144       0x98 ./Drivers/STM32WLxx_HAL_Driver/stm32wlxx_hal_dma.o
                0x0000000008003144                HAL_DMA_Start_IT
 .text.HAL_DMA_Abort
                0x00000000080031dc       0x74 ./Drivers/STM32WLxx_HAL_Driver/stm32wlxx_hal_dma.o
                0x00000000080031dc                HAL_DMA_Abort
 .text.HAL_DMA_Abort_IT
                0x0000000008003250       0x72 ./Drivers/STM32WLxx_HAL_Driver/stm32wlxx_hal_dma.o
                0x0000000008003250                HAL_DMA_Abort_IT
 *fill*         0x00000000080032c2        0x2 
 .text.HAL_DMA_IRQHandler
                0x00000000080032c4       0xe8 ./Drivers/STM32WLxx_HAL_Driver/stm32wlxx_hal_dma.o
                0x00000000080032c4                HAL_DMA_IRQHandler
 .text.HAL_DMA_ConfigChannelAttributes
                0x00000000080033ac       0x26 ./Drivers/STM32WLxx_HAL_Driver/stm32wlxx_hal_dma.o
                0x00000000080033ac                HAL_DMA_ConfigChannelAttributes
 .text.HAL_EXTI_RegisterCallback
                0x00000000080033d2        0xe ./Drivers/STM32WLxx_HAL_Driver/stm32wlxx_hal_exti.o
                0x00000000080033d2                HAL_EXTI_RegisterCallback
 .text.HAL_EXTI_GetHandle
                0x00000000080033e0        0xc ./Drivers/STM32WLxx_HAL_Driver/stm32wlxx_hal_exti.o
                0x00000000080033e0                HAL_EXTI_GetHandle
 .text.HAL_FLASH_Unlock
                0x00000000080033ec       0x30 ./Drivers/STM32WLxx_HAL_Driver/stm32wlxx_hal_flash.o
                0x00000000080033ec                HAL_FLASH_Unlock
 .text.HAL_FLASH_Lock
                0x000000000800341c       0x1c ./Drivers/STM32WLxx_HAL_Driver/stm32wlxx_hal_flash.o
                0x000000000800341c                HAL_FLASH_Lock
 .text.HAL_FLASH_OB_Unlock
                0x0000000008003438       0x34 ./Drivers/STM32WLxx_HAL_Driver/stm32wlxx_hal_flash.o
                0x0000000008003438                HAL_FLASH_OB_Unlock
 .text.HAL_FLASH_OB_Lock
                0x000000000800346c       0x20 ./Drivers/STM32WLxx_HAL_Driver/stm32wlxx_hal_flash.o
                0x000000000800346c                HAL_FLASH_OB_Lock
 .text.HAL_FLASH_OB_Launch
                0x000000000800348c       0x14 ./Drivers/STM32WLxx_HAL_Driver/stm32wlxx_hal_flash.o
                0x000000000800348c                HAL_FLASH_OB_Launch
 .text.FLASH_WaitForLastOperation
                0x00000000080034a0       0x6c ./Drivers/STM32WLxx_HAL_Driver/stm32wlxx_hal_flash.o
                0x00000000080034a0                FLASH_WaitForLastOperation
 .text.FLASH_OB_WRPConfig
                0x000000000800350c       0x2c ./Drivers/STM32WLxx_HAL_Driver/stm32wlxx_hal_flash_ex.o
 .text.FLASH_OB_OptrConfig
                0x0000000008003538       0x1c ./Drivers/STM32WLxx_HAL_Driver/stm32wlxx_hal_flash_ex.o
 .text.FLASH_OB_PCROP1AConfig
                0x0000000008003554       0x48 ./Drivers/STM32WLxx_HAL_Driver/stm32wlxx_hal_flash_ex.o
 .text.FLASH_OB_PCROP1BConfig
                0x000000000800359c       0x18 ./Drivers/STM32WLxx_HAL_Driver/stm32wlxx_hal_flash_ex.o
 .text.FLASH_OB_IPCCBufferAddrConfig
                0x00000000080035b4       0x10 ./Drivers/STM32WLxx_HAL_Driver/stm32wlxx_hal_flash_ex.o
 .text.FLASH_OB_GetWRP
                0x00000000080035c4       0x30 ./Drivers/STM32WLxx_HAL_Driver/stm32wlxx_hal_flash_ex.o
 .text.FLASH_OB_GetRDP
                0x00000000080035f4       0x18 ./Drivers/STM32WLxx_HAL_Driver/stm32wlxx_hal_flash_ex.o
 .text.FLASH_OB_GetUser
                0x000000000800360c       0x14 ./Drivers/STM32WLxx_HAL_Driver/stm32wlxx_hal_flash_ex.o
 .text.FLASH_OB_GetPCROP
                0x0000000008003620       0x50 ./Drivers/STM32WLxx_HAL_Driver/stm32wlxx_hal_flash_ex.o
 .text.FLASH_OB_GetIPCCBufferAddr
                0x0000000008003670       0x18 ./Drivers/STM32WLxx_HAL_Driver/stm32wlxx_hal_flash_ex.o
 .text.FLASH_OB_GetC2BootResetConfig
                0x0000000008003688       0x40 ./Drivers/STM32WLxx_HAL_Driver/stm32wlxx_hal_flash_ex.o
 .text.FLASH_OB_GetSUBGHZSPISecureAccess
                0x00000000080036c8       0x10 ./Drivers/STM32WLxx_HAL_Driver/stm32wlxx_hal_flash_ex.o
 .text.FLASH_OB_GetC2DebugAccessMode
                0x00000000080036d8       0x10 ./Drivers/STM32WLxx_HAL_Driver/stm32wlxx_hal_flash_ex.o
 .text.FLASH_OB_ConfigSecureMode
                0x00000000080036e8       0x16 ./Drivers/STM32WLxx_HAL_Driver/stm32wlxx_hal_flash_ex.o
 *fill*         0x00000000080036fe        0x2 
 .text.FLASH_OB_SecureConfig
                0x0000000008003700      0x134 ./Drivers/STM32WLxx_HAL_Driver/stm32wlxx_hal_flash_ex.o
 .text.FLASH_OB_GetSecureMode
                0x0000000008003834        0xa ./Drivers/STM32WLxx_HAL_Driver/stm32wlxx_hal_flash_ex.o
 *fill*         0x000000000800383e        0x2 
 .text.FLASH_OB_GetSecureMemoryConfig
                0x0000000008003840       0x8c ./Drivers/STM32WLxx_HAL_Driver/stm32wlxx_hal_flash_ex.o
 .text.FLASH_OB_ProceedWriteOperation
                0x00000000080038cc       0x28 ./Drivers/STM32WLxx_HAL_Driver/stm32wlxx_hal_flash_ex.o
 .text.HAL_FLASHEx_OBProgram
                0x00000000080038f4       0xd4 ./Drivers/STM32WLxx_HAL_Driver/stm32wlxx_hal_flash_ex.o
                0x00000000080038f4                HAL_FLASHEx_OBProgram
 .text.HAL_FLASHEx_OBGetConfig
                0x00000000080039c8       0x94 ./Drivers/STM32WLxx_HAL_Driver/stm32wlxx_hal_flash_ex.o
                0x00000000080039c8                HAL_FLASHEx_OBGetConfig
 .text.HAL_GPIO_Init
                0x0000000008003a5c      0x170 ./Drivers/STM32WLxx_HAL_Driver/stm32wlxx_hal_gpio.o
                0x0000000008003a5c                HAL_GPIO_Init
 .text.HAL_GPIO_DeInit
                0x0000000008003bcc       0xf8 ./Drivers/STM32WLxx_HAL_Driver/stm32wlxx_hal_gpio.o
                0x0000000008003bcc                HAL_GPIO_DeInit
 .text.HAL_GPIO_WritePin
                0x0000000008003cc4        0xa ./Drivers/STM32WLxx_HAL_Driver/stm32wlxx_hal_gpio.o
                0x0000000008003cc4                HAL_GPIO_WritePin
 .text.HAL_GPIO_TogglePin
                0x0000000008003cce       0x12 ./Drivers/STM32WLxx_HAL_Driver/stm32wlxx_hal_gpio.o
                0x0000000008003cce                HAL_GPIO_TogglePin
 .text.HAL_GPIO_EXTI_IRQHandler
                0x0000000008003ce0       0x1c ./Drivers/STM32WLxx_HAL_Driver/stm32wlxx_hal_gpio.o
                0x0000000008003ce0                HAL_GPIO_EXTI_IRQHandler
 .text.HAL_IPCC_RxCallback
                0x0000000008003cfc        0x2 ./Drivers/STM32WLxx_HAL_Driver/stm32wlxx_hal_ipcc.o
                0x0000000008003cfc                HAL_IPCC_RxCallback
 .text.HAL_IPCC_TxCallback
                0x0000000008003cfe        0x2 ./Drivers/STM32WLxx_HAL_Driver/stm32wlxx_hal_ipcc.o
                0x0000000008003cfe                HAL_IPCC_TxCallback
 .text.HAL_IPCC_TX_IRQHandler
                0x0000000008003d00       0x54 ./Drivers/STM32WLxx_HAL_Driver/stm32wlxx_hal_ipcc.o
                0x0000000008003d00                HAL_IPCC_TX_IRQHandler
 .text.HAL_IPCC_RX_IRQHandler
                0x0000000008003d54       0x54 ./Drivers/STM32WLxx_HAL_Driver/stm32wlxx_hal_ipcc.o
                0x0000000008003d54                HAL_IPCC_RX_IRQHandler
 .text.IPCC_UnmaskInterrupt
                0x0000000008003da8       0x34 ./Drivers/STM32WLxx_HAL_Driver/stm32wlxx_hal_ipcc.o
                0x0000000008003da8                IPCC_UnmaskInterrupt
 .text.HAL_IPCC_ActivateNotification
                0x0000000008003ddc       0x60 ./Drivers/STM32WLxx_HAL_Driver/stm32wlxx_hal_ipcc.o
                0x0000000008003ddc                HAL_IPCC_ActivateNotification
 .text.HAL_IPCC_NotifyCPU
                0x0000000008003e3c       0x48 ./Drivers/STM32WLxx_HAL_Driver/stm32wlxx_hal_ipcc.o
                0x0000000008003e3c                HAL_IPCC_NotifyCPU
 .text.IPCC_SetDefaultCallbacks
                0x0000000008003e84       0x28 ./Drivers/STM32WLxx_HAL_Driver/stm32wlxx_hal_ipcc.o
                0x0000000008003e84                IPCC_SetDefaultCallbacks
 .text.IPCC_Reset_Register
                0x0000000008003eac       0x10 ./Drivers/STM32WLxx_HAL_Driver/stm32wlxx_hal_ipcc.o
                0x0000000008003eac                IPCC_Reset_Register
 .text.HAL_IPCC_Init
                0x0000000008003ebc       0x3c ./Drivers/STM32WLxx_HAL_Driver/stm32wlxx_hal_ipcc.o
                0x0000000008003ebc                HAL_IPCC_Init
 .text.HAL_PWR_EnableBkUpAccess
                0x0000000008003ef8       0x10 ./Drivers/STM32WLxx_HAL_Driver/stm32wlxx_hal_pwr.o
                0x0000000008003ef8                HAL_PWR_EnableBkUpAccess
 .text.HAL_PWR_EnterSLEEPMode
                0x0000000008003f08       0x4c ./Drivers/STM32WLxx_HAL_Driver/stm32wlxx_hal_pwr.o
                0x0000000008003f08                HAL_PWR_EnterSLEEPMode
 .text.HAL_PWREx_GetVoltageRange
                0x0000000008003f54       0x10 ./Drivers/STM32WLxx_HAL_Driver/stm32wlxx_hal_pwr_ex.o
                0x0000000008003f54                HAL_PWREx_GetVoltageRange
 .text.HAL_PWREx_ReleaseCore
                0x0000000008003f64       0x10 ./Drivers/STM32WLxx_HAL_Driver/stm32wlxx_hal_pwr_ex.o
                0x0000000008003f64                HAL_PWREx_ReleaseCore
 .text.HAL_PWREx_EnableLowPowerRunMode
                0x0000000008003f74       0x10 ./Drivers/STM32WLxx_HAL_Driver/stm32wlxx_hal_pwr_ex.o
                0x0000000008003f74                HAL_PWREx_EnableLowPowerRunMode
 .text.HAL_PWREx_DisableLowPowerRunMode
                0x0000000008003f84       0x4c ./Drivers/STM32WLxx_HAL_Driver/stm32wlxx_hal_pwr_ex.o
                0x0000000008003f84                HAL_PWREx_DisableLowPowerRunMode
 .text.HAL_PWREx_EnterSTOP2Mode
                0x0000000008003fd0       0x3c ./Drivers/STM32WLxx_HAL_Driver/stm32wlxx_hal_pwr_ex.o
                0x0000000008003fd0                HAL_PWREx_EnterSTOP2Mode
 .text.RCC_SetFlashLatency
                0x000000000800400c       0xb8 ./Drivers/STM32WLxx_HAL_Driver/stm32wlxx_hal_rcc.o
 .text.RCC_SetFlashLatencyFromMSIRange
                0x00000000080040c4       0x44 ./Drivers/STM32WLxx_HAL_Driver/stm32wlxx_hal_rcc.o
 .text.HAL_RCC_GetSysClockFreq
                0x0000000008004108      0x110 ./Drivers/STM32WLxx_HAL_Driver/stm32wlxx_hal_rcc.o
                0x0000000008004108                HAL_RCC_GetSysClockFreq
 .text.HAL_RCC_GetHCLKFreq
                0x0000000008004218       0x20 ./Drivers/STM32WLxx_HAL_Driver/stm32wlxx_hal_rcc.o
                0x0000000008004218                HAL_RCC_GetHCLKFreq
 .text.HAL_RCC_OscConfig
                0x0000000008004238      0x678 ./Drivers/STM32WLxx_HAL_Driver/stm32wlxx_hal_rcc.o
                0x0000000008004238                HAL_RCC_OscConfig
 .text.HAL_RCC_ClockConfig
                0x00000000080048b0      0x268 ./Drivers/STM32WLxx_HAL_Driver/stm32wlxx_hal_rcc.o
                0x00000000080048b0                HAL_RCC_ClockConfig
 .text.HAL_RCC_GetPCLK1Freq
                0x0000000008004b18       0x20 ./Drivers/STM32WLxx_HAL_Driver/stm32wlxx_hal_rcc.o
                0x0000000008004b18                HAL_RCC_GetPCLK1Freq
 .text.HAL_RCC_GetPCLK2Freq
                0x0000000008004b38       0x20 ./Drivers/STM32WLxx_HAL_Driver/stm32wlxx_hal_rcc.o
                0x0000000008004b38                HAL_RCC_GetPCLK2Freq
 .text.HAL_RCC_GetOscConfig
                0x0000000008004b58      0x15e ./Drivers/STM32WLxx_HAL_Driver/stm32wlxx_hal_rcc.o
                0x0000000008004b58                HAL_RCC_GetOscConfig
 *fill*         0x0000000008004cb6        0x2 
 .text.HAL_RCCEx_PeriphCLKConfig
                0x0000000008004cb8      0x284 ./Drivers/STM32WLxx_HAL_Driver/stm32wlxx_hal_rcc_ex.o
                0x0000000008004cb8                HAL_RCCEx_PeriphCLKConfig
 .text.HAL_RTC_DeactivateAlarm
                0x0000000008004f3c       0x80 ./Drivers/STM32WLxx_HAL_Driver/stm32wlxx_hal_rtc.o
                0x0000000008004f3c                HAL_RTC_DeactivateAlarm
 .text.RTC_ByteToBcd2
                0x0000000008004fbc       0x16 ./Drivers/STM32WLxx_HAL_Driver/stm32wlxx_hal_rtc.o
                0x0000000008004fbc                RTC_ByteToBcd2
 *fill*         0x0000000008004fd2        0x2 
 .text.HAL_RTC_SetAlarm_IT
                0x0000000008004fd4      0x178 ./Drivers/STM32WLxx_HAL_Driver/stm32wlxx_hal_rtc.o
                0x0000000008004fd4                HAL_RTC_SetAlarm_IT
 .text.HAL_RTCEx_BKUPWrite
                0x000000000800514c        0xe ./Drivers/STM32WLxx_HAL_Driver/stm32wlxx_hal_rtc_ex.o
                0x000000000800514c                HAL_RTCEx_BKUPWrite
 .text.HAL_RTCEx_BKUPRead
                0x000000000800515a        0xe ./Drivers/STM32WLxx_HAL_Driver/stm32wlxx_hal_rtc_ex.o
                0x000000000800515a                HAL_RTCEx_BKUPRead
 .text.UART_EndTxTransfer
                0x0000000008005168       0x32 ./Drivers/STM32WLxx_HAL_Driver/stm32wlxx_hal_uart.o
 .text.UART_EndRxTransfer
                0x000000000800519a       0x56 ./Drivers/STM32WLxx_HAL_Driver/stm32wlxx_hal_uart.o
 .text.HAL_UART_Transmit_DMA
                0x00000000080051f0       0xc0 ./Drivers/STM32WLxx_HAL_Driver/stm32wlxx_hal_uart.o
                0x00000000080051f0                HAL_UART_Transmit_DMA
 .text.UART_DMATransmitCplt
                0x00000000080052b0       0x48 ./Drivers/STM32WLxx_HAL_Driver/stm32wlxx_hal_uart.o
 .text.UART_EndTransmit_IT
                0x00000000080052f8       0x24 ./Drivers/STM32WLxx_HAL_Driver/stm32wlxx_hal_uart.o
 .text.HAL_UART_TxHalfCpltCallback
                0x000000000800531c        0x2 ./Drivers/STM32WLxx_HAL_Driver/stm32wlxx_hal_uart.o
                0x000000000800531c                HAL_UART_TxHalfCpltCallback
 .text.UART_DMATxHalfCplt
                0x000000000800531e        0xa ./Drivers/STM32WLxx_HAL_Driver/stm32wlxx_hal_uart.o
 .text.HAL_UART_ErrorCallback
                0x0000000008005328        0x2 ./Drivers/STM32WLxx_HAL_Driver/stm32wlxx_hal_uart.o
                0x0000000008005328                HAL_UART_ErrorCallback
 .text.UART_DMAError
                0x000000000800532a       0x58 ./Drivers/STM32WLxx_HAL_Driver/stm32wlxx_hal_uart.o
 .text.UART_DMAAbortOnError
                0x0000000008005382       0x14 ./Drivers/STM32WLxx_HAL_Driver/stm32wlxx_hal_uart.o
 .text.HAL_UARTEx_RxEventCallback
                0x0000000008005396        0x2 ./Drivers/STM32WLxx_HAL_Driver/stm32wlxx_hal_uart.o
                0x0000000008005396                HAL_UARTEx_RxEventCallback
 .text.HAL_UART_IRQHandler
                0x0000000008005398      0x334 ./Drivers/STM32WLxx_HAL_Driver/stm32wlxx_hal_uart.o
                0x0000000008005398                HAL_UART_IRQHandler
 .text.UART_RxISR_8BIT
                0x00000000080056cc       0xb2 ./Drivers/STM32WLxx_HAL_Driver/stm32wlxx_hal_uart.o
 .text.UART_RxISR_16BIT
                0x000000000800577e       0xb0 ./Drivers/STM32WLxx_HAL_Driver/stm32wlxx_hal_uart.o
 *fill*         0x000000000800582e        0x2 
 .text.UART_RxISR_8BIT_FIFOEN
                0x0000000008005830      0x1a0 ./Drivers/STM32WLxx_HAL_Driver/stm32wlxx_hal_uart.o
 .text.UART_RxISR_16BIT_FIFOEN
                0x00000000080059d0      0x1a0 ./Drivers/STM32WLxx_HAL_Driver/stm32wlxx_hal_uart.o
 .text.UART_SetConfig
                0x0000000008005b70      0x2d4 ./Drivers/STM32WLxx_HAL_Driver/stm32wlxx_hal_uart.o
                0x0000000008005b70                UART_SetConfig
 .text.UART_AdvFeatureConfig
                0x0000000008005e44       0xca ./Drivers/STM32WLxx_HAL_Driver/stm32wlxx_hal_uart.o
                0x0000000008005e44                UART_AdvFeatureConfig
 .text.UART_WaitOnFlagUntilTimeout
                0x0000000008005f0e       0xd8 ./Drivers/STM32WLxx_HAL_Driver/stm32wlxx_hal_uart.o
                0x0000000008005f0e                UART_WaitOnFlagUntilTimeout
 .text.UART_CheckIdleState
                0x0000000008005fe6       0x74 ./Drivers/STM32WLxx_HAL_Driver/stm32wlxx_hal_uart.o
                0x0000000008005fe6                UART_CheckIdleState
 .text.HAL_UART_Init
                0x000000000800605a       0x66 ./Drivers/STM32WLxx_HAL_Driver/stm32wlxx_hal_uart.o
                0x000000000800605a                HAL_UART_Init
 .text.UART_Start_Receive_IT
                0x00000000080060c0      0x128 ./Drivers/STM32WLxx_HAL_Driver/stm32wlxx_hal_uart.o
                0x00000000080060c0                UART_Start_Receive_IT
 .text.HAL_UART_Receive_IT
                0x00000000080061e8       0x5c ./Drivers/STM32WLxx_HAL_Driver/stm32wlxx_hal_uart.o
                0x00000000080061e8                HAL_UART_Receive_IT
 .text.UARTEx_Wakeup_AddressConfig
                0x0000000008006244       0x2e ./Drivers/STM32WLxx_HAL_Driver/stm32wlxx_hal_uart_ex.o
 *fill*         0x0000000008006272        0x2 
 .text.UARTEx_SetNbDataToProcess
                0x0000000008006274       0x4c ./Drivers/STM32WLxx_HAL_Driver/stm32wlxx_hal_uart_ex.o
 .text.HAL_UARTEx_WakeupCallback
                0x00000000080062c0        0x2 ./Drivers/STM32WLxx_HAL_Driver/stm32wlxx_hal_uart_ex.o
                0x00000000080062c0                HAL_UARTEx_WakeupCallback
 .text.HAL_UARTEx_RxFifoFullCallback
                0x00000000080062c2        0x2 ./Drivers/STM32WLxx_HAL_Driver/stm32wlxx_hal_uart_ex.o
                0x00000000080062c2                HAL_UARTEx_RxFifoFullCallback
 .text.HAL_UARTEx_TxFifoEmptyCallback
                0x00000000080062c4        0x2 ./Drivers/STM32WLxx_HAL_Driver/stm32wlxx_hal_uart_ex.o
                0x00000000080062c4                HAL_UARTEx_TxFifoEmptyCallback
 .text.HAL_UARTEx_StopModeWakeUpSourceConfig
                0x00000000080062c6       0x82 ./Drivers/STM32WLxx_HAL_Driver/stm32wlxx_hal_uart_ex.o
                0x00000000080062c6                HAL_UARTEx_StopModeWakeUpSourceConfig
 .text.HAL_UARTEx_EnableStopMode
                0x0000000008006348       0x2e ./Drivers/STM32WLxx_HAL_Driver/stm32wlxx_hal_uart_ex.o
                0x0000000008006348                HAL_UARTEx_EnableStopMode
 .text.HAL_UARTEx_EnableFifoMode
                0x0000000008006376       0x48 ./Drivers/STM32WLxx_HAL_Driver/stm32wlxx_hal_uart_ex.o
                0x0000000008006376                HAL_UARTEx_EnableFifoMode
 .text.HAL_UARTEx_SetTxFifoThreshold
                0x00000000080063be       0x4a ./Drivers/STM32WLxx_HAL_Driver/stm32wlxx_hal_uart_ex.o
                0x00000000080063be                HAL_UARTEx_SetTxFifoThreshold
 .text.HAL_UARTEx_SetRxFifoThreshold
                0x0000000008006408       0x4a ./Drivers/STM32WLxx_HAL_Driver/stm32wlxx_hal_uart_ex.o
                0x0000000008006408                HAL_UARTEx_SetRxFifoThreshold
 *fill*         0x0000000008006452        0x2 
 .text.TRACE_AllocateBufer
                0x0000000008006454       0x7c ./Utilities/stm32_adv_trace.o
 .text.TRACE_Lock
                0x00000000080064d0       0x18 ./Utilities/stm32_adv_trace.o
 .text.TRACE_UnLock
                0x00000000080064e8       0x18 ./Utilities/stm32_adv_trace.o
 .text.TRACE_IsLocked
                0x0000000008006500       0x10 ./Utilities/stm32_adv_trace.o
 .text.UTIL_ADV_TRACE_Init
                0x0000000008006510       0x34 ./Utilities/stm32_adv_trace.o
                0x0000000008006510                UTIL_ADV_TRACE_Init
 .text.UTIL_ADV_TRACE_IsBufferEmpty
                0x0000000008006544       0x18 ./Utilities/stm32_adv_trace.o
                0x0000000008006544                UTIL_ADV_TRACE_IsBufferEmpty
 .text.UTIL_ADV_TRACE_RegisterTimeStampFunction
                0x000000000800655c        0xc ./Utilities/stm32_adv_trace.o
                0x000000000800655c                UTIL_ADV_TRACE_RegisterTimeStampFunction
 .text.UTIL_ADV_TRACE_SetVerboseLevel
                0x0000000008006568        0xc ./Utilities/stm32_adv_trace.o
                0x0000000008006568                UTIL_ADV_TRACE_SetVerboseLevel
 .text.TRACE_Send
                0x0000000008006574       0x9c ./Utilities/stm32_adv_trace.o
 .text.UTIL_ADV_TRACE_COND_FSend
                0x0000000008006610       0xc8 ./Utilities/stm32_adv_trace.o
                0x0000000008006610                UTIL_ADV_TRACE_COND_FSend
 .text.UTIL_ADV_TRACE_Send
                0x00000000080066d8       0x54 ./Utilities/stm32_adv_trace.o
                0x00000000080066d8                UTIL_ADV_TRACE_Send
 .text.TRACE_TxCpltCallback
                0x000000000800672c       0xac ./Utilities/stm32_adv_trace.o
 .text.UTIL_LPM_Init
                0x00000000080067d8       0x14 ./Utilities/stm32_lpm.o
                0x00000000080067d8                UTIL_LPM_Init
 .text.UTIL_LPM_SetStopMode
                0x00000000080067ec       0x2c ./Utilities/stm32_lpm.o
                0x00000000080067ec                UTIL_LPM_SetStopMode
 .text.UTIL_LPM_SetOffMode
                0x0000000008006818       0x2c ./Utilities/stm32_lpm.o
                0x0000000008006818                UTIL_LPM_SetOffMode
 .text.UTIL_LPM_EnterLowPower
                0x0000000008006844       0x48 ./Utilities/stm32_lpm.o
                0x0000000008006844                UTIL_LPM_EnterLowPower
 .text.UTIL_MEM_cpy_8
                0x000000000800688c       0x14 ./Utilities/stm32_mem.o
                0x000000000800688c                UTIL_MEM_cpy_8
 .text.UTIL_MEM_set_8
                0x00000000080068a0       0x10 ./Utilities/stm32_mem.o
                0x00000000080068a0                UTIL_MEM_set_8
 .text.UTIL_SEQ_SetTask
                0x00000000080068b0       0x2c ./Utilities/stm32_seq.o
                0x00000000080068b0                UTIL_SEQ_SetTask
 .text.UTIL_SEQ_SetEvt
                0x00000000080068dc       0x18 ./Utilities/stm32_seq.o
                0x00000000080068dc                UTIL_SEQ_SetEvt
 .text.UTIL_SEQ_PreIdle
                0x00000000080068f4        0x2 ./Utilities/stm32_seq.o
                0x00000000080068f4                UTIL_SEQ_PreIdle
 .text.UTIL_SEQ_PostIdle
                0x00000000080068f6        0x2 ./Utilities/stm32_seq.o
                0x00000000080068f6                UTIL_SEQ_PostIdle
 .text.SEQ_BitPosition
                0x00000000080068f8       0x3c ./Utilities/stm32_seq.o
                0x00000000080068f8                SEQ_BitPosition
 .text.UTIL_SEQ_Run
                0x0000000008006934      0x110 ./Utilities/stm32_seq.o
                0x0000000008006934                UTIL_SEQ_Run
 .text.UTIL_SEQ_WaitEvt
                0x0000000008006a44       0x4c ./Utilities/stm32_seq.o
                0x0000000008006a44                UTIL_SEQ_WaitEvt
 .text.UTIL_SEQ_RegTask
                0x0000000008006a90       0x20 ./Utilities/stm32_seq.o
                0x0000000008006a90                UTIL_SEQ_RegTask
 .text.SysTimeAdd
                0x0000000008006ab0       0x3a ./Utilities/stm32_systime.o
                0x0000000008006ab0                SysTimeAdd
 *fill*         0x0000000008006aea        0x2 
 .text.SysTimeGet
                0x0000000008006aec       0x40 ./Utilities/stm32_systime.o
                0x0000000008006aec                SysTimeGet
 .text.UTIL_TIMER_Init
                0x0000000008006b2c       0x18 ./Utilities/stm32_timer.o
                0x0000000008006b2c                UTIL_TIMER_Init
 .text.UTIL_TIMER_Create
                0x0000000008006b44       0x3c ./Utilities/stm32_timer.o
                0x0000000008006b44                UTIL_TIMER_Create
 .text.TimerExists
                0x0000000008006b80       0x1c ./Utilities/stm32_timer.o
                0x0000000008006b80                TimerExists
 .text.TimerSetTimeout
                0x0000000008006b9c       0x30 ./Utilities/stm32_timer.o
                0x0000000008006b9c                TimerSetTimeout
 .text.UTIL_TIMER_Stop
                0x0000000008006bcc       0x6c ./Utilities/stm32_timer.o
                0x0000000008006bcc                UTIL_TIMER_Stop
 .text.TimerInsertTimer
                0x0000000008006c38       0x3c ./Utilities/stm32_timer.o
                0x0000000008006c38                TimerInsertTimer
 .text.TimerInsertNewHeadTimer
                0x0000000008006c74       0x1c ./Utilities/stm32_timer.o
                0x0000000008006c74                TimerInsertNewHeadTimer
 .text.UTIL_TIMER_Start
                0x0000000008006c90       0x8c ./Utilities/stm32_timer.o
                0x0000000008006c90                UTIL_TIMER_Start
 .text.UTIL_TIMER_SetPeriod
                0x0000000008006d1c       0x34 ./Utilities/stm32_timer.o
                0x0000000008006d1c                UTIL_TIMER_SetPeriod
 .text.UTIL_TIMER_IRQ_Handler
                0x0000000008006d50       0x8c ./Utilities/stm32_timer.o
                0x0000000008006d50                UTIL_TIMER_IRQ_Handler
 .text.ee_skip_atoi
                0x0000000008006ddc       0x24 ./Utilities/stm32_tiny_vsnprintf.o
 .text.ee_number
                0x0000000008006e00      0x10c ./Utilities/stm32_tiny_vsnprintf.o
 .text.tiny_vsnprintf_like
                0x0000000008006f0c      0x18c ./Utilities/stm32_tiny_vsnprintf.o
                0x0000000008006f0c                tiny_vsnprintf_like
 .text.__libc_init_array
                0x0000000008007098       0x48 d:/st/stm32cubeide_1.7.0/stm32cubeide/plugins/com.st.stm32cube.ide.mcu.externaltools.gnu-tools-for-stm32.9-2020-q2-update.win32_2.0.0.202105311346/tools/bin/../lib/gcc/arm-none-eabi/9.3.1/../../../../arm-none-eabi/lib/thumb/v7e-m/nofp\libc_nano.a(lib_a-init.o)
                0x0000000008007098                __libc_init_array
 .text.memset   0x00000000080070e0       0x10 d:/st/stm32cubeide_1.7.0/stm32cubeide/plugins/com.st.stm32cube.ide.mcu.externaltools.gnu-tools-for-stm32.9-2020-q2-update.win32_2.0.0.202105311346/tools/bin/../lib/gcc/arm-none-eabi/9.3.1/../../../../arm-none-eabi/lib/thumb/v7e-m/nofp\libc_nano.a(lib_a-memset.o)
                0x00000000080070e0                memset
 *(.glue_7)
 .glue_7        0x00000000080070f0        0x0 linker stubs
 *(.glue_7t)
 .glue_7t       0x00000000080070f0        0x0 linker stubs
 *(.eh_frame)
 .eh_frame      0x00000000080070f0        0x0 d:/st/stm32cubeide_1.7.0/stm32cubeide/plugins/com.st.stm32cube.ide.mcu.externaltools.gnu-tools-for-stm32.9-2020-q2-update.win32_2.0.0.202105311346/tools/bin/../lib/gcc/arm-none-eabi/9.3.1/thumb/v7e-m/nofp/crtbegin.o
 *(.init)
 .init          0x00000000080070f0        0x4 d:/st/stm32cubeide_1.7.0/stm32cubeide/plugins/com.st.stm32cube.ide.mcu.externaltools.gnu-tools-for-stm32.9-2020-q2-update.win32_2.0.0.202105311346/tools/bin/../lib/gcc/arm-none-eabi/9.3.1/thumb/v7e-m/nofp/crti.o
                0x00000000080070f0                _init
 .init          0x00000000080070f4        0x8 d:/st/stm32cubeide_1.7.0/stm32cubeide/plugins/com.st.stm32cube.ide.mcu.externaltools.gnu-tools-for-stm32.9-2020-q2-update.win32_2.0.0.202105311346/tools/bin/../lib/gcc/arm-none-eabi/9.3.1/thumb/v7e-m/nofp/crtn.o
 *(.fini)
 .fini          0x00000000080070fc        0x4 d:/st/stm32cubeide_1.7.0/stm32cubeide/plugins/com.st.stm32cube.ide.mcu.externaltools.gnu-tools-for-stm32.9-2020-q2-update.win32_2.0.0.202105311346/tools/bin/../lib/gcc/arm-none-eabi/9.3.1/thumb/v7e-m/nofp/crti.o
                0x00000000080070fc                _fini
 .fini          0x0000000008007100        0x8 d:/st/stm32cubeide_1.7.0/stm32cubeide/plugins/com.st.stm32cube.ide.mcu.externaltools.gnu-tools-for-stm32.9-2020-q2-update.win32_2.0.0.202105311346/tools/bin/../lib/gcc/arm-none-eabi/9.3.1/thumb/v7e-m/nofp/crtn.o
                0x0000000008007108                . = ALIGN (0x4)
                0x0000000008007108                _etext = .

.vfp11_veneer   0x0000000008007108        0x0
 .vfp11_veneer  0x0000000008007108        0x0 linker stubs

.v4_bx          0x0000000008007108        0x0
 .v4_bx         0x0000000008007108        0x0 linker stubs

.iplt           0x0000000008007108        0x0
 .iplt          0x0000000008007108        0x0 d:/st/stm32cubeide_1.7.0/stm32cubeide/plugins/com.st.stm32cube.ide.mcu.externaltools.gnu-tools-for-stm32.9-2020-q2-update.win32_2.0.0.202105311346/tools/bin/../lib/gcc/arm-none-eabi/9.3.1/thumb/v7e-m/nofp/crtbegin.o

.rodata         0x0000000008007108      0x788
                0x0000000008007108                . = ALIGN (0x4)
 *(.rodata)
 .rodata        0x0000000008007108       0x1c ./Drivers/STM32WLxx_HAL_Driver/stm32wlxx_hal_rcc.o
 *(.rodata*)
 .rodata.SYS_GetTemperatureLevel.str1.4
                0x0000000008007124        0xb ./Application/User/Core/adc_if.o
 *fill*         0x000000000800712f        0x1 
 .rodata.UTIL_PowerDriver
                0x0000000008007130       0x18 ./Application/User/Core/stm32_lpm_if.o
                0x0000000008007130                UTIL_PowerDriver
 .rodata.TimestampNow.str1.4
                0x0000000008007148        0x9 ./Application/User/Core/sys_app.o
 *fill*         0x0000000008007151        0x3 
 .rodata.MBMUXIF_Init.str1.4
                0x0000000008007154      0x158 ./Application/User/Core/sys_app.o
 .rodata.Process_Sys_Notif.str1.4
                0x00000000080072ac       0x1f ./Application/User/Core/sys_app.o
 *fill*         0x00000000080072cb        0x1 
 .rodata.GetBatteryLevel.str1.4
                0x00000000080072cc        0xb ./Application/User/Core/sys_app.o
 *fill*         0x00000000080072d7        0x1 
 .rodata.UTIL_SYSTIMDriver
                0x00000000080072d8       0x14 ./Application/User/Core/timer_if.o
                0x00000000080072d8                UTIL_SYSTIMDriver
 .rodata.UTIL_TimerDriver
                0x00000000080072ec       0x2c ./Application/User/Core/timer_if.o
                0x00000000080072ec                UTIL_TimerDriver
 .rodata.UTIL_TraceDriver
                0x0000000008007318       0x10 ./Application/User/Core/usart_if.o
                0x0000000008007318                UTIL_TraceDriver
 .rodata.OnTxData.str1.4
                0x0000000008007328       0xa6 ./Application/User/LoRaWAN/App/lora_app.o
 *fill*         0x00000000080073ce        0x2 
 .rodata.OnRxData.str1.4
                0x00000000080073d0       0x91 ./Application/User/LoRaWAN/App/lora_app.o
 *fill*         0x0000000008007461        0x3 
 .rodata.OnJoinRequest.str1.4
                0x0000000008007464       0x71 ./Application/User/LoRaWAN/App/lora_app.o
 *fill*         0x00000000080074d5        0x3 
 .rodata.SendTxData.str1.4
                0x00000000080074d8       0x2e ./Application/User/LoRaWAN/App/lora_app.o
 *fill*         0x0000000008007506        0x2 
 .rodata.LoRaWAN_Init.str1.4
                0x0000000008007508       0x80 ./Application/User/LoRaWAN/App/lora_app.o
 .rodata.str1.4
                0x0000000008007588       0x3a ./Application/User/LoRaWAN/App/lora_app.o
 *fill*         0x00000000080075c2        0x2 
 .rodata.slotStrings.12713
                0x00000000080075c4       0x18 ./Application/User/LoRaWAN/App/lora_app.o
 .rodata.Process_Lora_Notif.str1.4
                0x00000000080075dc       0x1d ./Application/User/MbMux/LmHandler_mbwrapper.o
 *fill*         0x00000000080075f9        0x3 
 .rodata.MBMUXIF_SystemInit.str1.4
                0x00000000080075fc      0x114 ./Application/User/MbMux/mbmuxif_sys.o
 .rodata.BUTTON_IRQn
                0x0000000008007710        0x3 ./Drivers/BSP/STM32WLxx_Nucleo/stm32wlxx_nucleo.o
 *fill*         0x0000000008007713        0x1 
 .rodata.BUTTON_PIN
                0x0000000008007714        0x6 ./Drivers/BSP/STM32WLxx_Nucleo/stm32wlxx_nucleo.o
 *fill*         0x000000000800771a        0x2 
 .rodata.BUTTON_PORT
                0x000000000800771c        0xc ./Drivers/BSP/STM32WLxx_Nucleo/stm32wlxx_nucleo.o
 .rodata.LED_PIN
                0x0000000008007728        0x6 ./Drivers/BSP/STM32WLxx_Nucleo/stm32wlxx_nucleo.o
 *fill*         0x000000000800772e        0x2 
 .rodata.LED_PORT
                0x0000000008007730        0xc ./Drivers/BSP/STM32WLxx_Nucleo/stm32wlxx_nucleo.o
 .rodata.button_callback.9898
                0x000000000800773c        0xc ./Drivers/BSP/STM32WLxx_Nucleo/stm32wlxx_nucleo.o
 .rodata.button_exti_line.9900
                0x0000000008007748        0xc ./Drivers/BSP/STM32WLxx_Nucleo/stm32wlxx_nucleo.o
 .rodata.button_interrupt_priority.9899
                0x0000000008007754        0xc ./Drivers/BSP/STM32WLxx_Nucleo/stm32wlxx_nucleo.o
 .rodata.AHBPrescTable
                0x0000000008007760       0x40 ./Drivers/CMSIS/system_stm32wlxx.o
                0x0000000008007760                AHBPrescTable
 .rodata.APBPrescTable
                0x00000000080077a0       0x20 ./Drivers/CMSIS/system_stm32wlxx.o
                0x00000000080077a0                APBPrescTable
 .rodata.MSIRangeTable
                0x00000000080077c0       0x40 ./Drivers/CMSIS/system_stm32wlxx.o
                0x00000000080077c0                MSIRangeTable
 .rodata.UARTPrescTable
                0x0000000008007800       0x18 ./Drivers/STM32WLxx_HAL_Driver/stm32wlxx_hal_uart.o
                0x0000000008007800                UARTPrescTable
 .rodata.denominator.9915
                0x0000000008007818        0x8 ./Drivers/STM32WLxx_HAL_Driver/stm32wlxx_hal_uart_ex.o
 .rodata.numerator.9914
                0x0000000008007820        0x8 ./Drivers/STM32WLxx_HAL_Driver/stm32wlxx_hal_uart_ex.o
 .rodata.SEQ_clz_table_4bit
                0x0000000008007828       0x10 ./Utilities/stm32_seq.o
 .rodata.ee_number.str1.4
                0x0000000008007838       0x4d ./Utilities/stm32_tiny_vsnprintf.o
 *fill*         0x0000000008007885        0x3 
 .rodata.tiny_vsnprintf_like.str1.4
                0x0000000008007888        0x7 ./Utilities/stm32_tiny_vsnprintf.o
                0x0000000008007890                . = ALIGN (0x4)
 *fill*         0x000000000800788f        0x1 

.ARM.extab      0x0000000008007890        0x0
                0x0000000008007890                . = ALIGN (0x4)
 *(.ARM.extab* .gnu.linkonce.armextab.*)
                0x0000000008007890                . = ALIGN (0x4)

.ARM            0x0000000008007890        0x8
                0x0000000008007890                . = ALIGN (0x4)
                0x0000000008007890                __exidx_start = .
 *(.ARM.exidx*)
 .ARM.exidx     0x0000000008007890        0x8 d:/st/stm32cubeide_1.7.0/stm32cubeide/plugins/com.st.stm32cube.ide.mcu.externaltools.gnu-tools-for-stm32.9-2020-q2-update.win32_2.0.0.202105311346/tools/bin/../lib/gcc/arm-none-eabi/9.3.1/thumb/v7e-m/nofp\libgcc.a(_udivmoddi4.o)
                0x0000000008007898                __exidx_end = .
                0x0000000008007898                . = ALIGN (0x4)

.rel.dyn        0x0000000008007898        0x0
 .rel.iplt      0x0000000008007898        0x0 d:/st/stm32cubeide_1.7.0/stm32cubeide/plugins/com.st.stm32cube.ide.mcu.externaltools.gnu-tools-for-stm32.9-2020-q2-update.win32_2.0.0.202105311346/tools/bin/../lib/gcc/arm-none-eabi/9.3.1/thumb/v7e-m/nofp/crtbegin.o

.preinit_array  0x0000000008007898        0x0
                0x0000000008007898                . = ALIGN (0x4)
                0x0000000008007898                PROVIDE (__preinit_array_start = .)
 *(.preinit_array*)
                0x0000000008007898                PROVIDE (__preinit_array_end = .)
                0x0000000008007898                . = ALIGN (0x4)

.init_array     0x0000000008007898        0x4
                0x0000000008007898                . = ALIGN (0x4)
                0x0000000008007898                PROVIDE (__init_array_start = .)
 *(SORT_BY_NAME(.init_array.*))
 *(.init_array*)
 .init_array    0x0000000008007898        0x4 d:/st/stm32cubeide_1.7.0/stm32cubeide/plugins/com.st.stm32cube.ide.mcu.externaltools.gnu-tools-for-stm32.9-2020-q2-update.win32_2.0.0.202105311346/tools/bin/../lib/gcc/arm-none-eabi/9.3.1/thumb/v7e-m/nofp/crtbegin.o
                0x000000000800789c                PROVIDE (__init_array_end = .)
                0x000000000800789c                . = ALIGN (0x4)

.fini_array     0x000000000800789c        0x4
                0x000000000800789c                . = ALIGN (0x4)
                [!provide]                        PROVIDE (__fini_array_start = .)
 *(SORT_BY_NAME(.fini_array.*))
 *(.fini_array*)
 .fini_array    0x000000000800789c        0x4 d:/st/stm32cubeide_1.7.0/stm32cubeide/plugins/com.st.stm32cube.ide.mcu.externaltools.gnu-tools-for-stm32.9-2020-q2-update.win32_2.0.0.202105311346/tools/bin/../lib/gcc/arm-none-eabi/9.3.1/thumb/v7e-m/nofp/crtbegin.o
                [!provide]                        PROVIDE (__fini_array_end = .)
                0x00000000080078a0                . = ALIGN (0x4)
                0x00000000080078a0                _sidata = LOADADDR (.data)

.data           0x0000000020000000       0x60 load address 0x00000000080078a0
                0x0000000020000000                . = ALIGN (0x4)
                0x0000000020000000                _sdata = .
 *(.data)
 *(.data*)
 .data.AppData  0x0000000020000000        0x8 ./Application/User/LoRaWAN/App/lora_app.o
 .data.LmHandlerCallbacks
                0x0000000020000008       0x34 ./Application/User/LoRaWAN/App/lora_app.o
 .data.LmHandlerParams
                0x000000002000003c       0x10 ./Application/User/LoRaWAN/App/lora_app.o
 .data.pMb_RefTable
                0x000000002000004c        0x4 ./Application/User/MbMux/mbmuxif_sys.o
                0x000000002000004c                pMb_RefTable
 .data.SystemCoreClock
                0x0000000020000050        0x4 ./Drivers/CMSIS/system_stm32wlxx.o
                0x0000000020000050                SystemCoreClock
 .data.uwTickPrio
                0x0000000020000054        0x4 ./Drivers/STM32WLxx_HAL_Driver/stm32wlxx_hal.o
                0x0000000020000054                uwTickPrio
 .data.SuperMask
                0x0000000020000058        0x4 ./Utilities/stm32_seq.o
 .data.TaskMask
                0x000000002000005c        0x4 ./Utilities/stm32_seq.o
 *(.RamFunc)
 *(.RamFunc*)
                0x0000000020000060                . = ALIGN (0x4)
                0x0000000020000060                _edata = .

.igot.plt       0x0000000020000060        0x0 load address 0x0000000008007900
 .igot.plt      0x0000000020000060        0x0 d:/st/stm32cubeide_1.7.0/stm32cubeide/plugins/com.st.stm32cube.ide.mcu.externaltools.gnu-tools-for-stm32.9-2020-q2-update.win32_2.0.0.202105311346/tools/bin/../lib/gcc/arm-none-eabi/9.3.1/thumb/v7e-m/nofp/crtbegin.o

MAPPING_TABLE   0x0000000020008000      0x13c
                0x0000000020008000                . = ALIGN (0x4)
                0x0000000020008000                _sMAPPING_TABLE = .
 *(MAPPING_TABLE)
 MAPPING_TABLE  0x0000000020008000      0x13c ./Application/User/MbMux/mbmuxif_sys.o
                0x000000002000813c                . = ALIGN (0x4)
                0x000000002000813c                _eMAPPING_TABLE = .

MB_MEM1         0x000000002000813c      0x1c0
                0x000000002000813c                . = ALIGN (0x4)
                0x000000002000813c                _sMB_MEM1 = .
 *(MB_MEM1)
 MB_MEM1        0x000000002000813c      0x104 ./Application/User/MbMux/LmHandler_mbwrapper.o
                0x000000002000813c                aLoraMbWrapShareBuffer
 MB_MEM1        0x0000000020008240       0x50 ./Application/User/MbMux/mbmuxif_lora.o
                0x0000000020008240                aLoraCmdRespBuff
                0x000000002000827c                aLoraNotifAckBuff
 MB_MEM1        0x0000000020008290       0x40 ./Application/User/MbMux/mbmuxif_sys.o
                0x0000000020008290                aSystemCmdRespBuff
                0x00000000200082ac                aSystemNotifAckBuff
                0x00000000200082c0                aSystemPrioACmdRespBuff
                0x00000000200082c4                aSystemPrioANotifAckBuff
                0x00000000200082c8                aSystemPrioBCmdRespBuff
                0x00000000200082cc                aSystemPrioBNotifAckBuff
 MB_MEM1        0x00000000200082d0       0x2c ./Application/User/MbMux/mbmuxif_trace.o
                0x00000000200082d0                aTraceNotifAckBuff
                0x00000000200082fc                . = ALIGN (0x4)
                0x00000000200082fc                _eMB_MEM1 = .
                0x00000000200082fc                . = ALIGN (0x4)

.bss            0x0000000020000060      0xae8
                0x0000000020000060                _sbss = .
                0x0000000020000060                __bss_start__ = _sbss
 *(.bss)
 .bss           0x0000000020000060       0x1c d:/st/stm32cubeide_1.7.0/stm32cubeide/plugins/com.st.stm32cube.ide.mcu.externaltools.gnu-tools-for-stm32.9-2020-q2-update.win32_2.0.0.202105311346/tools/bin/../lib/gcc/arm-none-eabi/9.3.1/thumb/v7e-m/nofp/crtbegin.o
 *(.bss*)
 .bss.IpccNotificationRcv
                0x000000002000007c        0x4 ./Application/User/Core/ipcc_if.o
 .bss.IpccResponseRcv
                0x0000000020000080        0x4 ./Application/User/Core/ipcc_if.o
 .bss.RTC_Initialized
                0x0000000020000084        0x1 ./Application/User/Core/timer_if.o
 *fill*         0x0000000020000085        0x3 
 .bss.RtcTimerContext
                0x0000000020000088        0x4 ./Application/User/Core/timer_if.o
 .bss.RxCpltCallback
                0x000000002000008c        0x4 ./Application/User/Core/usart_if.o
 .bss.TxCpltCallback
                0x0000000020000090        0x4 ./Application/User/Core/usart_if.o
 .bss.AppDataBuffer
                0x0000000020000094       0xf2 ./Application/User/LoRaWAN/App/lora_app.o
 .bss.AppLedStateOn
                0x0000000020000186        0x1 ./Application/User/LoRaWAN/App/lora_app.o
 *fill*         0x0000000020000187        0x1 
 .bss.JoinLedTimer
                0x0000000020000188       0x18 ./Application/User/LoRaWAN/App/lora_app.o
 .bss.RxLedTimer
                0x00000000200001a0       0x18 ./Application/User/LoRaWAN/App/lora_app.o
 .bss.TxLedTimer
                0x00000000200001b8       0x18 ./Application/User/LoRaWAN/App/lora_app.o
 .bss.TxTimer   0x00000000200001d0       0x18 ./Application/User/LoRaWAN/App/lora_app.o
 .bss.callback_mbwrapper
                0x00000000200001e8       0x34 ./Application/User/MbMux/LmHandler_mbwrapper.o
 .bss.p_MBMUX_Cm0plusFeatureList
                0x000000002000021c        0x4 ./Application/User/MbMux/mbmux.o
 .bss.p_MBMUX_ComTable
                0x0000000020000220        0x4 ./Application/User/MbMux/mbmux.o
 .bss.LoraComObj
                0x0000000020000224        0x4 ./Application/User/MbMux/mbmuxif_lora.o
 .bss.AllowSequencerForSysCmd
                0x0000000020000228        0x1 ./Application/User/MbMux/mbmuxif_sys.o
 .bss.MbSystemRespRcvFlag
                0x0000000020000229        0x1 ./Application/User/MbMux/mbmuxif_sys.o
 *fill*         0x000000002000022a        0x2 
 .bss.OptionsBytesStruct
                0x000000002000022c       0x58 ./Application/User/MbMux/mbmuxif_sys.o
 .bss.pFlash    0x0000000020000284       0x18 ./Drivers/STM32WLxx_HAL_Driver/stm32wlxx_hal_flash.o
                0x0000000020000284                pFlash
 .bss.ADV_TRACE_Buffer
                0x000000002000029c      0x400 ./Utilities/stm32_adv_trace.o
 .bss.ADV_TRACE_Ctx
                0x000000002000069c       0x18 ./Utilities/stm32_adv_trace.o
 .bss.sztmp     0x00000000200006b4      0x200 ./Utilities/stm32_adv_trace.o
 .bss.OffModeDisable
                0x00000000200008b4        0x4 ./Utilities/stm32_lpm.o
 .bss.StopModeDisable
                0x00000000200008b8        0x4 ./Utilities/stm32_lpm.o
 .bss.CurrentTaskIdx
                0x00000000200008bc        0x4 ./Utilities/stm32_seq.o
 .bss.EvtSet    0x00000000200008c0        0x4 ./Utilities/stm32_seq.o
 .bss.EvtWaited
                0x00000000200008c4        0x4 ./Utilities/stm32_seq.o
 .bss.TaskCb    0x00000000200008c8       0x80 ./Utilities/stm32_seq.o
 .bss.TaskPrio  0x0000000020000948       0x10 ./Utilities/stm32_seq.o
 .bss.TaskSet   0x0000000020000958        0x4 ./Utilities/stm32_seq.o
 .bss.TimerListHead
                0x000000002000095c        0x4 ./Utilities/stm32_timer.o
 *(COMMON)
 COMMON         0x0000000020000960       0x64 ./Application/User/Core/adc.o
                0x0000000020000960                hadc
 COMMON         0x00000000200009c4       0x3c ./Application/User/Core/ipcc.o
                0x00000000200009c4                hipcc
 COMMON         0x0000000020000a00       0x38 ./Application/User/Core/timer_if.o
                0x0000000020000a00                hrtc
 COMMON         0x0000000020000a38       0xf0 ./Application/User/Core/usart.o
                0x0000000020000a38                hdma_usart2_tx
                0x0000000020000a98                huart2
 COMMON         0x0000000020000b28        0x1 ./Application/User/Core/usart_if.o
                0x0000000020000b28                charRx
 *fill*         0x0000000020000b29        0x3 
 COMMON         0x0000000020000b2c        0x4 ./Application/User/MbMux/mbmuxif_sys.o
                0x0000000020000b2c                SystemComObj
 COMMON         0x0000000020000b30       0x18 ./Drivers/BSP/STM32WLxx_Nucleo/stm32wlxx_nucleo.o
                0x0000000020000b30                hpb_exti
                0x0000000020000b48                . = ALIGN (0x4)
                0x0000000020000b48                _ebss = .
                0x0000000020000b48                __bss_end__ = _ebss

._user_heap_stack
                0x0000000020000b48      0xa00
                0x0000000020000b48                . = ALIGN (0x8)
                [!provide]                        PROVIDE (end = .)
                0x0000000020000b48                PROVIDE (_end = .)
                0x0000000020000d48                . = (. + _Min_Heap_Size)
 *fill*         0x0000000020000b48      0x200 
                0x0000000020001548                . = (. + _Min_Stack_Size)
 *fill*         0x0000000020000d48      0x800 
                0x0000000020001548                . = ALIGN (0x8)

/DISCARD/
 libc.a(*)
 libm.a(*)
 libgcc.a(*)

.ARM.attributes
                0x0000000000000000       0x2a
 *(.ARM.attributes)
 .ARM.attributes
                0x0000000000000000       0x1e d:/st/stm32cubeide_1.7.0/stm32cubeide/plugins/com.st.stm32cube.ide.mcu.externaltools.gnu-tools-for-stm32.9-2020-q2-update.win32_2.0.0.202105311346/tools/bin/../lib/gcc/arm-none-eabi/9.3.1/thumb/v7e-m/nofp/crti.o
 .ARM.attributes
                0x000000000000001e       0x2e d:/st/stm32cubeide_1.7.0/stm32cubeide/plugins/com.st.stm32cube.ide.mcu.externaltools.gnu-tools-for-stm32.9-2020-q2-update.win32_2.0.0.202105311346/tools/bin/../lib/gcc/arm-none-eabi/9.3.1/thumb/v7e-m/nofp/crtbegin.o
 .ARM.attributes
                0x000000000000004c       0x2e ./Application/User/Common/System/sys_debug.o
 .ARM.attributes
                0x000000000000007a       0x2e ./Application/User/Core/adc.o
 .ARM.attributes
                0x00000000000000a8       0x2e ./Application/User/Core/adc_if.o
 .ARM.attributes
                0x00000000000000d6       0x2e ./Application/User/Core/dma.o
 .ARM.attributes
                0x0000000000000104       0x2e ./Application/User/Core/ipcc.o
 .ARM.attributes
                0x0000000000000132       0x2e ./Application/User/Core/ipcc_if.o
 .ARM.attributes
                0x0000000000000160       0x2e ./Application/User/Core/main.o
 .ARM.attributes
                0x000000000000018e       0x2e ./Application/User/Core/stm32_lpm_if.o
 .ARM.attributes
                0x00000000000001bc       0x2e ./Application/User/Core/stm32wlxx_hal_msp.o
 .ARM.attributes
                0x00000000000001ea       0x2e ./Application/User/Core/stm32wlxx_it.o
 .ARM.attributes
                0x0000000000000218       0x2e ./Application/User/Core/sys_app.o
 .ARM.attributes
                0x0000000000000246       0x2e ./Application/User/Core/sys_sensors.o
 .ARM.attributes
                0x0000000000000274       0x2e ./Application/User/Core/timer_if.o
 .ARM.attributes
                0x00000000000002a2       0x2e ./Application/User/Core/usart.o
 .ARM.attributes
                0x00000000000002d0       0x2e ./Application/User/Core/usart_if.o
 .ARM.attributes
                0x00000000000002fe       0x2e ./Application/User/LoRaWAN/App/app_lorawan.o
 .ARM.attributes
                0x000000000000032c       0x2e ./Application/User/LoRaWAN/App/lora_app.o
 .ARM.attributes
                0x000000000000035a       0x2e ./Application/User/MbMux/LmHandler_mbwrapper.o
 .ARM.attributes
                0x0000000000000388       0x2e ./Application/User/MbMux/mbmux.o
 .ARM.attributes
                0x00000000000003b6       0x2e ./Application/User/MbMux/mbmuxif_lora.o
 .ARM.attributes
                0x00000000000003e4       0x2e ./Application/User/MbMux/mbmuxif_sys.o
 .ARM.attributes
                0x0000000000000412       0x2e ./Application/User/MbMux/mbmuxif_trace.o
 .ARM.attributes
                0x0000000000000440       0x21 ./Application/User/Startup/startup_stm32wl55jcix.o
 .ARM.attributes
                0x0000000000000461       0x2e ./Drivers/BSP/STM32WLxx_Nucleo/stm32wlxx_nucleo.o
 .ARM.attributes
                0x000000000000048f       0x2e ./Drivers/CMSIS/system_stm32wlxx.o
 .ARM.attributes
                0x00000000000004bd       0x2e ./Drivers/STM32WLxx_HAL_Driver/stm32wlxx_hal.o
 .ARM.attributes
                0x00000000000004eb       0x2e ./Drivers/STM32WLxx_HAL_Driver/stm32wlxx_hal_adc.o
 .ARM.attributes
                0x0000000000000519       0x2e ./Drivers/STM32WLxx_HAL_Driver/stm32wlxx_hal_adc_ex.o
 .ARM.attributes
                0x0000000000000547       0x2e ./Drivers/STM32WLxx_HAL_Driver/stm32wlxx_hal_cortex.o
 .ARM.attributes
                0x0000000000000575       0x2e ./Drivers/STM32WLxx_HAL_Driver/stm32wlxx_hal_dma.o
 .ARM.attributes
                0x00000000000005a3       0x2e ./Drivers/STM32WLxx_HAL_Driver/stm32wlxx_hal_exti.o
 .ARM.attributes
                0x00000000000005d1       0x2e ./Drivers/STM32WLxx_HAL_Driver/stm32wlxx_hal_flash.o
 .ARM.attributes
                0x00000000000005ff       0x2e ./Drivers/STM32WLxx_HAL_Driver/stm32wlxx_hal_flash_ex.o
 .ARM.attributes
                0x000000000000062d       0x2e ./Drivers/STM32WLxx_HAL_Driver/stm32wlxx_hal_gpio.o
 .ARM.attributes
                0x000000000000065b       0x2e ./Drivers/STM32WLxx_HAL_Driver/stm32wlxx_hal_ipcc.o
 .ARM.attributes