sys_app.c:311:13:System_Init	16	static
sys_app.c:360:13:tiny_snprintf_like	16	static
sys_app.c:89:6:SystemApp_Init	8	static
sys_app.c:132:6:TimestampNow	32	static
sys_app.c:181:6:Process_Sys_Cmd	8	static
sys_app.c:216:6:UTIL_SEQ_EvtIdle	8	static
sys_app.c:235:6:UTIL_SEQ_Idle	8	static
sys_app.c:246:6:GetUniqueId	16	static
sys_app.c:286:10:GetDevAddr	8	static
sys_app.c:338:6:UTIL_ADV_TRACE_PreSendHook	8	static
sys_app.c:349:6:UTIL_ADV_TRACE_PostSendHook	8	static
sys_app.c:383:19:HAL_InitTick	0	static
sys_app.c:398:10:HAL_GetTick	8	static
sys_app.c:413:6:HAL_Delay	16	static
