timer_if.c:269:10:TIMER_IF_SetTimerContext	0	static
timer_if.c:283:10:TIMER_IF_GetTimerContext	0	static
timer_if.c:294:10:TIMER_IF_GetTimerElapsedTime	0	static
timer_if.c:307:10:TIMER_IF_GetTimerValue	0	static
timer_if.c:323:10:TIMER_IF_GetMinimumTimeout	0	static
timer_if.c:336:10:TIMER_IF_Convert_ms2Tick	8	static
timer_if.c:349:10:TIMER_IF_Convert_Tick2ms	8	static
timer_if.c:251:21:TIMER_IF_StopTimer	8	static
timer_if.c:506:13:TIMER_IF_BkUp_Write_MSBticks	8	static
timer_if.c:185:21:TIMER_IF_Init	16	static
timer_if.c:453:6:TIMER_IF_BkUp_Write_Seconds	8	static
timer_if.c:464:6:TIMER_IF_BkUp_Write_SubSeconds	8	static
timer_if.c:223:21:TIMER_IF_StartTimer	56	static
timer_if.c:517:17:TIMER_IF_BkUp_Read_MSBticks	8	static
timer_if.c:429:10:TIMER_IF_GetTime	16	static
timer_if.c:475:10:TIMER_IF_BkUp_Read_Seconds	8	static
timer_if.c:488:10:TIMER_IF_BkUp_Read_SubSeconds	8	static
timer_if.c:362:6:TIMER_IF_DelayMs	8	static,ignoring_inline_asm
timer_if.c:380:6:HAL_RTC_AlarmAEventCallback	8	static
timer_if.c:403:6:HAL_RTCEx_AlarmBEventCallback	8	static
timer_if.c:414:6:HAL_RTCEx_SSRUEventCallback	8	static
