LmHandler_mbwrapper.c:99:24:LmHandlerInit	8	static
LmHandler_mbwrapper.c:141:24:LmHandlerConfigure	16	static
LmHandler_mbwrapper.c:175:23:LmHandlerJoinStatus	8	static
LmHandler_mbwrapper.c:197:6:LmHandlerJoin	8	static
LmHandler_mbwrapper.c:221:24:LmHandlerStop	8	static
LmHandler_mbwrapper.c:243:24:LmHandlerSend	32	static
LmHandler_mbwrapper.c:306:6:LmHandlerProcess	8	static
LmHandler_mbwrapper.c:325:24:LmHandlerRequestClass	16	static
LmHandler_mbwrapper.c:351:24:LmHandlerGetCurrentClass	24	static
LmHandler_mbwrapper.c:387:24:LmHandlerGetDevEUI	16	static
LmHandler_mbwrapper.c:423:24:LmHandlerSetDevEUI	16	static
LmHandler_mbwrapper.c:459:24:LmHandlerGetAppEUI	16	static
LmHandler_mbwrapper.c:495:24:LmHandlerSetAppEUI	16	static
LmHandler_mbwrapper.c:531:24:LmHandlerGetNwkKey	16	static
LmHandler_mbwrapper.c:567:24:LmHandlerSetNwkKey	16	static
LmHandler_mbwrapper.c:603:24:LmHandlerGetAppKey	16	static
LmHandler_mbwrapper.c:639:24:LmHandlerSetAppKey	24	static
LmHandler_mbwrapper.c:675:24:LmHandlerGetNwkSKey	16	static
LmHandler_mbwrapper.c:711:24:LmHandlerSetNwkSKey	16	static
LmHandler_mbwrapper.c:747:24:LmHandlerGetAppSKey	16	static
LmHandler_mbwrapper.c:783:24:LmHandlerSetAppSKey	16	static
LmHandler_mbwrapper.c:819:24:LmHandlerGetNetworkID	16	static
LmHandler_mbwrapper.c:852:24:LmHandlerSetNetworkID	16	static
LmHandler_mbwrapper.c:879:24:LmHandlerGetDevAddr	16	static
LmHandler_mbwrapper.c:915:24:LmHandlerSetDevAddr	16	static
LmHandler_mbwrapper.c:942:24:LmHandlerGetActiveRegion	24	static
LmHandler_mbwrapper.c:978:24:LmHandlerSetActiveRegion	24	static
LmHandler_mbwrapper.c:1008:24:LmHandlerGetAdrEnable	24	static
LmHandler_mbwrapper.c:1044:24:LmHandlerSetAdrEnable	16	static
LmHandler_mbwrapper.c:1071:24:LmHandlerGetTxDatarate	24	static
LmHandler_mbwrapper.c:1107:24:LmHandlerSetTxDatarate	16	static
LmHandler_mbwrapper.c:1134:24:LmHandlerGetDutyCycleEnable	24	static
LmHandler_mbwrapper.c:1170:24:LmHandlerSetDutyCycleEnable	16	static
LmHandler_mbwrapper.c:1197:24:LmHandlerGetRX2Params	16	static
LmHandler_mbwrapper.c:1233:24:LmHandlerGetTxPower	24	static
LmHandler_mbwrapper.c:1269:24:LmHandlerGetRx1Delay	16	static
LmHandler_mbwrapper.c:1305:24:LmHandlerGetRx2Delay	16	static
LmHandler_mbwrapper.c:1341:24:LmHandlerGetJoinRx1Delay	16	static
LmHandler_mbwrapper.c:1377:24:LmHandlerGetJoinRx2Delay	16	static
LmHandler_mbwrapper.c:1413:24:LmHandlerSetRX2Params	16	static
LmHandler_mbwrapper.c:1449:24:LmHandlerSetTxPower	16	static
LmHandler_mbwrapper.c:1476:24:LmHandlerSetRx1Delay	16	static
LmHandler_mbwrapper.c:1503:24:LmHandlerSetRx2Delay	16	static
LmHandler_mbwrapper.c:1530:24:LmHandlerSetJoinRx1Delay	16	static
LmHandler_mbwrapper.c:1557:24:LmHandlerSetJoinRx2Delay	16	static
LmHandler_mbwrapper.c:1584:24:LmHandlerGetPingPeriodicity	24	static
LmHandler_mbwrapper.c:1620:24:LmHandlerSetPingPeriodicity	16	static
LmHandler_mbwrapper.c:1647:24:LmHandlerGetBeaconState	24	static
LmHandler_mbwrapper.c:1683:24:LmHandlerLinkCheckReq	8	static
LmHandler_mbwrapper.c:1705:24:LmHandlerDeviceTimeReq	8	static
LmHandler_mbwrapper.c:1727:6:LoraInfo_Init	8	static
LmHandler_mbwrapper.c:1747:13:LoraInfo_GetPtr	8	static
LmHandler_mbwrapper.c:1761:6:Process_Lora_Notif	16	static
