mbmuxif_sys.c:528:13:MBMUXIF_IsrSystemPrioARespRcvCb	0	static
mbmuxif_sys.c:548:13:MBMUXIF_IsrSystemPrioBRespRcvCb	0	static
mbmuxif_sys.c:555:13:MBMUXIF_IsrSystemPrioBNotifRcvCb	0	static
mbmuxif_sys.c:517:13:MBMUXIF_TaskSystemNotifRcv	8	static
mbmuxif_sys.c:505:13:MBMUXIF_IsrSystemNotifRcvCb	8	static
mbmuxif_sys.c:488:13:MBMUXIF_IsrSystemRespRcvCb	8	static
mbmuxif_sys.c:292:6:MBMUXIF_SetCpusSynchroFlag	0	static
mbmuxif_sys.c:124:8:MBMUXIF_SystemInit	88	static
mbmuxif_sys.c:300:6:MBMUXIF_WaitCm0MbmuxIsInitialized	0	static
mbmuxif_sys.c:310:19:MBMUXIF_GetSystemFeatureCmdComPtr	8	static
mbmuxif_sys.c:323:6:MBMUXIF_SystemAllowSequencerForSysCmd	0	static
mbmuxif_sys.c:331:6:MBMUXIF_SystemSendCmd	8	static
mbmuxif_sys.c:369:6:MBMUXIF_SystemSendAck	8	static
mbmuxif_sys.c:535:13:MBMUXIF_IsrSystemPrioANotifRcvCb	8	static
mbmuxif_sys.c:388:19:MBMUXIF_SystemSendCm0plusInfoListReq	8	static
mbmuxif_sys.c:414:20:MBMUXIF_SystemGetFeatCapabInfoPtr	16	static
mbmuxif_sys.c:454:8:MBMUXIF_SystemSendCm0plusRegistrationCmd	16	static
mbmuxif_sys.c:241:8:MBMUXIF_SystemPrio_Add	16	static
