mbmux.c:330:16:MBMUX_CheckIfFeatureSupportedByCm0plus	32	static
mbmux.c:361:13:MBMUX_IsrResponseRcvCb	8	static
mbmux.c:376:13:MBMUX_IsrNotificationRcvCb	8	static
mbmux.c:391:16:MBMUX_FindChStillUnregistered	8	static
mbmux.c:451:16:MBMUX_GetFeatureChIdx	0	static
mbmux.c:462:13:MBMUX_IsrNotRegistered	8	static
mbmux.c:109:6:MBMUX_Init	8	static
mbmux.c:141:6:MBMUX_SetCm0plusFeatureListPtr	0	static
mbmux.c:152:8:MBMUX_RegisterFeature	24	static
mbmux.c:223:6:MBMUX_UnregisterFeature	16	static
mbmux.c:267:19:MBMUX_GetFeatureComPtr	8	static
mbmux.c:293:9:MBMUX_CommandSnd	8	static
mbmux.c:311:10:MBMUX_AcknowledgeSnd	8	static
