radio_mbwrapper.c:1393:16:RadioSetTxGenericConfig	32	static
radio_mbwrapper.c:1364:16:RadioSetRxGenericConfig	32	static
radio_mbwrapper.c:1239:13:RadioIrqProcess	8	static
radio_mbwrapper.c:1218:17:RadioGetWakeUpTime	8	static
radio_mbwrapper.c:971:13:RadioStartCad	8	static
radio_mbwrapper.c:925:13:RadioStandby	8	static
radio_mbwrapper.c:906:13:RadioSleep	8	static
radio_mbwrapper.c:700:17:RadioRandom	8	static
radio_mbwrapper.c:593:21:RadioGetStatus	8	static
radio_mbwrapper.c:1337:13:RadioTxCw	8	static
radio_mbwrapper.c:1313:13:RadioTxPrbs	8	static
radio_mbwrapper.c:1285:13:RadioSetRxDutyCycle	16	static
radio_mbwrapper.c:1258:13:RadioRxBoosted	8	static
radio_mbwrapper.c:1191:13:RadioSetPublicNetwork	8	static
radio_mbwrapper.c:1163:13:RadioSetMaxPayloadLength	16	static
radio_mbwrapper.c:1134:13:RadioReadRegisters	16	static
radio_mbwrapper.c:1105:13:RadioWriteRegisters	16	static
radio_mbwrapper.c:1076:16:RadioRead	16	static
radio_mbwrapper.c:1048:13:RadioWrite	16	static
radio_mbwrapper.c:1019:16:RadioRssi	16	static
radio_mbwrapper.c:990:13:RadioSetTxContinuousWave	16	static
radio_mbwrapper.c:944:13:RadioRx	8	static
radio_mbwrapper.c:878:13:RadioSend	16	static
radio_mbwrapper.c:839:17:RadioGetTimeOnAir	32	static
radio_mbwrapper.c:810:13:RadioCheckRfFrequency	16	static
radio_mbwrapper.c:767:13:RadioSetTxConfig	24	static
radio_mbwrapper.c:721:13:RadioSetRxConfig	24	static
radio_mbwrapper.c:668:13:RadioIsChannelFree	32	static
radio_mbwrapper.c:641:13:RadioSetChannel	8	static
radio_mbwrapper.c:614:13:RadioSetModem	8	static
radio_mbwrapper.c:556:13:RadioInit	8	static
radio_mbwrapper.c:467:6:Process_Radio_Notif	16	static
