sys_app.c:373:13:tiny_snprintf_like	16	static
sys_app.c:337:13:TimestampNow	32	static
sys_app.c:274:13:MBMUXIF_Init	8	static
sys_app.c:104:6:SystemApp_Init	8	static
sys_app.c:154:6:Process_Sys_Notif	8	static
sys_app.c:194:6:UTIL_SEQ_EvtIdle	8	static
sys_app.c:213:6:UTIL_SEQ_Idle	8	static
sys_app.c:224:9:GetBatteryLevel	16	static
sys_app.c:258:10:GetTemperatureLevel	8	static
sys_app.c:351:6:UTIL_ADV_TRACE_PreSendHook	8	static
sys_app.c:362:6:UTIL_ADV_TRACE_PostSendHook	8	static
sys_app.c:396:19:HAL_InitTick	0	static
sys_app.c:411:10:HAL_GetTick	8	static
sys_app.c:426:6:HAL_Delay	16	static
