timer_if.c:221:10:TIMER_IF_SetTimerContext	0	static
timer_if.c:235:10:TIMER_IF_GetTimerContext	0	static
timer_if.c:246:10:TIMER_IF_GetTimerElapsedTime	0	static
timer_if.c:259:10:TIMER_IF_GetTimerValue	0	static
timer_if.c:275:10:TIMER_IF_GetMinimumTimeout	0	static
timer_if.c:288:10:TIMER_IF_Convert_ms2Tick	8	static
timer_if.c:301:10:TIMER_IF_Convert_Tick2ms	4	static
timer_if.c:163:21:TIMER_IF_Init	8	static
timer_if.c:205:21:TIMER_IF_StopTimer	8	static
timer_if.c:177:21:TIMER_IF_StartTimer	56	static
timer_if.c:409:17:TIMER_IF_BkUp_Read_MSBticks	8	static
timer_if.c:332:10:TIMER_IF_GetTime	16	static
timer_if.c:378:10:TIMER_IF_BkUp_Read_Seconds	8	static
timer_if.c:391:10:TIMER_IF_BkUp_Read_SubSeconds	8	static
timer_if.c:356:6:TIMER_IF_BkUp_Write_Seconds	8	static
timer_if.c:367:6:TIMER_IF_BkUp_Write_SubSeconds	8	static
timer_if.c:314:6:TIMER_IF_DelayMs	8	static,ignoring_inline_asm
