mbmuxif_sys.c:319:13:MBMUXIF_IsrSystemPrioAAckRcvCb	0	static
mbmuxif_sys.c:326:13:MBMUXIF_IsrSystemPrioACmdRcvCb	0	static
mbmuxif_sys.c:333:13:MBMUXIF_IsrSystemPrioBAckRcvCb	0	static
mbmuxif_sys.c:340:13:MBMUXIF_IsrSystemPrioBCmdRcvCb	0	static
mbmuxif_sys.c:347:15:MBMUXIF_FeatureCm0plusRegistrationCmd	8	static
mbmuxif_sys.c:298:13:MBMUXIF_TaskSystemCmdRcv	8	static
mbmuxif_sys.c:267:13:MBMUXIF_IsrSystemCmdRcvCb	8	static
mbmuxif_sys.c:256:13:MBMUXIF_IsrSystemAckRcvCb	8	static
mbmuxif_sys.c:121:8:MBMUXIF_SystemInit	96	static
mbmuxif_sys.c:167:10:MBMUXIF_GetCpusSynchroFlag	0	static
mbmuxif_sys.c:175:19:MBMUXIF_GetSystemFeatureNotifComPtr	8	static
mbmuxif_sys.c:191:6:MBMUXIF_SystemSendNotif	8	static
mbmuxif_sys.c:209:6:MBMUXIF_SystemSendNotif_NoWait	8	static
mbmuxif_sys.c:223:6:MBMUXIF_SystemSendResp	8	static
mbmuxif_sys.c:242:9:MBMUXIF_ChipRevId	0	static
