mbmux.c:369:13:MBMUX_IsrCommandRcvCb	8	static
mbmux.c:384:13:MBMUX_IsrAcknowledgeRcvCb	8	static
mbmux.c:399:16:MBMUX_GetFeatureChIdx	0	static
mbmux.c:410:13:MBMUX_IsrNotRegistered	8	static
mbmux.c:278:18:MBMUX_SEC_VerifySramBuffer	8	static
mbmux.c:333:13:MBMUX_RetrieveSecureSramConfig	8	static
mbmux.c:136:8:MBMUX_RegisterFeatureCallback	16	static
mbmux.c:171:6:MBMUX_UnregisterFeature	16	static
mbmux.c:199:19:MBMUX_GetFeatureComPtr	8	static
mbmux.c:225:9:MBMUX_NotificationSnd	8	static
mbmux.c:243:10:MBMUX_ResponseSnd	8	static
mbmux.c:257:11:MBMUX_SEC_VerifySramBufferPtr	8	static
mbmux.c:111:6:MBMUX_Init	8	static
