vl53l0x_api.c:40:15:VL53L0X_GetVersion	0	static
vl53l0x_api.c:55:15:VL53L0X_GetPalSpecVersion	0	static
vl53l0x_api.c:71:15:VL53L0X_GetProductRevision	24	static
vl53l0x_api.c:89:15:VL53L0X_GetDeviceInfo	8	static
vl53l0x_api.c:101:15:VL53L0X_GetDeviceErrorStatus	16	static
vl53l0x_api.c:119:15:VL53L0X_GetDeviceErrorString	8	static
vl53l0x_api.c:132:15:VL53L0X_GetRangeStatusString	8	static
vl53l0x_api.c:145:15:VL53L0X_GetPalErrorString	8	static
vl53l0x_api.c:157:15:VL53L0X_GetPalStateString	8	static
vl53l0x_api.c:169:15:VL53L0X_GetPalState	0	static
vl53l0x_api.c:215:15:VL53L0X_GetPowerMode	16	static
vl53l0x_api.c:238:15:VL53L0X_SetOffsetCalibrationDataMicroMeter	8	static
vl53l0x_api.c:251:15:VL53L0X_GetOffsetCalibrationDataMicroMeter	8	static
vl53l0x_api.c:264:15:VL53L0X_SetLinearityCorrectiveGain	8	static
vl53l0x_api.c:287:15:VL53L0X_GetLinearityCorrectiveGain	0	static
vl53l0x_api.c:299:15:VL53L0X_SetGroupParamHold	0	static
vl53l0x_api.c:310:15:VL53L0X_GetUpperLimitMilliMeter	0	static
vl53l0x_api.c:322:15:VL53L0X_GetTotalSignalRate	56	static
vl53l0x_api.c:342:15:VL53L0X_SetDeviceAddress	8	static
vl53l0x_api.c:485:15:VL53L0X_SetTuningSettingBuffer	0	static
vl53l0x_api.c:512:15:VL53L0X_GetTuningSettingBuffer	0	static
vl53l0x_api.c:706:15:VL53L0X_WaitDeviceBooted	0	static
vl53l0x_api.c:717:15:VL53L0X_ResetDevice	16	static
vl53l0x_api.c:873:15:VL53L0X_SetDeviceMode	0	static
vl53l0x_api.c:897:15:VL53L0X_GetDeviceMode	0	static
vl53l0x_api.c:909:15:VL53L0X_SetRangeFractionEnable	16	static
vl53l0x_api.c:924:15:VL53L0X_GetFractionEnable	8	static
vl53l0x_api.c:938:15:VL53L0X_SetHistogramMode	0	static
vl53l0x_api.c:950:15:VL53L0X_GetHistogramMode	0	static
vl53l0x_api.c:962:15:VL53L0X_SetMeasurementTimingBudgetMicroSeconds	8	static
vl53l0x_api.c:976:15:VL53L0X_GetMeasurementTimingBudgetMicroSeconds	8	static
vl53l0x_api.c:989:15:VL53L0X_SetVcselPulsePeriod	8	static
vl53l0x_api.c:1002:15:VL53L0X_GetVcselPulsePeriod	8	static
vl53l0x_api.c:1015:15:VL53L0X_SetSequenceStepEnable	32	static
vl53l0x_api.c:1104:15:sequence_step_enabled	0	static
vl53l0x_api.c:1136:15:VL53L0X_GetSequenceStepEnable	24	static
vl53l0x_api.c:1155:15:VL53L0X_GetSequenceStepEnables	24	static
vl53l0x_api.c:1195:15:VL53L0X_GetNumberOfSequenceSteps	0	static
vl53l0x_api.c:1207:15:VL53L0X_GetSequenceStepsInfo	8	static
vl53l0x_api.c:1222:15:VL53L0X_SetSequenceStepTimeout	24	static
vl53l0x_api.c:1276:15:VL53L0X_GetSequenceStepTimeout	24	static
vl53l0x_api.c:1298:15:VL53L0X_SetInterMeasurementPeriodMilliSeconds	24	static
vl53l0x_api.c:1334:15:VL53L0X_GetInterMeasurementPeriodMilliSeconds	24	static
vl53l0x_api.c:1366:15:VL53L0X_SetXTalkCompensationEnable	16	static
vl53l0x_api.c:1404:15:VL53L0X_GetXTalkCompensationEnable	0	static
vl53l0x_api.c:1418:15:VL53L0X_SetXTalkCompensationRateMegaCps	16	static
vl53l0x_api.c:1456:15:VL53L0X_GetXTalkCompensationRateMegaCps	24	static
vl53l0x_api.c:1489:15:VL53L0X_SetRefCalibration	8	static
vl53l0x_api.c:1501:15:VL53L0X_GetRefCalibration	8	static
vl53l0x_api.c:1517:15:VL53L0X_GetNumberOfLimitCheck	0	static
vl53l0x_api.c:1528:15:VL53L0X_GetLimitCheckInfo	8	static
vl53l0x_api.c:1542:15:VL53L0X_GetLimitCheckStatus	0	static
vl53l0x_api.c:1565:15:VL53L0X_SetLimitCheckEnable	16	static
vl53l0x_api.c:1668:15:VL53L0X_GetLimitCheckEnable	0	static
vl53l0x_api.c:1689:15:VL53L0X_SetLimitCheckValue	16	static
vl53l0x_api.c:1766:15:VL53L0X_GetLimitCheckValue	32	static
vl53l0x_api.c:1857:15:VL53L0X_GetLimitCheckCurrent	48	static
vl53l0x_api.c:1931:15:VL53L0X_SetWrapAroundCheckEnable	24	static
vl53l0x_api.c:758:15:VL53L0X_SetDeviceParameters	24	static
vl53l0x_api.c:1963:15:VL53L0X_GetWrapAroundCheckEnable	24	static
vl53l0x_api.c:809:15:VL53L0X_GetDeviceParameters	24	static
vl53l0x_api.c:354:15:VL53L0X_DataInit	88	static
vl53l0x_api.c:1988:15:VL53L0X_SetDmaxCalParameters	8	static
vl53l0x_api.c:2022:15:VL53L0X_GetDmaxCalParameters	0	static
vl53l0x_api.c:2071:15:VL53L0X_PerformSingleHistogramMeasurement	0	static
vl53l0x_api.c:2083:15:VL53L0X_PerformRefCalibration	8	static
vl53l0x_api.c:2096:15:VL53L0X_PerformXTalkMeasurement	0	static
vl53l0x_api.c:2109:15:VL53L0X_PerformXTalkCalibration	8	static
vl53l0x_api.c:2123:15:VL53L0X_PerformOffsetCalibration	8	static
vl53l0x_api.c:2312:15:VL53L0X_WaitDeviceReadyForNewMeasurement	0	static
vl53l0x_api.c:2325:15:VL53L0X_GetRangingMeasurementData	80	static
vl53l0x_api.c:2480:15:VL53L0X_GetMeasurementRefSignal	0	static
vl53l0x_api.c:2493:15:VL53L0X_GetHistogramMeasurementData	0	static
vl53l0x_api.c:2531:15:VL53L0X_SetNumberOfROIZones	0	static
vl53l0x_api.c:2546:15:VL53L0X_GetNumberOfROIZones	0	static
vl53l0x_api.c:2559:15:VL53L0X_GetMaxNumberOfROIZones	0	static
vl53l0x_api.c:2669:15:VL53L0X_GetGpioConfig	32	static
vl53l0x_api.c:2740:15:VL53L0X_SetInterruptThresholds	16	static
vl53l0x_api.c:2764:15:VL53L0X_GetInterruptThresholds	24	static
vl53l0x_api.c:2136:15:VL53L0X_CheckAndLoadInterruptSettings	24	static
vl53l0x_api.c:2182:15:VL53L0X_StartMeasurement	24	static
vl53l0x_api.c:2040:15:VL53L0X_PerformSingleMeasurement	16	static
vl53l0x_api.c:2257:15:VL53L0X_StopMeasurement	8	static
vl53l0x_api.c:2790:15:VL53L0X_GetStopCompletedStatus	24	static
vl53l0x_api.c:2812:15:VL53L0X_ClearInterruptMask	24	static
vl53l0x_api.c:2503:15:VL53L0X_PerformSingleRangingMeasurement	16	static
vl53l0x_api.c:2574:15:VL53L0X_SetGpioConfig	16	static
vl53l0x_api.c:527:15:VL53L0X_StaticInit	112	static
vl53l0x_api.c:180:15:VL53L0X_SetPowerMode	8	static
vl53l0x_api.c:2841:15:VL53L0X_GetInterruptMaskStatus	16	static
vl53l0x_api.c:2277:15:VL53L0X_GetMeasurementDataReady	16	static
vl53l0x_api.c:2858:15:VL53L0X_EnableInterruptMask	0	static
vl53l0x_api.c:2873:15:VL53L0X_SetSpadAmbientDamperThreshold	16	static
vl53l0x_api.c:2887:15:VL53L0X_GetSpadAmbientDamperThreshold	16	static
vl53l0x_api.c:2901:15:VL53L0X_SetSpadAmbientDamperFactor	16	static
vl53l0x_api.c:2918:15:VL53L0X_GetSpadAmbientDamperFactor	24	static
vl53l0x_api.c:2940:15:VL53L0X_SetReferenceSpads	8	static
vl53l0x_api.c:2953:15:VL53L0X_GetReferenceSpads	8	static
vl53l0x_api.c:2966:15:VL53L0X_PerformRefSpadManagement	8	static
